Archive member included because of file (symbol)

c:/altera/12.1sp1/nios2eds/bin/gnu/h-i686-mingw32/bin/../lib/gcc/nios2-elf/4.1.2\libgcc.a(_mul_sf.o)
                              obj/default/framework_main.o (__mulsf3)
c:/altera/12.1sp1/nios2eds/bin/gnu/h-i686-mingw32/bin/../lib/gcc/nios2-elf/4.1.2\libgcc.a(_div_sf.o)
                              obj/default/framework_main.o (__divsf3)
c:/altera/12.1sp1/nios2eds/bin/gnu/h-i686-mingw32/bin/../lib/gcc/nios2-elf/4.1.2\libgcc.a(_si_to_sf.o)
                              obj/default/framework_main.o (__floatsisf)
c:/altera/12.1sp1/nios2eds/bin/gnu/h-i686-mingw32/bin/../lib/gcc/nios2-elf/4.1.2\libgcc.a(_sf_to_df.o)
                              obj/default/framework_main.o (__extendsfdf2)
c:/altera/12.1sp1/nios2eds/bin/gnu/h-i686-mingw32/bin/../lib/gcc/nios2-elf/4.1.2\libgcc.a(_thenan_sf.o)
                              c:/altera/12.1sp1/nios2eds/bin/gnu/h-i686-mingw32/bin/../lib/gcc/nios2-elf/4.1.2\libgcc.a(_mul_sf.o) (__thenan_sf)
c:/altera/12.1sp1/nios2eds/bin/gnu/h-i686-mingw32/bin/../lib/gcc/nios2-elf/4.1.2\libgcc.a(_usi_to_sf.o)
                              obj/default/framework_main.o (__floatunsisf)
c:/altera/12.1sp1/nios2eds/bin/gnu/h-i686-mingw32/bin/../lib/gcc/nios2-elf/4.1.2\libgcc.a(_addsub_df.o)
                              obj/default/framework_main.o (__adddf3)
c:/altera/12.1sp1/nios2eds/bin/gnu/h-i686-mingw32/bin/../lib/gcc/nios2-elf/4.1.2\libgcc.a(_si_to_df.o)
                              obj/default/framework_main.o (__floatsidf)
c:/altera/12.1sp1/nios2eds/bin/gnu/h-i686-mingw32/bin/../lib/gcc/nios2-elf/4.1.2\libgcc.a(_make_df.o)
                              c:/altera/12.1sp1/nios2eds/bin/gnu/h-i686-mingw32/bin/../lib/gcc/nios2-elf/4.1.2\libgcc.a(_sf_to_df.o) (__make_dp)
c:/altera/12.1sp1/nios2eds/bin/gnu/h-i686-mingw32/bin/../lib/gcc/nios2-elf/4.1.2\libgcc.a(_df_to_sf.o)
                              obj/default/framework_main.o (__truncdfsf2)
c:/altera/12.1sp1/nios2eds/bin/gnu/h-i686-mingw32/bin/../lib/gcc/nios2-elf/4.1.2\libgcc.a(_thenan_df.o)
                              c:/altera/12.1sp1/nios2eds/bin/gnu/h-i686-mingw32/bin/../lib/gcc/nios2-elf/4.1.2\libgcc.a(_addsub_df.o) (__thenan_df)
c:/altera/12.1sp1/nios2eds/bin/gnu/h-i686-mingw32/bin/../lib/gcc/nios2-elf/4.1.2\libgcc.a(lib2-divmod.o)
                              obj/default/framework_main.o (__divsi3)
c:/altera/12.1sp1/nios2eds/bin/gnu/h-i686-mingw32/bin/../lib/gcc/nios2-elf/4.1.2\libgcc.a(_muldi3.o)
                              c:/altera/12.1sp1/nios2eds/bin/gnu/h-i686-mingw32/bin/../lib/gcc/nios2-elf/4.1.2\libgcc.a(_mul_sf.o) (__muldi3)
c:/altera/12.1sp1/nios2eds/bin/gnu/h-i686-mingw32/bin/../lib/gcc/nios2-elf/4.1.2\libgcc.a(_clzsi2.o)
                              c:/altera/12.1sp1/nios2eds/bin/gnu/h-i686-mingw32/bin/../lib/gcc/nios2-elf/4.1.2\libgcc.a(_si_to_sf.o) (__clzsi2)
c:/altera/12.1sp1/nios2eds/bin/gnu/h-i686-mingw32/bin/../lib/gcc/nios2-elf/4.1.2\libgcc.a(_pack_sf.o)
                              c:/altera/12.1sp1/nios2eds/bin/gnu/h-i686-mingw32/bin/../lib/gcc/nios2-elf/4.1.2\libgcc.a(_mul_sf.o) (__pack_f)
c:/altera/12.1sp1/nios2eds/bin/gnu/h-i686-mingw32/bin/../lib/gcc/nios2-elf/4.1.2\libgcc.a(_unpack_sf.o)
                              c:/altera/12.1sp1/nios2eds/bin/gnu/h-i686-mingw32/bin/../lib/gcc/nios2-elf/4.1.2\libgcc.a(_mul_sf.o) (__unpack_f)
c:/altera/12.1sp1/nios2eds/bin/gnu/h-i686-mingw32/bin/../lib/gcc/nios2-elf/4.1.2\libgcc.a(_make_sf.o)
                              c:/altera/12.1sp1/nios2eds/bin/gnu/h-i686-mingw32/bin/../lib/gcc/nios2-elf/4.1.2\libgcc.a(_df_to_sf.o) (__make_fp)
c:/altera/12.1sp1/nios2eds/bin/gnu/h-i686-mingw32/bin/../lib/gcc/nios2-elf/4.1.2\libgcc.a(_pack_df.o)
                              c:/altera/12.1sp1/nios2eds/bin/gnu/h-i686-mingw32/bin/../lib/gcc/nios2-elf/4.1.2\libgcc.a(_addsub_df.o) (__pack_d)
c:/altera/12.1sp1/nios2eds/bin/gnu/h-i686-mingw32/bin/../lib/gcc/nios2-elf/4.1.2\libgcc.a(_unpack_df.o)
                              c:/altera/12.1sp1/nios2eds/bin/gnu/h-i686-mingw32/bin/../lib/gcc/nios2-elf/4.1.2\libgcc.a(_addsub_df.o) (__unpack_d)
c:/altera/12.1sp1/nios2eds/bin/gnu/h-i686-mingw32/bin/../lib/gcc/nios2-elf/4.1.2\libgcc.a(_clz.o)
                              c:/altera/12.1sp1/nios2eds/bin/gnu/h-i686-mingw32/bin/../lib/gcc/nios2-elf/4.1.2\libgcc.a(_clzsi2.o) (__clz_tab)
c:/altera/12.1sp1/nios2eds/bin/gnu/h-i686-mingw32/bin/../lib/gcc/nios2-elf/4.1.2/../../../../nios2-elf/lib\libc.a(lib_a-memset.o)
                              obj/default/framework_main.o (memset)
c:/altera/12.1sp1/nios2eds/bin/gnu/h-i686-mingw32/bin/../lib/gcc/nios2-elf/4.1.2/../../../../nios2-elf/lib\libc.a(lib_a-printf.o)
                              obj/default/framework_main.o (printf)
c:/altera/12.1sp1/nios2eds/bin/gnu/h-i686-mingw32/bin/../lib/gcc/nios2-elf/4.1.2/../../../../nios2-elf/lib\libc.a(lib_a-vfprintf.o)
[...]
Memory Configuration

Name             Origin             Length             Attributes
reset            0x00000000         0x00000020
sdram            0x00000020         0x010fffe0
epcs             0x02000000         0x00000800
manuer_queue     0x02004000         0x00000400
state_cmd_memory 0x02005000         0x00000400
*default*        0x00000000         0xffffffff

Linker script and memory map

LOAD ../Framework_bsp//obj/HAL/src/crt0.o
LOAD obj/default/framework_main.o
LOAD c:/altera/12.1sp1/nios2eds/bin/gnu/h-i686-mingw32/bin/../lib/gcc/nios2-elf/4.1.2/../../../../nios2-elf/lib\libstdc++.a
LOAD c:/altera/12.1sp1/nios2eds/bin/gnu/h-i686-mingw32/bin/../lib/gcc/nios2-elf/4.1.2/../../../../nios2-elf/lib\libm.a
LOAD c:/altera/12.1sp1/nios2eds/bin/gnu/h-i686-mingw32/bin/../lib/gcc/nios2-elf/4.1.2\libgcc.a
START GROUP
LOAD c:/altera/12.1sp1/nios2eds/bin/gnu/h-i686-mingw32/bin/../lib/gcc/nios2-elf/4.1.2/../../../../nios2-elf/lib\libc.a
LOAD c:/altera/12.1sp1/nios2eds/bin/gnu/h-i686-mingw32/bin/../lib/gcc/nios2-elf/4.1.2\libgcc.a
LOAD ../Framework_bsp/\libucosii_bsp.a
END GROUP
LOAD c:/altera/12.1sp1/nios2eds/bin/gnu/h-i686-mingw32/bin/../lib/gcc/nios2-elf/4.1.2\libgcc.a
                0x00000000                __alt_mem_sdram = 0x0
                0x02000000                __alt_mem_epcs = 0x2000000
                0x02004000                __alt_mem_manuer_queue = 0x2004000
                0x02005000                __alt_mem_state_cmd_memory = 0x2005000

.entry          0x00000000       0x20
 *(.entry)
 .entry         0x00000000       0x20 ../Framework_bsp//obj/HAL/src/crt0.o
                0x00000000                __reset

.exceptions     0x00000020      0x19c
                0x00000020                PROVIDE (__ram_exceptions_start, ABSOLUTE (.))
                0x00000020                . = ALIGN (0x20)
 *(.irq)
 *(.exceptions.entry.label)
 .exceptions.entry.label
                0x00000020        0x0 ../Framework_bsp/\libucosii_bsp.a(alt_irq_entry.o)
                0x00000020                alt_irq_entry
 .exceptions.entry.label
                0x00000020        0x0 ../Framework_bsp/\libucosii_bsp.a(alt_exception_entry.o)
                0x00000020                alt_exception
 *(.exceptions.entry.user)
 *(.exceptions.entry)
 .exceptions.entry
                0x00000020       0x54 ../Framework_bsp/\libucosii_bsp.a(alt_exception_entry.o)
 *(.exceptions.irqtest.user)
 *(.exceptions.irqtest)
 .exceptions.irqtest
                0x00000074       0x10 ../Framework_bsp/\libucosii_bsp.a(alt_irq_entry.o)
 *(.exceptions.irqhandler.user)
 *(.exceptions.irqhandler)
 .exceptions.irqhandler
                0x00000084        0x4 ../Framework_bsp/\libucosii_bsp.a(alt_irq_entry.o)
 *(.exceptions.irqreturn.user)
 *(.exceptions.irqreturn)
 .exceptions.irqreturn
                0x00000088        0x4 ../Framework_bsp/\libucosii_bsp.a(alt_irq_entry.o)
 *(.exceptions.notirq.label)
 .exceptions.notirq.label
                0x0000008c        0x0 ../Framework_bsp/\libucosii_bsp.a(alt_irq_entry.o)
 *(.exceptions.notirq.user)
 *(.exceptions.notirq)
 .exceptions.notirq
                0x0000008c        0x8 ../Framework_bsp/\libucosii_bsp.a(alt_exception_entry.o)
 *(.exceptions.soft.user)
 *(.exceptions.soft)
 *(.exceptions.unknown.user)
 *(.exceptions.unknown)
 .exceptions.unknown
                0x00000094        0x4 ../Framework_bsp/\libucosii_bsp.a(alt_exception_entry.o)
 *(.exceptions.exit.label)
 .exceptions.exit.label
                0x00000098        0x0 ../Framework_bsp/\libucosii_bsp.a(alt_irq_entry.o)
 .exceptions.exit.label
                0x00000098        0x0 ../Framework_bsp/\libucosii_bsp.a(alt_exception_entry.o)
 *(.exceptions.exit.user)
 *(.exceptions.exit)
 .exceptions.exit
                0x00000098       0x54 ../Framework_bsp/\libucosii_bsp.a(alt_exception_entry.o)
 *(.exceptions)
 .exceptions    0x000000ec       0xd0 ../Framework_bsp/\libucosii_bsp.a(alt_irq_handler.o)
                0x000000ec                alt_irq_handler
                0x000001bc                PROVIDE (__ram_exceptions_end, ABSOLUTE (.))
                0x00000020                PROVIDE (__flash_exceptions_start, LOADADDR (.exceptions))

.text           0x000001bc    0x17224
                0x000001bc                PROVIDE (stext, ABSOLUTE (.))
 *(.interp)
 *(.hash)
 *(.dynsym)
 *(.dynstr)
 *(.gnu.version)
 *(.gnu.version_d)
 *(.gnu.version_r)
 *(.rel.init)
 *(.rela.init)
 *(.rel.text .rel.text.* .rel.gnu.linkonce.t.*)
 *(.rela.text .rela.text.* .rela.gnu.linkonce.t.*)
 *(.rel.fini)
 *(.rela.fini)
 *(.rel.rodata .rel.rodata.* .rel.gnu.linkonce.r.*)
 *(.rela.rodata .rela.rodata.* .rela.gnu.linkonce.r.*)
 *(.rel.data .rel.data.* .rel.gnu.linkonce.d.*)
 *(.rela.data .rela.data.* .rela.gnu.linkonce.d.*)
 *(.rel.tdata .rel.tdata.* .rel.gnu.linkonce.td.*)
 *(.rela.tdata .rela.tdata.* .rela.gnu.linkonce.td.*)
 *(.rel.tbss .rel.tbss.* .rel.gnu.linkonce.tb.*)
 *(.rela.tbss .rela.tbss.* .rela.gnu.linkonce.tb.*)
 *(.rel.ctors)
 *(.rela.ctors)
 *(.rel.dtors)
 *(.rela.dtors)
 *(.rel.got)
 *(.rela.got)
 *(.rel.sdata .rel.sdata.* .rel.gnu.linkonce.s.*)
 *(.rela.sdata .rela.sdata.* .rela.gnu.linkonce.s.*)
 *(.rel.sbss .rel.sbss.* .rel.gnu.linkonce.sb.*)
 *(.rela.sbss .rela.sbss.* .rela.gnu.linkonce.sb.*)
 *(.rel.sdata2 .rel.sdata2.* .rel.gnu.linkonce.s2.*)
 *(.rela.sdata2 .rela.sdata2.* .rela.gnu.linkonce.s2.*)
 *(.rel.sbss2 .rel.sbss2.* .rel.gnu.linkonce.sb2.*)
 *(.rela.sbss2 .rela.sbss2.* .rela.gnu.linkonce.sb2.*)
 *(.rel.bss .rel.bss.* .rel.gnu.linkonce.b.*)
 *(.rela.bss .rela.bss.* .rela.gnu.linkonce.b.*)
 *(.rel.plt)
 *(.rela.plt)
 *(.rel.dyn)
 *(.init)
 *(.plt)
 *(.text .stub .text.* .gnu.linkonce.t.*)
 .text          0x000001bc       0x4c ../Framework_bsp//obj/HAL/src/crt0.o
                0x000001bc                _start
 .text          0x00000208      0x744 obj/default/framework_main.o
                0x00000208                init
                0x000002c4                I2CWrite
                0x00000328                I2CRead
                0x000003d4                MeasureDistance
                0x0000044c                delay
                0x00000488                getData
                0x00000760                main
 .text          0x0000094c      0x1e0 c:/altera/12.1sp1/nios2eds/bin/gnu/h-i686-mingw32/bin/../lib/gcc/nios2-elf/4.1.2\libgcc.a(_mul_sf.o)
                0x0000094c                __mulsf3
 .text          0x00000b2c      0x174 c:/altera/12.1sp1/nios2eds/bin/gnu/h-i686-mingw32/bin/../lib/gcc/nios2-elf/4.1.2\libgcc.a(_div_sf.o)
                0x00000b2c                __divsf3
 .text          0x00000ca0       0x98 c:/altera/12.1sp1/nios2eds/bin/gnu/h-i686-mingw32/bin/../lib/gcc/nios2-elf/4.1.2\libgcc.a(_si_to_sf.o)
                0x00000ca0                __floatsisf
 .text          0x00000d38       0x54 c:/altera/12.1sp1/nios2eds/bin/gnu/h-i686-mingw32/bin/../lib/gcc/nios2-elf/4.1.2\libgcc.a(_sf_to_df.o)
                0x00000d38                __extendsfdf2
 .text          0x00000d8c        0x0 c:/altera/12.1sp1/nios2eds/bin/gnu/h-i686-mingw32/bin/../lib/gcc/nios2-elf/4.1.2\libgcc.a(_thenan_sf.o)
 .text          0x00000d8c       0xc0 c:/altera/12.1sp1/nios2eds/bin/gnu/h-i686-mingw32/bin/../lib/gcc/nios2-elf/4.1.2\libgcc.a(_usi_to_sf.o)
                0x00000d8c                __floatunsisf
 .text          0x00000e4c      0x504 c:/altera/12.1sp1/nios2eds/bin/gnu/h-i686-mingw32/bin/../lib/gcc/nios2-elf/4.1.2\libgcc.a(_addsub_df.o)
                0x0000125c                __subdf3
                0x000012dc                __adddf3
 .text          0x00001350       0xf8 c:/altera/12.1sp1/nios2eds/bin/gnu/h-i686-mingw32/bin/../lib/gcc/nios2-elf/4.1.2\libgcc.a(_si_to_df.o)
                0x00001350                __floatsidf
 .text          0x00001448       0x38 c:/altera/12.1sp1/nios2eds/bin/gnu/h-i686-mingw32/bin/../lib/gcc/nios2-elf/4.1.2\libgcc.a(_make_df.o)
                0x00001448                __make_dp
 .text          0x00001480       0x74 c:/altera/12.1sp1/nios2eds/bin/gnu/h-i686-mingw32/bin/../lib/gcc/nios2-elf/4.1.2\libgcc.a(_df_to_sf.o)
                0x00001480                __truncdfsf2
 .text          0x000014f4        0x0 c:/altera/12.1sp1/nios2eds/bin/gnu/h-i686-mingw32/bin/../lib/gcc/nios2-elf/4.1.2\libgcc.a(_thenan_df.o)
 .text          0x000014f4      0x14c c:/altera/12.1sp1/nios2eds/bin/gnu/h-i686-mingw32/bin/../lib/gcc/nios2-elf/4.1.2\libgcc.a(lib2-divmod.o)
                0x00001570                __divsi3
                0x000015d0                __modsi3
                0x00001630                __udivsi3
                0x00001638                __umodsi3
 .text          0x00001640       0x98 c:/altera/12.1sp1/nios2eds/bin/gnu/h-i686-mingw32/bin/../lib/gcc/nios2-elf/4.1.2\libgcc.a(_muldi3.o)
                0x00001640                __muldi3
 .text          0x000016d8       0x80 c:/altera/12.1sp1/nios2eds/bin/gnu/h-i686-mingw32/bin/../lib/gcc/nios2-elf/4.1.2\libgcc.a(_clzsi2.o)
                0x000016d8                __clzsi2
 .text          0x00001758      0x160 c:/altera/12.1sp1/nios2eds/bin/gnu/h-i686-mingw32/bin/../lib/gcc/nios2-elf/4.1.2\libgcc.a(_pack_sf.o)
                0x00001758                __pack_f
 .text          0x000018b8       0xc8 c:/altera/12.1sp1/nios2eds/bin/gnu/h-i686-mingw32/bin/../lib/gcc/nios2-elf/4.1.2\libgcc.a(_unpack_sf.o)
                0x000018b8                __unpack_f
 .text          0x00001980       0x2c c:/altera/12.1sp1/nios2eds/bin/gnu/h-i686-mingw32/bin/../lib/gcc/nios2-elf/4.1.2\libgcc.a(_make_sf.o)
                0x00001980                __make_fp
 .text          0x000019ac      0x314 c:/altera/12.1sp1/nios2eds/bin/gnu/h-i686-mingw32/bin/../lib/gcc/nios2-elf/4.1.2\libgcc.a(_pack_df.o)
                0x000019ac                __pack_d
 .text          0x00001cc0      0x138 c:/altera/12.1sp1/nios2eds/bin/gnu/h-i686-mingw32/bin/../lib/gcc/nios2-elf/4.1.2\libgcc.a(_unpack_df.o)
                0x00001cc0                __unpack_d
 .text          0x00001df8        0x0 c:/altera/12.1sp1/nios2eds/bin/gnu/h-i686-mingw32/bin/../lib/gcc/nios2-elf/4.1.2\libgcc.a(_clz.o)
 .text          0x00001df8       0x98 c:/altera/12.1sp1/nios2eds/bin/gnu/h-i686-mingw32/bin/../lib/gcc/nios2-elf/4.1.2/../../../../nios2-elf/lib\libc.a(lib_a-memset.o)
                0x00001df8                memset
 .text          0x00001e90       0x78 c:/altera/12.1sp1/nios2eds/bin/gnu/h-i686-mingw32/bin/../lib/gcc/nios2-elf/4.1.2/../../../../nios2-elf/lib\libc.a(lib_a-printf.o)
                0x00001e90                printf
                0x00001ed4                _printf_r
 .text          0x00001f08     0x1f28 c:/altera/12.1sp1/nios2eds/bin/gnu/h-i686-mingw32/bin/../lib/gcc/nios2-elf/4.1.2/../../../../nios2-elf/lib\libc.a(lib_a-vfprintf.o)
                0x00001f60                ___vfprintf_internal_r
                0x00003e0c                __vfprintf_internal
 .text          0x00003e30      0x13c c:/altera/12.1sp1/nios2eds/bin/gnu/h-i686-mingw32/bin/../lib/gcc/nios2-elf/4.1.2/../../../../nios2-elf/lib\libc.a(lib_a-wsetup.o)
                0x00003e30                __swsetup_r
 .text          0x00003f6c     0x17cc c:/altera/12.1sp1/nios2eds/bin/gnu/h-i686-mingw32/bin/../lib/gcc/nios2-elf/4.1.2/../../../../nios2-elf/lib\libc.a(lib_a-dtoa.o)
                0x00004184                _dtoa_r
 .text          0x00005738      0x230 c:/altera/12.1sp1/nios2eds/bin/gnu/h-i686-mingw32/bin/../lib/gcc/nios2-elf/4.1.2/../../../../nios2-elf/lib\libc.a(lib_a-fflush.o)
                0x00005738                _fflush_r
                0x00005934                fflush
 .text          0x00005968      0x2c0 c:/altera/12.1sp1/nios2eds/bin/gnu/h-i686-mingw32/bin/../lib/gcc/nios2-elf/4.1.2/../../../../nios2-elf/lib\libc.a(lib_a-findfp.o)
                0x000059c0                __sfp_lock_acquire
                0x000059c4                __sfp_lock_release
                0x000059c8                __sinit_lock_acquire
                0x000059cc                __sinit_lock_release
                0x000059d0                __sinit
                0x00005a84                __fp_unlock_all
                0x00005a9c                __fp_lock_all
                0x00005ab4                _cleanup_r
                0x00005ac0                _cleanup
                0x00005ad0                __sfmoreglue
                0x00005b38                __sfp
 .text          0x00005c28      0x440 c:/altera/12.1sp1/nios2eds/bin/gnu/h-i686-mingw32/bin/../lib/gcc/nios2-elf/4.1.2/../../../../nios2-elf/lib\libc.a(lib_a-freer.o)
                0x00005c28                _malloc_trim_r
                0x00005d54                _free_r
 .text          0x00006068      0x49c c:/altera/12.1sp1/nios2eds/bin/gnu/h-i686-mingw32/bin/../lib/gcc/nios2-elf/4.1.2/../../../../nios2-elf/lib\libc.a(lib_a-fvwrite.o)
                0x00006068                __sfvwrite_r
 .text          0x00006504      0x180 c:/altera/12.1sp1/nios2eds/bin/gnu/h-i686-mingw32/bin/../lib/gcc/nios2-elf/4.1.2/../../../../nios2-elf/lib\libc.a(lib_a-fwalk.o)
                0x00006504                _fwalk_reent
                0x000065cc                _fwalk
 .text          0x00006684        0x0 c:/altera/12.1sp1/nios2eds/bin/gnu/h-i686-mingw32/bin/../lib/gcc/nios2-elf/4.1.2/../../../../nios2-elf/lib\libc.a(lib_a-impure.o)
 .text          0x00006684       0xc4 c:/altera/12.1sp1/nios2eds/bin/gnu/h-i686-mingw32/bin/../lib/gcc/nios2-elf/4.1.2/../../../../nios2-elf/lib\libc.a(lib_a-locale.o)
                0x00006684                __locale_charset
                0x0000668c                _localeconv_r
                0x00006698                localeconv
                0x000066a8                _setlocale_r
                0x0000672c                setlocale
 .text          0x00006748      0x194 c:/altera/12.1sp1/nios2eds/bin/gnu/h-i686-mingw32/bin/../lib/gcc/nios2-elf/4.1.2/../../../../nios2-elf/lib\libc.a(lib_a-makebuf.o)
                0x00006748                __smakebuf_r
 .text          0x000068dc      0x740 c:/altera/12.1sp1/nios2eds/bin/gnu/h-i686-mingw32/bin/../lib/gcc/nios2-elf/4.1.2/../../../../nios2-elf/lib\libc.a(lib_a-mallocr.o)
                0x000068dc                _malloc_r
 .text          0x0000701c       0xe4 c:/altera/12.1sp1/nios2eds/bin/gnu/h-i686-mingw32/bin/../lib/gcc/nios2-elf/4.1.2/../../../../nios2-elf/lib\libc.a(lib_a-memchr.o)
                0x0000701c                memchr
 .text          0x00007100       0xa0 c:/altera/12.1sp1/nios2eds/bin/gnu/h-i686-mingw32/bin/../lib/gcc/nios2-elf/4.1.2/../../../../nios2-elf/lib\libc.a(lib_a-memcpy.o)
                0x00007100                memcpy
 .text          0x000071a0       0xe0 c:/altera/12.1sp1/nios2eds/bin/gnu/h-i686-mingw32/bin/../lib/gcc/nios2-elf/4.1.2/../../../../nios2-elf/lib\libc.a(lib_a-memmove.o)
                0x000071a0                memmove
 .text          0x00007280      0xff4 c:/altera/12.1sp1/nios2eds/bin/gnu/h-i686-mingw32/bin/../lib/gcc/nios2-elf/4.1.2/../../../../nios2-elf/lib\libc.a(lib_a-mprec.o)
                0x00007280                _Bfree
                0x000072a8                __hi0bits
                0x00007318                __lo0bits
                0x000073dc                __mcmp
                0x0000743c                __ulp
                0x000074bc                __b2d
                0x000075dc                __ratio
                0x0000768c                _mprec_log10
                0x00007720                __copybits
                0x00007778                __any_on
                0x00007800                _Balloc
                0x000078bc                __d2b
                0x00007a38                __mdiff
                0x00007bc4                __lshift
                0x00007d10                __multiply
                0x00007ef8                __i2b
                0x00007f34                __multadd
                0x00008034                __pow5mult
                0x00008154                __s2b
 .text          0x00008274      0x5f4 c:/altera/12.1sp1/nios2eds/bin/gnu/h-i686-mingw32/bin/../lib/gcc/nios2-elf/4.1.2/../../../../nios2-elf/lib\libc.a(lib_a-reallocr.o)
                0x00008274                _realloc_r
 .text          0x00008868       0x40 c:/altera/12.1sp1/nios2eds/bin/gnu/h-i686-mingw32/bin/../lib/gcc/nios2-elf/4.1.2/../../../../nios2-elf/lib\libc.a(lib_a-s_isinfd.o)
                0x00008868                __isinfd
 .text          0x000088a8       0x30 c:/altera/12.1sp1/nios2eds/bin/gnu/h-i686-mingw32/bin/../lib/gcc/nios2-elf/4.1.2/../../../../nios2-elf/lib\libc.a(lib_a-s_isnand.o)
                0x000088a8                __isnand
 .text          0x000088d8       0x70 c:/altera/12.1sp1/nios2eds/bin/gnu/h-i686-mingw32/bin/../lib/gcc/nios2-elf/4.1.2/../../../../nios2-elf/lib\libc.a(lib_a-sbrkr.o)
                0x000088d8                _sbrk_r
 .text          0x00008948      0x14c c:/altera/12.1sp1/nios2eds/bin/gnu/h-i686-mingw32/bin/../lib/gcc/nios2-elf/4.1.2/../../../../nios2-elf/lib\libc.a(lib_a-stdio.o)
                0x00008948                __sclose
                0x00008950                __sseek
                0x000089b8                __swrite
                0x00008a34                __sread
 .text          0x00008a94       0xbc c:/altera/12.1sp1/nios2eds/bin/gnu/h-i686-mingw32/bin/../lib/gcc/nios2-elf/4.1.2/../../../../nios2-elf/lib\libc.a(lib_a-strcmp.o)
                0x00008a94                strcmp
 .text          0x00008b50       0x74 c:/altera/12.1sp1/nios2eds/bin/gnu/h-i686-mingw32/bin/../lib/gcc/nios2-elf/4.1.2/../../../../nios2-elf/lib\libc.a(lib_a-strlen.o)
                0x00008b50                strlen
 .text          0x00008bc4       0x78 c:/altera/12.1sp1/nios2eds/bin/gnu/h-i686-mingw32/bin/../lib/gcc/nios2-elf/4.1.2/../../../../nios2-elf/lib\libc.a(lib_a-writer.o)
                0x00008bc4                _write_r
 .text          0x00008c3c       0xb4 c:/altera/12.1sp1/nios2eds/bin/gnu/h-i686-mingw32/bin/../lib/gcc/nios2-elf/4.1.2/../../../../nios2-elf/lib\libc.a(lib_a-callocr.o)
                0x00008c3c                _calloc_r
 .text          0x00008cf0       0x70 c:/altera/12.1sp1/nios2eds/bin/gnu/h-i686-mingw32/bin/../lib/gcc/nios2-elf/4.1.2/../../../../nios2-elf/lib\libc.a(lib_a-closer.o)
                0x00008cf0                _close_r
 .text          0x00008d60      0x124 c:/altera/12.1sp1/nios2eds/bin/gnu/h-i686-mingw32/bin/../lib/gcc/nios2-elf/4.1.2/../../../../nios2-elf/lib\libc.a(lib_a-fclose.o)
                0x00008d60                _fclose_r
                0x00008e70                fclose
 .text          0x00008e84       0x74 c:/altera/12.1sp1/nios2eds/bin/gnu/h-i686-mingw32/bin/../lib/gcc/nios2-elf/4.1.2/../../../../nios2-elf/lib\libc.a(lib_a-fstatr.o)
                0x00008e84                _fstat_r
 .text          0x00008ef8        0x0 c:/altera/12.1sp1/nios2eds/bin/gnu/h-i686-mingw32/bin/../lib/gcc/nios2-elf/4.1.2/../../../../nios2-elf/lib\libc.a(lib_a-int_errno.o)
 .text          0x00008ef8       0x70 c:/altera/12.1sp1/nios2eds/bin/gnu/h-i686-mingw32/bin/../lib/gcc/nios2-elf/4.1.2/../../../../nios2-elf/lib\libc.a(lib_a-isattyr.o)
                0x00008ef8                _isatty_r
 .text          0x00008f68       0x78 c:/altera/12.1sp1/nios2eds/bin/gnu/h-i686-mingw32/bin/../lib/gcc/nios2-elf/4.1.2/../../../../nios2-elf/lib\libc.a(lib_a-lseekr.o)
                0x00008f68                _lseek_r
 .text          0x00008fe0       0x78 c:/altera/12.1sp1/nios2eds/bin/gnu/h-i686-mingw32/bin/../lib/gcc/nios2-elf/4.1.2/../../../../nios2-elf/lib\libc.a(lib_a-readr.o)
                0x00008fe0                _read_r
 .text          0x00009058      0x5dc c:/altera/12.1sp1/nios2eds/bin/gnu/h-i686-mingw32/bin/../lib/gcc/nios2-elf/4.1.2\libgcc.a(_udivdi3.o)
                0x00009058                __udivdi3
 .text          0x00009634      0x5b0 c:/altera/12.1sp1/nios2eds/bin/gnu/h-i686-mingw32/bin/../lib/gcc/nios2-elf/4.1.2\libgcc.a(_umoddi3.o)
                0x00009634                __umoddi3
 .text          0x00009be4      0x3c4 c:/altera/12.1sp1/nios2eds/bin/gnu/h-i686-mingw32/bin/../lib/gcc/nios2-elf/4.1.2\libgcc.a(_mul_df.o)
                0x00009be4                __muldf3
 .text          0x00009fa8      0x258 c:/altera/12.1sp1/nios2eds/bin/gnu/h-i686-mingw32/bin/../lib/gcc/nios2-elf/4.1.2\libgcc.a(_div_df.o)
                0x00009fa8                __divdf3
 .text          0x0000a200       0x88 c:/altera/12.1sp1/nios2eds/bin/gnu/h-i686-mingw32/bin/../lib/gcc/nios2-elf/4.1.2\libgcc.a(_eq_df.o)
                0x0000a200                __eqdf2
 .text          0x0000a288       0x88 c:/altera/12.1sp1/nios2eds/bin/gnu/h-i686-mingw32/bin/../lib/gcc/nios2-elf/4.1.2\libgcc.a(_ne_df.o)
                0x0000a288                __nedf2
 .text          0x0000a310       0x88 c:/altera/12.1sp1/nios2eds/bin/gnu/h-i686-mingw32/bin/../lib/gcc/nios2-elf/4.1.2\libgcc.a(_gt_df.o)
                0x0000a310                __gtdf2
 .text          0x0000a398       0x88 c:/altera/12.1sp1/nios2eds/bin/gnu/h-i686-mingw32/bin/../lib/gcc/nios2-elf/4.1.2\libgcc.a(_ge_df.o)
                0x0000a398                __gedf2
 .text          0x0000a420       0x88 c:/altera/12.1sp1/nios2eds/bin/gnu/h-i686-mingw32/bin/../lib/gcc/nios2-elf/4.1.2\libgcc.a(_lt_df.o)
                0x0000a420                __ltdf2
 .text          0x0000a4a8       0xd8 c:/altera/12.1sp1/nios2eds/bin/gnu/h-i686-mingw32/bin/../lib/gcc/nios2-elf/4.1.2\libgcc.a(_df_to_si.o)
                0x0000a4a8                __fixdfsi
 .text          0x0000a580      0x194 c:/altera/12.1sp1/nios2eds/bin/gnu/h-i686-mingw32/bin/../lib/gcc/nios2-elf/4.1.2\libgcc.a(_usi_to_df.o)
                0x0000a580                __floatunsidf
 .text          0x0000a714       0xc8 c:/altera/12.1sp1/nios2eds/bin/gnu/h-i686-mingw32/bin/../lib/gcc/nios2-elf/4.1.2\libgcc.a(_fpcmp_parts_df.o)
                0x0000a714                __fpcmp_parts_d
 .text          0x0000a7dc      0x15c ../Framework_bsp/\libucosii_bsp.a(alt_close.o)
                0x0000a7dc                close
 .text          0x0000a938       0x2c ../Framework_bsp/\libucosii_bsp.a(alt_dev.o)
 .text          0x0000a964        0x0 ../Framework_bsp/\libucosii_bsp.a(alt_errno.o)
 .text          0x0000a964      0x134 ../Framework_bsp/\libucosii_bsp.a(alt_fstat.o)
                0x0000a964                fstat
 .text          0x0000aa98      0x120 ../Framework_bsp/\libucosii_bsp.a(alt_isatty.o)
                0x0000aa98                isatty
 .text          0x0000abb8       0xec ../Framework_bsp/\libucosii_bsp.a(alt_load.o)
                0x0000abb8                alt_load
 .text          0x0000aca4      0x150 ../Framework_bsp/\libucosii_bsp.a(alt_lseek.o)
                0x0000aca4                lseek
 .text          0x0000adf4       0xc8 ../Framework_bsp/\libucosii_bsp.a(alt_main.o)
                0x0000adf4                alt_main
 .text          0x0000aebc      0x180 ../Framework_bsp/\libucosii_bsp.a(alt_read.o)
                0x0000aebc                read
 .text          0x0000b03c       0x60 ../Framework_bsp/\libucosii_bsp.a(alt_release_fd.o)
                0x0000b03c                alt_release_fd
 .text          0x0000b09c       0xbc ../Framework_bsp/\libucosii_bsp.a(alt_sbrk.o)
                0x0000b09c                sbrk
 .text          0x0000b158      0x180 ../Framework_bsp/\libucosii_bsp.a(alt_write.o)
                0x0000b158                write
 .text          0x0000b2d8      0x108 ../Framework_bsp/\libucosii_bsp.a(alt_env_lock.o)
                0x0000b2d8                __env_lock
                0x0000b384                __env_unlock
 .text          0x0000b3e0      0x1d8 ../Framework_bsp/\libucosii_bsp.a(alt_malloc_lock.o)
                0x0000b3e0                __malloc_lock
                0x0000b4e8                __malloc_unlock
 .text          0x0000b5b8     0x2128 ../Framework_bsp/\libucosii_bsp.a(os_core.o)
                0x0000b5b8                OSEventNameGet
                0x0000b6e8                OSEventNameSet
                0x0000b82c                OSEventPendMulti
                0x0000bee0                OSInit
                0x0000bf34                OSIntEnter
                0x0000bfb0                OSIntExit
                0x0000c0b0                OSSchedLock
                0x0000c13c                OSSchedUnlock
                0x0000c220                OSStart
                0x0000c290                OSStatInit
                0x0000c33c                OSTimeTick
                0x0000c57c                OSVersion
                0x0000c59c                OS_Dummy
                0x0000c5b8                OS_EventTaskRdy
                0x0000c74c                OS_EventTaskWait
                0x0000c85c                OS_EventTaskWaitMulti
                0x0000c9b0                OS_EventTaskRemove
                0x0000ca68                OS_EventTaskRemoveMulti
                0x0000cb6c                OS_EventWaitListInit
                0x0000cf38                OS_MemClr
                0x0000cf8c                OS_MemCopy
                0x0000cff8                OS_Sched
                0x0000d13c                OS_StrCopy
                0x0000d1bc                OS_StrLen
                0x0000d214                OS_TaskIdle
                0x0000d270                OS_TaskStat
                0x0000d338                OS_TaskStatStkChk
                0x0000d400                OS_TCBInit
 .text          0x0000d6e0      0x18c ../Framework_bsp/\libucosii_bsp.a(os_dbg.o)
                0x0000d6e0                OSDebugInit
 .text          0x0000d86c     0x193c ../Framework_bsp/\libucosii_bsp.a(os_flag.o)
                0x0000d86c                OSFlagAccept
                0x0000dba0                OSFlagCreate
                0x0000dcdc                OSFlagDel
                0x0000df84                OSFlagNameGet
                0x0000e0c8                OSFlagNameSet
                0x0000e21c                OSFlagPend
                0x0000e860                OSFlagPendGetFlagsRdy
                0x0000e8c8                OSFlagPost
                0x0000ec70                OSFlagQuery
                0x0000ef08                OS_FlagInit
                0x0000f0fc                OS_FlagUnlink
 .text          0x0000f1a8      0x808 ../Framework_bsp/\libucosii_bsp.a(os_mem.o)
                0x0000f1a8                OSMemCreate
                0x0000f3c4                OSMemGet
                0x0000f4c8                OSMemNameGet
                0x0000f5d4                OSMemNameSet
                0x0000f6f4                OSMemPut
                0x0000f7e4                OSMemQuery
                0x0000f8e0                OS_MemInit
 .text          0x0000f9b0     0x1334 ../Framework_bsp/\libucosii_bsp.a(os_q.o)
                0x0000f9b0                OSQAccept
                0x0000fb04                OSQCreate
                0x0000fd18                OSQDel
                0x00010018                OSQFlush
                0x000100e0                OSQPend
                0x00010400                OSQPendAbort
                0x0001057c                OSQPost
                0x000106fc                OSQPostFront
                0x00010884                OSQPostOpt
                0x00010ab8                OSQQuery
                0x00010c38                OS_QInit
 .text          0x00010ce4      0xbc8 ../Framework_bsp/\libucosii_bsp.a(os_sem.o)
                0x00010ce4                OSSemAccept
                0x00010da4                OSSemCreate
                0x00010eb8                OSSemDel
                0x00011158                OSSemPend
                0x000113d4                OSSemPendAbort
                0x00011550                OSSemPost
                0x00011678                OSSemQuery
                0x000117a8                OSSemSet
 .text          0x000118ac     0x1a40 ../Framework_bsp/\libucosii_bsp.a(os_task.o)
                0x000118ac                OSTaskChangePrio
                0x00011e20                OSTaskCreate
                0x00011ff4                OSTaskCreateExt
                0x000121f4                OSTaskDel
                0x00012600                OSTaskDelReq
                0x00012770                OSTaskNameGet
                0x00012928                OSTaskNameSet
                0x00012aec                OSTaskResume
                0x00012d04                OSTaskStkChk
                0x00012f00                OSTaskSuspend
                0x0001312c                OSTaskQuery
                0x00013270                OS_TaskStkClr
 .text          0x000132ec      0x598 ../Framework_bsp/\libucosii_bsp.a(os_time.o)
                0x000132ec                OSTimeDly
                0x00013438                OSTimeDlyHMSM
                0x000135ac                OSTimeDlyResume
                0x000137bc                OSTimeGet
                0x00013820                OSTimeSet
 .text          0x00013884       0xd0 ../Framework_bsp/\libucosii_bsp.a(alt_sys_init.o)
                0x00013884                alt_irq_init
                0x000138b8                alt_sys_init
 .text          0x00013954      0x9e4 ../Framework_bsp/\libucosii_bsp.a(altera_avalon_epcs_flash_controller.o)
                0x00013954                alt_epcs_flash_init
                0x00013d70                alt_epcs_flash_write
                0x00013ff0                alt_epcs_flash_get_info
                0x00014080                alt_epcs_flash_erase_block
                0x00014184                alt_epcs_flash_write_block
                0x000142a0                alt_epcs_flash_read
 .text          0x00014338      0x148 ../Framework_bsp/\libucosii_bsp.a(altera_avalon_jtag_uart_fd.o)
                0x00014338                altera_avalon_jtag_uart_read_fd
                0x00014390                altera_avalon_jtag_uart_write_fd
                0x000143e8                altera_avalon_jtag_uart_close_fd
                0x00014430                altera_avalon_jtag_uart_ioctl_fd
 .text          0x00014480      0x584 ../Framework_bsp/\libucosii_bsp.a(altera_avalon_jtag_uart_init.o)
                0x00014480                altera_avalon_jtag_uart_init
                0x00014990                altera_avalon_jtag_uart_close
 .text          0x00014a04       0xf4 ../Framework_bsp/\libucosii_bsp.a(altera_avalon_jtag_uart_ioctl.o)
                0x00014a04                altera_avalon_jtag_uart_ioctl
 .text          0x00014af8      0x2c0 ../Framework_bsp/\libucosii_bsp.a(altera_avalon_jtag_uart_read.o)
                0x00014af8                altera_avalon_jtag_uart_read
 .text          0x00014db8      0x2dc ../Framework_bsp/\libucosii_bsp.a(altera_avalon_jtag_uart_write.o)
                0x00014db8                altera_avalon_jtag_uart_write
 .text          0x00015094      0x100 ../Framework_bsp/\libucosii_bsp.a(altera_avalon_timer_sc.o)
                0x00015104                alt_avalon_timer_sc_init
 .text          0x00015194      0x6d4 ../Framework_bsp/\libucosii_bsp.a(epcs_commands.o)
                0x00015194                epcs_read_status_register
                0x000151f4                epcs_sector_erase
                0x0001535c                epcs_read_buffer
                0x000154a8                epcs_write_enable
                0x000154f8                epcs_write_status_register
                0x0001555c                epcs_write_buffer
                0x000156cc                epcs_read_electronic_signature
                0x00015738                epcs_read_device_id
                0x000157b8                epcs_enter_4_bytes_mode
                0x00015810                epcs_exit_4_bytes_mode
 .text          0x00015868      0x154 ../Framework_bsp/\libucosii_bsp.a(alt_alarm_start.o)
                0x00015868                alt_alarm_start
 .text          0x000159bc       0x44 ../Framework_bsp/\libucosii_bsp.a(alt_dcache_flush_all.o)
                0x000159bc                alt_dcache_flush_all
 .text          0x00015a00      0x114 ../Framework_bsp/\libucosii_bsp.a(alt_dev_llist_insert.o)
                0x00015a00                alt_dev_llist_insert
 .text          0x00015b14       0x64 ../Framework_bsp/\libucosii_bsp.a(alt_do_ctors.o)
                0x00015b14                _do_ctors
 .text          0x00015b78       0x64 ../Framework_bsp/\libucosii_bsp.a(alt_do_dtors.o)
                0x00015b78                _do_dtors
 .text          0x00015bdc       0xd0 ../Framework_bsp/\libucosii_bsp.a(alt_flash_dev.o)
                0x00015bdc                alt_flash_open_dev
                0x00015c58                alt_flash_close_dev
 .text          0x00015cac       0x30 ../Framework_bsp/\libucosii_bsp.a(alt_icache_flush_all.o)
                0x00015cac                alt_icache_flush_all
 .text          0x00015cdc      0x1d4 ../Framework_bsp/\libucosii_bsp.a(alt_iic.o)
                0x00015cdc                alt_ic_isr_register
                0x00015d2c                alt_ic_irq_enable
                0x00015dc8                alt_ic_irq_disable
                0x00015e68                alt_ic_irq_enabled
 .text          0x00015eb0       0xf8 ../Framework_bsp/\libucosii_bsp.a(alt_iic_isr_register.o)
                0x00015eb0                alt_iic_isr_register
 .text          0x00015fa8      0x13c ../Framework_bsp/\libucosii_bsp.a(alt_io_redirect.o)
                0x0001606c                alt_io_redirect
 .text          0x000160e4        0x0 ../Framework_bsp/\libucosii_bsp.a(alt_irq_entry.o)
 .text          0x000160e4        0x0 ../Framework_bsp/\libucosii_bsp.a(alt_irq_handler.o)
 .text          0x000160e4        0x0 ../Framework_bsp/\libucosii_bsp.a(alt_irq_vars.o)
 .text          0x000160e4      0x2c4 ../Framework_bsp/\libucosii_bsp.a(alt_open.o)
                0x000161c0                open
 .text          0x000163a8      0x1a8 ../Framework_bsp/\libucosii_bsp.a(alt_tick.o)
                0x000163a8                alt_alarm_stop
                0x00016440                alt_tick
 .text          0x00016550       0x20 ../Framework_bsp/\libucosii_bsp.a(altera_nios2_irq.o)
                0x00016550                altera_nios2_irq_init
 .text          0x00016570       0xd0 ../Framework_bsp/\libucosii_bsp.a(os_cpu_a.o)
                0x00016570                OSCtxSw
                0x00016570                OSIntCtxSw
                0x000165fc                OSStartHighRdy
                0x0001661c                OSStartTsk
 .text          0x00016640      0x418 ../Framework_bsp/\libucosii_bsp.a(os_cpu_c.o)
                0x00016640                OSTaskStkInit
                0x00016950                OSTaskCreateHook
                0x00016970                OSTaskDelHook
                0x00016990                OSTaskSwHook
                0x000169ac                OSTaskStatHook
                0x000169c8                OSTimeTickHook
                0x000169e4                OSInitHookBegin
                0x00016a00                OSInitHookEnd
                0x00016a1c                OSTaskIdleHook
                0x00016a38                OSTCBInitHook
 .text          0x00016a58      0x238 ../Framework_bsp/\libucosii_bsp.a(altera_avalon_spi.o)
                0x00016a58                alt_avalon_spi_command
 .text          0x00016c90        0x0 ../Framework_bsp/\libucosii_bsp.a(alt_exception_entry.o)
 .text          0x00016c90       0x94 ../Framework_bsp/\libucosii_bsp.a(alt_find_dev.o)
                0x00016c90                alt_find_dev
 .text          0x00016d24      0x120 ../Framework_bsp/\libucosii_bsp.a(alt_find_file.o)
                0x00016d24                alt_find_file
 .text          0x00016e44       0xf4 ../Framework_bsp/\libucosii_bsp.a(alt_get_fd.o)
                0x00016e44                alt_get_fd
 .text          0x00016f38       0x90 ../Framework_bsp/\libucosii_bsp.a(alt_icache_flush.o)
                0x00016f38                alt_icache_flush
 .text          0x00016fc8       0x14 c:/altera/12.1sp1/nios2eds/bin/gnu/h-i686-mingw32/bin/../lib/gcc/nios2-elf/4.1.2/../../../../nios2-elf/lib\libc.a(lib_a-atexit.o)
                0x00016fc8                atexit
 .text          0x00016fdc       0x38 c:/altera/12.1sp1/nios2eds/bin/gnu/h-i686-mingw32/bin/../lib/gcc/nios2-elf/4.1.2/../../../../nios2-elf/lib\libc.a(lib_a-exit.o)
                0x00016fdc                exit
 .text          0x00017014       0x74 c:/altera/12.1sp1/nios2eds/bin/gnu/h-i686-mingw32/bin/../lib/gcc/nios2-elf/4.1.2/../../../../nios2-elf/lib\libc.a(lib_a-memcmp.o)
                0x00017014                memcmp
 .text          0x00017088      0x134 c:/altera/12.1sp1/nios2eds/bin/gnu/h-i686-mingw32/bin/../lib/gcc/nios2-elf/4.1.2/../../../../nios2-elf/lib\libc.a(lib_a-__atexit.o)
                0x00017088                __register_exitproc
 .text          0x000171bc      0x1b4 c:/altera/12.1sp1/nios2eds/bin/gnu/h-i686-mingw32/bin/../lib/gcc/nios2-elf/4.1.2/../../../../nios2-elf/lib\libc.a(lib_a-__call_atexit.o)
                0x000171c0                __call_exitprocs
 .text          0x00017370       0x6c ../Framework_bsp/\libucosii_bsp.a(alt_exit.o)
                0x000173b0                _exit
 *(.gnu.warning.*)
 *(.fini)
                0x000173dc                PROVIDE (__etext, ABSOLUTE (.))
                0x000173dc                PROVIDE (_etext, ABSOLUTE (.))
                0x000173dc                PROVIDE (etext, ABSOLUTE (.))
 *(.eh_frame_hdr)
                0x000173dc                . = ALIGN (0x4)
                0x000173dc                PROVIDE (__preinit_array_start, ABSOLUTE (.))
 *(.preinit_array)
                0x000173dc                PROVIDE (__preinit_array_end, ABSOLUTE (.))
                0x000173dc                PROVIDE (__init_array_start, ABSOLUTE (.))
 *(.init_array)
                0x000173dc                PROVIDE (__init_array_end, ABSOLUTE (.))
                0x000173dc                PROVIDE (__fini_array_start, ABSOLUTE (.))
 *(.fini_array)
                0x000173dc                PROVIDE (__fini_array_end, ABSOLUTE (.))
 *(.eh_frame)
 *(.gcc_except_table)
 *(.dynamic)
                0x000173dc                PROVIDE (__CTOR_LIST__, ABSOLUTE (.))
 *(.ctors)
 *(SORT(.ctors.*))
 .ctors.65535   0x000173dc        0x4 c:/altera/12.1sp1/nios2eds/bin/gnu/h-i686-mingw32/bin/../lib/gcc/nios2-elf/4.1.2/../../../../nios2-elf/lib\libc.a(lib_a-__call_atexit.o)
                0x000173e0                PROVIDE (__CTOR_END__, ABSOLUTE (.))
                0x000173e0                PROVIDE (__DTOR_LIST__, ABSOLUTE (.))
 *(.dtors)
 *(SORT(.dtors.*))
                0x000173e0                PROVIDE (__DTOR_END__, ABSOLUTE (.))
 *(.jcr)
                0x000173e0                . = ALIGN (0x4)

.rodata         0x000173e0      0x4ec
                0x000173e0                PROVIDE (__ram_rodata_start, ABSOLUTE (.))
                0x000173e0                . = ALIGN (0x4)
 *(.rodata .rodata.* .gnu.linkonce.r.*)
 .rodata        0x000173e0       0x74 obj/default/framework_main.o
 .rodata        0x00017454       0x10 c:/altera/12.1sp1/nios2eds/bin/gnu/h-i686-mingw32/bin/../lib/gcc/nios2-elf/4.1.2\libgcc.a(_thenan_sf.o)
                0x00017454                __thenan_sf
 .rodata        0x00017464       0x14 c:/altera/12.1sp1/nios2eds/bin/gnu/h-i686-mingw32/bin/../lib/gcc/nios2-elf/4.1.2\libgcc.a(_thenan_df.o)
                0x00017464                __thenan_df
 .rodata        0x00017478      0x100 c:/altera/12.1sp1/nios2eds/bin/gnu/h-i686-mingw32/bin/../lib/gcc/nios2-elf/4.1.2\libgcc.a(_clz.o)
                0x00017478                __clz_tab
 .rodata.str1.4
                0x00017578       0x5e c:/altera/12.1sp1/nios2eds/bin/gnu/h-i686-mingw32/bin/../lib/gcc/nios2-elf/4.1.2/../../../../nios2-elf/lib\libc.a(lib_a-vfprintf.o)
                                 0x60 (size before relaxing)
 .rodata        0x000175d6       0x20 c:/altera/12.1sp1/nios2eds/bin/gnu/h-i686-mingw32/bin/../lib/gcc/nios2-elf/4.1.2/../../../../nios2-elf/lib\libc.a(lib_a-vfprintf.o)
 *fill*         0x000175f6        0x2 00
 .rodata.str1.4
                0x000175f8       0x10 c:/altera/12.1sp1/nios2eds/bin/gnu/h-i686-mingw32/bin/../lib/gcc/nios2-elf/4.1.2/../../../../nios2-elf/lib\libc.a(lib_a-dtoa.o)
                                 0x14 (size before relaxing)
 .rodata.str1.4
                0x00017608        0x2 c:/altera/12.1sp1/nios2eds/bin/gnu/h-i686-mingw32/bin/../lib/gcc/nios2-elf/4.1.2/../../../../nios2-elf/lib\libc.a(lib_a-impure.o)
                                  0x4 (size before relaxing)
 *fill*         0x0001760a        0x2 00
 .rodata.str1.4
                0x0001760c       0x10 c:/altera/12.1sp1/nios2eds/bin/gnu/h-i686-mingw32/bin/../lib/gcc/nios2-elf/4.1.2/../../../../nios2-elf/lib\libc.a(lib_a-locale.o)
                                 0x18 (size before relaxing)
 .rodata        0x0001761c       0x30 c:/altera/12.1sp1/nios2eds/bin/gnu/h-i686-mingw32/bin/../lib/gcc/nios2-elf/4.1.2/../../../../nios2-elf/lib\libc.a(lib_a-locale.o)
 .rodata        0x0001764c      0x124 c:/altera/12.1sp1/nios2eds/bin/gnu/h-i686-mingw32/bin/../lib/gcc/nios2-elf/4.1.2/../../../../nios2-elf/lib\libc.a(lib_a-mprec.o)
                0x0001764c                __mprec_tens
                0x00017714                __mprec_bigtens
                0x0001773c                __mprec_tinytens
 .rodata        0x00017770        0xc ../Framework_bsp/\libucosii_bsp.a(alt_dev.o)
 .rodata        0x0001777c       0x10 ../Framework_bsp/\libucosii_bsp.a(alt_main.o)
 .rodata        0x0001778c      0x120 ../Framework_bsp/\libucosii_bsp.a(os_core.o)
                0x0001778c                OSUnMapTbl
 .rodata        0x000178ac       0x1c ../Framework_bsp/\libucosii_bsp.a(alt_sys_init.o)
 .rodata        0x000178c8        0x4 ../Framework_bsp/\libucosii_bsp.a(os_cpu_c.o)
 *(.rodata1)
                0x000178cc                . = ALIGN (0x4)
                0x000178cc                PROVIDE (__ram_rodata_end, ABSOLUTE (.))
                0x000173e0                PROVIDE (__flash_rodata_start, LOADADDR (.rodata))

.rwdata         0x000178cc     0x1bb4 load address 0x00019480
                0x000178cc                PROVIDE (__ram_rwdata_start, ABSOLUTE (.))
                0x000178cc                . = ALIGN (0x4)
 *(.got.plt)
 *(.got)
 *(.data1)
 *(.data .data.* .gnu.linkonce.d.*)
 .data          0x000178cc        0x0 ../Framework_bsp//obj/HAL/src/crt0.o
 .data          0x000178cc        0x0 obj/default/framework_main.o
 .data          0x000178cc        0x0 c:/altera/12.1sp1/nios2eds/bin/gnu/h-i686-mingw32/bin/../lib/gcc/nios2-elf/4.1.2\libgcc.a(_mul_sf.o)
 .data          0x000178cc        0x0 c:/altera/12.1sp1/nios2eds/bin/gnu/h-i686-mingw32/bin/../lib/gcc/nios2-elf/4.1.2\libgcc.a(_div_sf.o)
 .data          0x000178cc        0x0 c:/altera/12.1sp1/nios2eds/bin/gnu/h-i686-mingw32/bin/../lib/gcc/nios2-elf/4.1.2\libgcc.a(_si_to_sf.o)
 .data          0x000178cc        0x0 c:/altera/12.1sp1/nios2eds/bin/gnu/h-i686-mingw32/bin/../lib/gcc/nios2-elf/4.1.2\libgcc.a(_sf_to_df.o)
 .data          0x000178cc        0x0 c:/altera/12.1sp1/nios2eds/bin/gnu/h-i686-mingw32/bin/../lib/gcc/nios2-elf/4.1.2\libgcc.a(_thenan_sf.o)
 .data          0x000178cc        0x0 c:/altera/12.1sp1/nios2eds/bin/gnu/h-i686-mingw32/bin/../lib/gcc/nios2-elf/4.1.2\libgcc.a(_usi_to_sf.o)
 .data          0x000178cc        0x0 c:/altera/12.1sp1/nios2eds/bin/gnu/h-i686-mingw32/bin/../lib/gcc/nios2-elf/4.1.2\libgcc.a(_addsub_df.o)
 .data          0x000178cc        0x0 c:/altera/12.1sp1/nios2eds/bin/gnu/h-i686-mingw32/bin/../lib/gcc/nios2-elf/4.1.2\libgcc.a(_si_to_df.o)
 .data          0x000178cc        0x0 c:/altera/12.1sp1/nios2eds/bin/gnu/h-i686-mingw32/bin/../lib/gcc/nios2-elf/4.1.2\libgcc.a(_make_df.o)
 .data          0x000178cc        0x0 c:/altera/12.1sp1/nios2eds/bin/gnu/h-i686-mingw32/bin/../lib/gcc/nios2-elf/4.1.2\libgcc.a(_df_to_sf.o)
 .data          0x000178cc        0x0 c:/altera/12.1sp1/nios2eds/bin/gnu/h-i686-mingw32/bin/../lib/gcc/nios2-elf/4.1.2\libgcc.a(_thenan_df.o)
 .data          0x000178cc        0x0 c:/altera/12.1sp1/nios2eds/bin/gnu/h-i686-mingw32/bin/../lib/gcc/nios2-elf/4.1.2\libgcc.a(lib2-divmod.o)
 .data          0x000178cc        0x0 c:/altera/12.1sp1/nios2eds/bin/gnu/h-i686-mingw32/bin/../lib/gcc/nios2-elf/4.1.2\libgcc.a(_muldi3.o)
 .data          0x000178cc        0x0 c:/altera/12.1sp1/nios2eds/bin/gnu/h-i686-mingw32/bin/../lib/gcc/nios2-elf/4.1.2\libgcc.a(_clzsi2.o)
 .data          0x000178cc        0x0 c:/altera/12.1sp1/nios2eds/bin/gnu/h-i686-mingw32/bin/../lib/gcc/nios2-elf/4.1.2\libgcc.a(_pack_sf.o)
 .data          0x000178cc        0x0 c:/altera/12.1sp1/nios2eds/bin/gnu/h-i686-mingw32/bin/../lib/gcc/nios2-elf/4.1.2\libgcc.a(_unpack_sf.o)
 .data          0x000178cc        0x0 c:/altera/12.1sp1/nios2eds/bin/gnu/h-i686-mingw32/bin/../lib/gcc/nios2-elf/4.1.2\libgcc.a(_make_sf.o)
 .data          0x000178cc        0x0 c:/altera/12.1sp1/nios2eds/bin/gnu/h-i686-mingw32/bin/../lib/gcc/nios2-elf/4.1.2\libgcc.a(_pack_df.o)
 .data          0x000178cc        0x0 c:/altera/12.1sp1/nios2eds/bin/gnu/h-i686-mingw32/bin/../lib/gcc/nios2-elf/4.1.2\libgcc.a(_unpack_df.o)
 .data          0x000178cc        0x0 c:/altera/12.1sp1/nios2eds/bin/gnu/h-i686-mingw32/bin/../lib/gcc/nios2-elf/4.1.2\libgcc.a(_clz.o)
 .data          0x000178cc        0x0 c:/altera/12.1sp1/nios2eds/bin/gnu/h-i686-mingw32/bin/../lib/gcc/nios2-elf/4.1.2/../../../../nios2-elf/lib\libc.a(lib_a-memset.o)
 .data          0x000178cc        0x0 c:/altera/12.1sp1/nios2eds/bin/gnu/h-i686-mingw32/bin/../lib/gcc/nios2-elf/4.1.2/../../../../nios2-elf/lib\libc.a(lib_a-printf.o)
 .data          0x000178cc        0x0 c:/altera/12.1sp1/nios2eds/bin/gnu/h-i686-mingw32/bin/../lib/gcc/nios2-elf/4.1.2/../../../../nios2-elf/lib\libc.a(lib_a-vfprintf.o)
 .data          0x000178cc        0x0 c:/altera/12.1sp1/nios2eds/bin/gnu/h-i686-mingw32/bin/../lib/gcc/nios2-elf/4.1.2/../../../../nios2-elf/lib\libc.a(lib_a-wsetup.o)
 .data          0x000178cc        0x0 c:/altera/12.1sp1/nios2eds/bin/gnu/h-i686-mingw32/bin/../lib/gcc/nios2-elf/4.1.2/../../../../nios2-elf/lib\libc.a(lib_a-dtoa.o)
 .data          0x000178cc        0x0 c:/altera/12.1sp1/nios2eds/bin/gnu/h-i686-mingw32/bin/../lib/gcc/nios2-elf/4.1.2/../../../../nios2-elf/lib\libc.a(lib_a-fflush.o)
 .data          0x000178cc        0x0 c:/altera/12.1sp1/nios2eds/bin/gnu/h-i686-mingw32/bin/../lib/gcc/nios2-elf/4.1.2/../../../../nios2-elf/lib\libc.a(lib_a-findfp.o)
 .data          0x000178cc        0x0 c:/altera/12.1sp1/nios2eds/bin/gnu/h-i686-mingw32/bin/../lib/gcc/nios2-elf/4.1.2/../../../../nios2-elf/lib\libc.a(lib_a-freer.o)
 .data          0x000178cc        0x0 c:/altera/12.1sp1/nios2eds/bin/gnu/h-i686-mingw32/bin/../lib/gcc/nios2-elf/4.1.2/../../../../nios2-elf/lib\libc.a(lib_a-fvwrite.o)
 .data          0x000178cc        0x0 c:/altera/12.1sp1/nios2eds/bin/gnu/h-i686-mingw32/bin/../lib/gcc/nios2-elf/4.1.2/../../../../nios2-elf/lib\libc.a(lib_a-fwalk.o)
 .data          0x000178cc      0x400 c:/altera/12.1sp1/nios2eds/bin/gnu/h-i686-mingw32/bin/../lib/gcc/nios2-elf/4.1.2/../../../../nios2-elf/lib\libc.a(lib_a-impure.o)
 .data          0x00017ccc        0xc c:/altera/12.1sp1/nios2eds/bin/gnu/h-i686-mingw32/bin/../lib/gcc/nios2-elf/4.1.2/../../../../nios2-elf/lib\libc.a(lib_a-locale.o)
                0x00017ccc                __lc_ctype
 .data          0x00017cd8        0x0 c:/altera/12.1sp1/nios2eds/bin/gnu/h-i686-mingw32/bin/../lib/gcc/nios2-elf/4.1.2/../../../../nios2-elf/lib\libc.a(lib_a-makebuf.o)
 .data          0x00017cd8      0x408 c:/altera/12.1sp1/nios2eds/bin/gnu/h-i686-mingw32/bin/../lib/gcc/nios2-elf/4.1.2/../../../../nios2-elf/lib\libc.a(lib_a-mallocr.o)
                0x00017cd8                __malloc_av_
 .data          0x000180e0        0x0 c:/altera/12.1sp1/nios2eds/bin/gnu/h-i686-mingw32/bin/../lib/gcc/nios2-elf/4.1.2/../../../../nios2-elf/lib\libc.a(lib_a-memchr.o)
 .data          0x000180e0        0x0 c:/altera/12.1sp1/nios2eds/bin/gnu/h-i686-mingw32/bin/../lib/gcc/nios2-elf/4.1.2/../../../../nios2-elf/lib\libc.a(lib_a-memcpy.o)
 .data          0x000180e0        0x0 c:/altera/12.1sp1/nios2eds/bin/gnu/h-i686-mingw32/bin/../lib/gcc/nios2-elf/4.1.2/../../../../nios2-elf/lib\libc.a(lib_a-memmove.o)
 .data          0x000180e0        0x0 c:/altera/12.1sp1/nios2eds/bin/gnu/h-i686-mingw32/bin/../lib/gcc/nios2-elf/4.1.2/../../../../nios2-elf/lib\libc.a(lib_a-mprec.o)
 .data          0x000180e0        0x0 c:/altera/12.1sp1/nios2eds/bin/gnu/h-i686-mingw32/bin/../lib/gcc/nios2-elf/4.1.2/../../../../nios2-elf/lib\libc.a(lib_a-reallocr.o)
 .data          0x000180e0        0x0 c:/altera/12.1sp1/nios2eds/bin/gnu/h-i686-mingw32/bin/../lib/gcc/nios2-elf/4.1.2/../../../../nios2-elf/lib\libc.a(lib_a-s_isinfd.o)
 .data          0x000180e0        0x0 c:/altera/12.1sp1/nios2eds/bin/gnu/h-i686-mingw32/bin/../lib/gcc/nios2-elf/4.1.2/../../../../nios2-elf/lib\libc.a(lib_a-s_isnand.o)
 .data          0x000180e0        0x0 c:/altera/12.1sp1/nios2eds/bin/gnu/h-i686-mingw32/bin/../lib/gcc/nios2-elf/4.1.2/../../../../nios2-elf/lib\libc.a(lib_a-sbrkr.o)
 .data          0x000180e0        0x0 c:/altera/12.1sp1/nios2eds/bin/gnu/h-i686-mingw32/bin/../lib/gcc/nios2-elf/4.1.2/../../../../nios2-elf/lib\libc.a(lib_a-stdio.o)
 .data          0x000180e0        0x0 c:/altera/12.1sp1/nios2eds/bin/gnu/h-i686-mingw32/bin/../lib/gcc/nios2-elf/4.1.2/../../../../nios2-elf/lib\libc.a(lib_a-strcmp.o)
 .data          0x000180e0        0x0 c:/altera/12.1sp1/nios2eds/bin/gnu/h-i686-mingw32/bin/../lib/gcc/nios2-elf/4.1.2/../../../../nios2-elf/lib\libc.a(lib_a-strlen.o)
 .data          0x000180e0        0x0 c:/altera/12.1sp1/nios2eds/bin/gnu/h-i686-mingw32/bin/../lib/gcc/nios2-elf/4.1.2/../../../../nios2-elf/lib\libc.a(lib_a-writer.o)
 .data          0x000180e0        0x0 c:/altera/12.1sp1/nios2eds/bin/gnu/h-i686-mingw32/bin/../lib/gcc/nios2-elf/4.1.2/../../../../nios2-elf/lib\libc.a(lib_a-callocr.o)
 .data          0x000180e0        0x0 c:/altera/12.1sp1/nios2eds/bin/gnu/h-i686-mingw32/bin/../lib/gcc/nios2-elf/4.1.2/../../../../nios2-elf/lib\libc.a(lib_a-closer.o)
 .data          0x000180e0        0x0 c:/altera/12.1sp1/nios2eds/bin/gnu/h-i686-mingw32/bin/../lib/gcc/nios2-elf/4.1.2/../../../../nios2-elf/lib\libc.a(lib_a-fclose.o)
 .data          0x000180e0        0x0 c:/altera/12.1sp1/nios2eds/bin/gnu/h-i686-mingw32/bin/../lib/gcc/nios2-elf/4.1.2/../../../../nios2-elf/lib\libc.a(lib_a-fstatr.o)
 .data          0x000180e0        0x0 c:/altera/12.1sp1/nios2eds/bin/gnu/h-i686-mingw32/bin/../lib/gcc/nios2-elf/4.1.2/../../../../nios2-elf/lib\libc.a(lib_a-int_errno.o)
 .data          0x000180e0        0x0 c:/altera/12.1sp1/nios2eds/bin/gnu/h-i686-mingw32/bin/../lib/gcc/nios2-elf/4.1.2/../../../../nios2-elf/lib\libc.a(lib_a-isattyr.o)
 .data          0x000180e0        0x0 c:/altera/12.1sp1/nios2eds/bin/gnu/h-i686-mingw32/bin/../lib/gcc/nios2-elf/4.1.2/../../../../nios2-elf/lib\libc.a(lib_a-lseekr.o)
 .data          0x000180e0        0x0 c:/altera/12.1sp1/nios2eds/bin/gnu/h-i686-mingw32/bin/../lib/gcc/nios2-elf/4.1.2/../../../../nios2-elf/lib\libc.a(lib_a-readr.o)
 .data          0x000180e0        0x0 c:/altera/12.1sp1/nios2eds/bin/gnu/h-i686-mingw32/bin/../lib/gcc/nios2-elf/4.1.2\libgcc.a(_udivdi3.o)
 .data          0x000180e0        0x0 c:/altera/12.1sp1/nios2eds/bin/gnu/h-i686-mingw32/bin/../lib/gcc/nios2-elf/4.1.2\libgcc.a(_umoddi3.o)
 .data          0x000180e0        0x0 c:/altera/12.1sp1/nios2eds/bin/gnu/h-i686-mingw32/bin/../lib/gcc/nios2-elf/4.1.2\libgcc.a(_mul_df.o)
 .data          0x000180e0        0x0 c:/altera/12.1sp1/nios2eds/bin/gnu/h-i686-mingw32/bin/../lib/gcc/nios2-elf/4.1.2\libgcc.a(_div_df.o)
 .data          0x000180e0        0x0 c:/altera/12.1sp1/nios2eds/bin/gnu/h-i686-mingw32/bin/../lib/gcc/nios2-elf/4.1.2\libgcc.a(_eq_df.o)
 .data          0x000180e0        0x0 c:/altera/12.1sp1/nios2eds/bin/gnu/h-i686-mingw32/bin/../lib/gcc/nios2-elf/4.1.2\libgcc.a(_ne_df.o)
 .data          0x000180e0        0x0 c:/altera/12.1sp1/nios2eds/bin/gnu/h-i686-mingw32/bin/../lib/gcc/nios2-elf/4.1.2\libgcc.a(_gt_df.o)
 .data          0x000180e0        0x0 c:/altera/12.1sp1/nios2eds/bin/gnu/h-i686-mingw32/bin/../lib/gcc/nios2-elf/4.1.2\libgcc.a(_ge_df.o)
 .data          0x000180e0        0x0 c:/altera/12.1sp1/nios2eds/bin/gnu/h-i686-mingw32/bin/../lib/gcc/nios2-elf/4.1.2\libgcc.a(_lt_df.o)
 .data          0x000180e0        0x0 c:/altera/12.1sp1/nios2eds/bin/gnu/h-i686-mingw32/bin/../lib/gcc/nios2-elf/4.1.2\libgcc.a(_df_to_si.o)
 .data          0x000180e0        0x0 c:/altera/12.1sp1/nios2eds/bin/gnu/h-i686-mingw32/bin/../lib/gcc/nios2-elf/4.1.2\libgcc.a(_usi_to_df.o)
 .data          0x000180e0        0x0 c:/altera/12.1sp1/nios2eds/bin/gnu/h-i686-mingw32/bin/../lib/gcc/nios2-elf/4.1.2\libgcc.a(_fpcmp_parts_df.o)
 .data          0x000180e0        0x0 ../Framework_bsp/\libucosii_bsp.a(alt_close.o)
 .data          0x000180e0      0x1a8 ../Framework_bsp/\libucosii_bsp.a(alt_dev.o)
                0x000180e0                alt_dev_null
                0x00018108                alt_fd_list
 .data          0x00018288        0x0 ../Framework_bsp/\libucosii_bsp.a(alt_errno.o)
 .data          0x00018288        0x0 ../Framework_bsp/\libucosii_bsp.a(alt_fstat.o)
 .data          0x00018288        0x0 ../Framework_bsp/\libucosii_bsp.a(alt_isatty.o)
 .data          0x00018288        0x0 ../Framework_bsp/\libucosii_bsp.a(alt_load.o)
 .data          0x00018288        0x0 ../Framework_bsp/\libucosii_bsp.a(alt_lseek.o)
 .data          0x00018288        0x0 ../Framework_bsp/\libucosii_bsp.a(alt_main.o)
 .data          0x00018288        0x0 ../Framework_bsp/\libucosii_bsp.a(alt_read.o)
 .data          0x00018288        0x0 ../Framework_bsp/\libucosii_bsp.a(alt_release_fd.o)
 .data          0x00018288        0x0 ../Framework_bsp/\libucosii_bsp.a(alt_sbrk.o)
 .data          0x00018288        0x0 ../Framework_bsp/\libucosii_bsp.a(alt_write.o)
 .data          0x00018288        0x0 ../Framework_bsp/\libucosii_bsp.a(alt_env_lock.o)
 .data          0x00018288        0x0 ../Framework_bsp/\libucosii_bsp.a(alt_malloc_lock.o)
 .data          0x00018288        0x0 ../Framework_bsp/\libucosii_bsp.a(os_core.o)
 .data          0x00018288        0x0 ../Framework_bsp/\libucosii_bsp.a(os_dbg.o)
 .data          0x00018288        0x0 ../Framework_bsp/\libucosii_bsp.a(os_flag.o)
 .data          0x00018288        0x0 ../Framework_bsp/\libucosii_bsp.a(os_mem.o)
 .data          0x00018288        0x0 ../Framework_bsp/\libucosii_bsp.a(os_q.o)
 .data          0x00018288        0x0 ../Framework_bsp/\libucosii_bsp.a(os_sem.o)
 .data          0x00018288        0x0 ../Framework_bsp/\libucosii_bsp.a(os_task.o)
 .data          0x00018288        0x0 ../Framework_bsp/\libucosii_bsp.a(os_time.o)
 .data          0x00018288     0x1134 ../Framework_bsp/\libucosii_bsp.a(alt_sys_init.o)
 .data          0x000193bc        0x0 ../Framework_bsp/\libucosii_bsp.a(altera_avalon_epcs_flash_controller.o)
 .data          0x000193bc        0x0 ../Framework_bsp/\libucosii_bsp.a(altera_avalon_jtag_uart_fd.o)
 .data          0x000193bc        0x0 ../Framework_bsp/\libucosii_bsp.a(altera_avalon_jtag_uart_init.o)
 .data          0x000193bc        0x0 ../Framework_bsp/\libucosii_bsp.a(altera_avalon_jtag_uart_ioctl.o)
 .data          0x000193bc        0x0 ../Framework_bsp/\libucosii_bsp.a(altera_avalon_jtag_uart_read.o)
 .data          0x000193bc        0x0 ../Framework_bsp/\libucosii_bsp.a(altera_avalon_jtag_uart_write.o)
 .data          0x000193bc        0x0 ../Framework_bsp/\libucosii_bsp.a(altera_avalon_timer_sc.o)
 .data          0x000193bc        0x0 ../Framework_bsp/\libucosii_bsp.a(epcs_commands.o)
 .data          0x000193bc        0x0 ../Framework_bsp/\libucosii_bsp.a(alt_alarm_start.o)
 .data          0x000193bc        0x0 ../Framework_bsp/\libucosii_bsp.a(alt_dcache_flush_all.o)
 .data          0x000193bc        0x0 ../Framework_bsp/\libucosii_bsp.a(alt_dev_llist_insert.o)
 .data          0x000193bc        0x0 ../Framework_bsp/\libucosii_bsp.a(alt_do_ctors.o)
 .data          0x000193bc        0x0 ../Framework_bsp/\libucosii_bsp.a(alt_do_dtors.o)
 .data          0x000193bc        0x0 ../Framework_bsp/\libucosii_bsp.a(alt_flash_dev.o)
 .data          0x000193bc        0x0 ../Framework_bsp/\libucosii_bsp.a(alt_icache_flush_all.o)
 .data          0x000193bc        0x0 ../Framework_bsp/\libucosii_bsp.a(alt_iic.o)
 .data          0x000193bc        0x0 ../Framework_bsp/\libucosii_bsp.a(alt_iic_isr_register.o)
 .data          0x000193bc        0x0 ../Framework_bsp/\libucosii_bsp.a(alt_io_redirect.o)
 .data          0x000193bc        0x0 ../Framework_bsp/\libucosii_bsp.a(alt_irq_entry.o)
 .data          0x000193bc        0x0 ../Framework_bsp/\libucosii_bsp.a(alt_irq_handler.o)
 .data          0x000193bc        0x0 ../Framework_bsp/\libucosii_bsp.a(alt_irq_vars.o)
 .data          0x000193bc        0x0 ../Framework_bsp/\libucosii_bsp.a(alt_open.o)
 .data          0x000193bc        0x0 ../Framework_bsp/\libucosii_bsp.a(alt_tick.o)
 .data          0x000193bc        0x0 ../Framework_bsp/\libucosii_bsp.a(altera_nios2_irq.o)
 .data          0x000193bc        0x0 ../Framework_bsp/\libucosii_bsp.a(os_cpu_a.o)
 .data          0x000193bc        0x0 ../Framework_bsp/\libucosii_bsp.a(os_cpu_c.o)
 .data          0x000193bc        0x0 ../Framework_bsp/\libucosii_bsp.a(altera_avalon_spi.o)
 .data          0x000193bc        0x0 ../Framework_bsp/\libucosii_bsp.a(alt_exception_entry.o)
 .data          0x000193bc        0x0 ../Framework_bsp/\libucosii_bsp.a(alt_find_dev.o)
 .data          0x000193bc        0x0 ../Framework_bsp/\libucosii_bsp.a(alt_find_file.o)
 .data          0x000193bc        0x0 ../Framework_bsp/\libucosii_bsp.a(alt_get_fd.o)
 .data          0x000193bc        0x0 ../Framework_bsp/\libucosii_bsp.a(alt_icache_flush.o)
 .data          0x000193bc        0x0 c:/altera/12.1sp1/nios2eds/bin/gnu/h-i686-mingw32/bin/../lib/gcc/nios2-elf/4.1.2/../../../../nios2-elf/lib\libc.a(lib_a-atexit.o)
 .data          0x000193bc        0x0 c:/altera/12.1sp1/nios2eds/bin/gnu/h-i686-mingw32/bin/../lib/gcc/nios2-elf/4.1.2/../../../../nios2-elf/lib\libc.a(lib_a-exit.o)
 .data          0x000193bc        0x0 c:/altera/12.1sp1/nios2eds/bin/gnu/h-i686-mingw32/bin/../lib/gcc/nios2-elf/4.1.2/../../../../nios2-elf/lib\libc.a(lib_a-memcmp.o)
 .data          0x000193bc        0x0 c:/altera/12.1sp1/nios2eds/bin/gnu/h-i686-mingw32/bin/../lib/gcc/nios2-elf/4.1.2/../../../../nios2-elf/lib\libc.a(lib_a-__atexit.o)
 .data          0x000193bc        0x0 c:/altera/12.1sp1/nios2eds/bin/gnu/h-i686-mingw32/bin/../lib/gcc/nios2-elf/4.1.2/../../../../nios2-elf/lib\libc.a(lib_a-__call_atexit.o)
 .data          0x000193bc        0x0 ../Framework_bsp/\libucosii_bsp.a(alt_exit.o)
                0x000213bc                _gp = ABSOLUTE ((. + 0x8000))
                0x000213bc                PROVIDE (gp, _gp)
 *(.rwdata .rwdata.*)
 *(.sdata .sdata.* .gnu.linkonce.s.*)
 .sdata         0x000193bc        0x8 c:/altera/12.1sp1/nios2eds/bin/gnu/h-i686-mingw32/bin/../lib/gcc/nios2-elf/4.1.2/../../../../nios2-elf/lib\libc.a(lib_a-impure.o)
                0x000193bc                _impure_ptr
                0x000193c0                _global_impure_ptr
 .sdata         0x000193c4        0x8 c:/altera/12.1sp1/nios2eds/bin/gnu/h-i686-mingw32/bin/../lib/gcc/nios2-elf/4.1.2/../../../../nios2-elf/lib\libc.a(lib_a-locale.o)
                0x000193c4                __mb_cur_max
 .sdata         0x000193cc        0x8 c:/altera/12.1sp1/nios2eds/bin/gnu/h-i686-mingw32/bin/../lib/gcc/nios2-elf/4.1.2/../../../../nios2-elf/lib\libc.a(lib_a-mallocr.o)
                0x000193cc                __malloc_trim_threshold
                0x000193d0                __malloc_sbrk_base
 .sdata         0x000193d4       0x14 ../Framework_bsp/\libucosii_bsp.a(alt_dev.o)
                0x000193d4                alt_fs_list
                0x000193dc                alt_dev_list
                0x000193e4                alt_max_fd
 .sdata         0x000193e8        0x4 ../Framework_bsp/\libucosii_bsp.a(alt_errno.o)
                0x000193e8                alt_errno
 .sdata         0x000193ec        0x4 ../Framework_bsp/\libucosii_bsp.a(alt_sbrk.o)
 .sdata         0x000193f0        0x4 ../Framework_bsp/\libucosii_bsp.a(alt_env_lock.o)
 .sdata         0x000193f4        0x4 ../Framework_bsp/\libucosii_bsp.a(alt_malloc_lock.o)
 .sdata         0x000193f8       0x74 ../Framework_bsp/\libucosii_bsp.a(os_dbg.o)
                0x000193f8                OSDebugEn
                0x000193fc                OSEndiannessTest
                0x00019400                OSEventEn
                0x00019402                OSEventMax
                0x00019404                OSEventNameSize
                0x00019406                OSEventSize
                0x00019408                OSEventTblSize
                0x0001940a                OSEventMultiEn
                0x0001940c                OSFlagEn
                0x0001940e                OSFlagGrpSize
                0x00019410                OSFlagNodeSize
                0x00019412                OSFlagWidth
                0x00019414                OSFlagMax
                0x00019416                OSFlagNameSize
                0x00019418                OSLowestPrio
                0x0001941a                OSMboxEn
                0x0001941c                OSMemEn
                0x0001941e                OSMemMax
                0x00019420                OSMemNameSize
                0x00019422                OSMemSize
                0x00019424                OSMemTblSize
                0x00019426                OSMutexEn
                0x00019428                OSPtrSize
                0x0001942a                OSQEn
                0x0001942c                OSQMax
                0x0001942e                OSQSize
                0x00019430                OSRdyTblSize
                0x00019432                OSSemEn
                0x00019434                OSStkWidth
                0x00019436                OSTaskCreateEn
                0x00019438                OSTaskCreateExtEn
                0x0001943a                OSTaskDelEn
                0x0001943c                OSTaskIdleStkSize
                0x0001943e                OSTaskProfileEn
                0x00019440                OSTaskMax
                0x00019442                OSTaskNameSize
                0x00019444                OSTaskStatEn
                0x00019446                OSTaskStatStkSize
                0x00019448                OSTaskStatStkChkEn
                0x0001944a                OSTaskSwHookEn
                0x0001944c                OSTCBPrioTblMax
                0x0001944e                OSTCBSize
                0x00019450                OSTicksPerSec
                0x00019452                OSTimeTickHookEn
                0x00019454                OSVersionNbr
                0x00019456                OSTmrEn
                0x00019458                OSTmrCfgMax
                0x0001945a                OSTmrCfgNameSize
                0x0001945c                OSTmrCfgWheelSize
                0x0001945e                OSTmrCfgTicksPerSec
                0x00019460                OSTmrSize
                0x00019462                OSTmrTblSize
                0x00019464                OSTmrWheelSize
                0x00019466                OSTmrWheelTblSize
                0x00019468                OSDataSize
 .sdata         0x0001946c        0x8 ../Framework_bsp/\libucosii_bsp.a(alt_flash_dev.o)
                0x0001946c                alt_flash_dev_list
 .sdata         0x00019474        0x4 ../Framework_bsp/\libucosii_bsp.a(alt_irq_vars.o)
                0x00019474                alt_priority_mask
 .sdata         0x00019478        0x8 ../Framework_bsp/\libucosii_bsp.a(alt_tick.o)
                0x00019478                alt_alarm_list
 *(.sdata2 .sdata2.* .gnu.linkonce.s2.*)
                0x00019480                . = ALIGN (0x4)
                0x00019480                _edata = ABSOLUTE (.)
                0x00019480                PROVIDE (edata, ABSOLUTE (.))
                0x00019480                PROVIDE (__ram_rwdata_end, ABSOLUTE (.))
                0x00019480                PROVIDE (__flash_rwdata_start, LOADADDR (.rwdata))

.bss            0x0001b034     0x35cc
                0x0001b034                __bss_start = ABSOLUTE (.)
                0x0001b034                PROVIDE (__sbss_start, ABSOLUTE (.))
                0x0001b034                PROVIDE (___sbss_start, ABSOLUTE (.))
 *(.dynsbss)
 *(.sbss .sbss.* .gnu.linkonce.sb.*)
 .sbss          0x0001b034       0x58 obj/default/framework_main.o
                0x0001b034                pI2CDataAvailable
                0x0001b038                pRearRightEncRead
                0x0001b03c                pFrontLeftEncRead
                0x0001b040                pHc_sr04
                0x0001b044                pFrontRightDutySet
                0x0001b048                pRearRightEncSet
                0x0001b04c                pI2CRegWriteData
                0x0001b050                pUltraSoundArray
                0x0001b054                pFrontLeftEncSet
                0x0001b058                pFrontRightEncRead
                0x0001b05c                pI2CDataLen
                0x0001b060                uPwmPeriod
                0x0001b064                pFrontLeftDutySet
                0x0001b068                pI2C
                0x0001b06c                pRearLeftEncSet
                0x0001b070                pFrontRightEncSet
                0x0001b074                pRearLeftEncRead
                0x0001b078                pRearLeftDutySet
                0x0001b07c                pRearRightDutySet
                0x0001b080                pwm_enable
                0x0001b084                pI2CCmd
                0x0001b088                pI2CReg
 .sbss          0x0001b08c        0xc c:/altera/12.1sp1/nios2eds/bin/gnu/h-i686-mingw32/bin/../lib/gcc/nios2-elf/4.1.2/../../../../nios2-elf/lib\libc.a(lib_a-locale.o)
                0x0001b08c                __nlocale_changed
                0x0001b090                __mlocale_changed
                0x0001b094                _PathLocale
 .sbss          0x0001b098        0xc c:/altera/12.1sp1/nios2eds/bin/gnu/h-i686-mingw32/bin/../lib/gcc/nios2-elf/4.1.2/../../../../nios2-elf/lib\libc.a(lib_a-mallocr.o)
                0x0001b098                __malloc_top_pad
                0x0001b09c                __malloc_max_sbrked_mem
                0x0001b0a0                __malloc_max_total_mem
 .sbss          0x0001b0a4        0x4 c:/altera/12.1sp1/nios2eds/bin/gnu/h-i686-mingw32/bin/../lib/gcc/nios2-elf/4.1.2/../../../../nios2-elf/lib\libc.a(lib_a-int_errno.o)
                0x0001b0a4                errno
 .sbss          0x0001b0a8        0x4 ../Framework_bsp/\libucosii_bsp.a(alt_dev.o)
                0x0001b0a8                alt_fd_list_lock
 .sbss          0x0001b0ac        0xc ../Framework_bsp/\libucosii_bsp.a(alt_main.o)
                0x0001b0ac                alt_argc
                0x0001b0b0                alt_argv
                0x0001b0b4                alt_envp
 .sbss          0x0001b0b8        0x8 ../Framework_bsp/\libucosii_bsp.a(alt_env_lock.o)
                0x0001b0bc                alt_envsem
 .sbss          0x0001b0c0        0x8 ../Framework_bsp/\libucosii_bsp.a(alt_malloc_lock.o)
                0x0001b0c4                alt_heapsem
 .sbss          0x0001b0c8       0x50 ../Framework_bsp/\libucosii_bsp.a(os_core.o)
                0x0001b0c8                OSLockNesting
                0x0001b0c9                OSRunning
                0x0001b0cc                OSIdleCtr
                0x0001b0d0                OSPrioHighRdy
                0x0001b0d1                OSPrioCur
                0x0001b0d4                OSTCBList
                0x0001b0d8                OSTickStepState
                0x0001b0dc                OSCtxSwCtr
                0x0001b0e0                OSIdleCtrMax
                0x0001b0e4                OSTCBFreeList
                0x0001b0e8                OSCPUUsage
                0x0001b0e9                OSTaskCtr
                0x0001b0ec                OSMemFreeList
                0x0001b0f0                OSTCBHighRdy
                0x0001b0f4                OSQFreeList
                0x0001b0f8                OSRdyGrp
                0x0001b0f9                OSRdyTbl
                0x0001b0fc                OSEventFreeList
                0x0001b100                OSIntNesting
                0x0001b104                OSTCBCur
                0x0001b108                OSTime
                0x0001b10c                OSFlagFreeList
                0x0001b110                OSStatRdy
                0x0001b114                OSIdleCtrRun
 .sbss          0x0001b118        0x4 ../Framework_bsp/\libucosii_bsp.a(alt_irq_vars.o)
                0x0001b118                alt_irq_active
 .sbss          0x0001b11c        0x8 ../Framework_bsp/\libucosii_bsp.a(alt_tick.o)
                0x0001b11c                _alt_tick_rate
                0x0001b120                _alt_nticks
 *(.sbss2 .sbss2.* .gnu.linkonce.sb2.*)
 *(.scommon)
                0x0001b124                PROVIDE (__sbss_end, ABSOLUTE (.))
                0x0001b124                PROVIDE (___sbss_end, ABSOLUTE (.))
 *(.dynbss)
 *(.bss .bss.* .gnu.linkonce.b.*)
 .bss           0x0001b124        0x0 ../Framework_bsp//obj/HAL/src/crt0.o
 .bss           0x0001b124        0x0 obj/default/framework_main.o
 .bss           0x0001b124        0x0 c:/altera/12.1sp1/nios2eds/bin/gnu/h-i686-mingw32/bin/../lib/gcc/nios2-elf/4.1.2\libgcc.a(_mul_sf.o)
 .bss           0x0001b124        0x0 c:/altera/12.1sp1/nios2eds/bin/gnu/h-i686-mingw32/bin/../lib/gcc/nios2-elf/4.1.2\libgcc.a(_div_sf.o)
 .bss           0x0001b124        0x0 c:/altera/12.1sp1/nios2eds/bin/gnu/h-i686-mingw32/bin/../lib/gcc/nios2-elf/4.1.2\libgcc.a(_si_to_sf.o)
 .bss           0x0001b124        0x0 c:/altera/12.1sp1/nios2eds/bin/gnu/h-i686-mingw32/bin/../lib/gcc/nios2-elf/4.1.2\libgcc.a(_sf_to_df.o)
 .bss           0x0001b124        0x0 c:/altera/12.1sp1/nios2eds/bin/gnu/h-i686-mingw32/bin/../lib/gcc/nios2-elf/4.1.2\libgcc.a(_thenan_sf.o)
 .bss           0x0001b124        0x0 c:/altera/12.1sp1/nios2eds/bin/gnu/h-i686-mingw32/bin/../lib/gcc/nios2-elf/4.1.2\libgcc.a(_usi_to_sf.o)
 .bss           0x0001b124        0x0 c:/altera/12.1sp1/nios2eds/bin/gnu/h-i686-mingw32/bin/../lib/gcc/nios2-elf/4.1.2\libgcc.a(_addsub_df.o)
 .bss           0x0001b124        0x0 c:/altera/12.1sp1/nios2eds/bin/gnu/h-i686-mingw32/bin/../lib/gcc/nios2-elf/4.1.2\libgcc.a(_si_to_df.o)
 .bss           0x0001b124        0x0 c:/altera/12.1sp1/nios2eds/bin/gnu/h-i686-mingw32/bin/../lib/gcc/nios2-elf/4.1.2\libgcc.a(_make_df.o)
 .bss           0x0001b124        0x0 c:/altera/12.1sp1/nios2eds/bin/gnu/h-i686-mingw32/bin/../lib/gcc/nios2-elf/4.1.2\libgcc.a(_df_to_sf.o)
 .bss           0x0001b124        0x0 c:/altera/12.1sp1/nios2eds/bin/gnu/h-i686-mingw32/bin/../lib/gcc/nios2-elf/4.1.2\libgcc.a(_thenan_df.o)
 .bss           0x0001b124        0x0 c:/altera/12.1sp1/nios2eds/bin/gnu/h-i686-mingw32/bin/../lib/gcc/nios2-elf/4.1.2\libgcc.a(lib2-divmod.o)
 .bss           0x0001b124        0x0 c:/altera/12.1sp1/nios2eds/bin/gnu/h-i686-mingw32/bin/../lib/gcc/nios2-elf/4.1.2\libgcc.a(_muldi3.o)
 .bss           0x0001b124        0x0 c:/altera/12.1sp1/nios2eds/bin/gnu/h-i686-mingw32/bin/../lib/gcc/nios2-elf/4.1.2\libgcc.a(_clzsi2.o)
 .bss           0x0001b124        0x0 c:/altera/12.1sp1/nios2eds/bin/gnu/h-i686-mingw32/bin/../lib/gcc/nios2-elf/4.1.2\libgcc.a(_pack_sf.o)
 .bss           0x0001b124        0x0 c:/altera/12.1sp1/nios2eds/bin/gnu/h-i686-mingw32/bin/../lib/gcc/nios2-elf/4.1.2\libgcc.a(_unpack_sf.o)
 .bss           0x0001b124        0x0 c:/altera/12.1sp1/nios2eds/bin/gnu/h-i686-mingw32/bin/../lib/gcc/nios2-elf/4.1.2\libgcc.a(_make_sf.o)
 .bss           0x0001b124        0x0 c:/altera/12.1sp1/nios2eds/bin/gnu/h-i686-mingw32/bin/../lib/gcc/nios2-elf/4.1.2\libgcc.a(_pack_df.o)
 .bss           0x0001b124        0x0 c:/altera/12.1sp1/nios2eds/bin/gnu/h-i686-mingw32/bin/../lib/gcc/nios2-elf/4.1.2\libgcc.a(_unpack_df.o)
 .bss           0x0001b124        0x0 c:/altera/12.1sp1/nios2eds/bin/gnu/h-i686-mingw32/bin/../lib/gcc/nios2-elf/4.1.2\libgcc.a(_clz.o)
 .bss           0x0001b124        0x0 c:/altera/12.1sp1/nios2eds/bin/gnu/h-i686-mingw32/bin/../lib/gcc/nios2-elf/4.1.2/../../../../nios2-elf/lib\libc.a(lib_a-memset.o)
 .bss           0x0001b124        0x0 c:/altera/12.1sp1/nios2eds/bin/gnu/h-i686-mingw32/bin/../lib/gcc/nios2-elf/4.1.2/../../../../nios2-elf/lib\libc.a(lib_a-printf.o)
 .bss           0x0001b124        0x0 c:/altera/12.1sp1/nios2eds/bin/gnu/h-i686-mingw32/bin/../lib/gcc/nios2-elf/4.1.2/../../../../nios2-elf/lib\libc.a(lib_a-vfprintf.o)
 .bss           0x0001b124        0x0 c:/altera/12.1sp1/nios2eds/bin/gnu/h-i686-mingw32/bin/../lib/gcc/nios2-elf/4.1.2/../../../../nios2-elf/lib\libc.a(lib_a-wsetup.o)
 .bss           0x0001b124        0x0 c:/altera/12.1sp1/nios2eds/bin/gnu/h-i686-mingw32/bin/../lib/gcc/nios2-elf/4.1.2/../../../../nios2-elf/lib\libc.a(lib_a-dtoa.o)
 .bss           0x0001b124        0x0 c:/altera/12.1sp1/nios2eds/bin/gnu/h-i686-mingw32/bin/../lib/gcc/nios2-elf/4.1.2/../../../../nios2-elf/lib\libc.a(lib_a-fflush.o)
 .bss           0x0001b124        0x0 c:/altera/12.1sp1/nios2eds/bin/gnu/h-i686-mingw32/bin/../lib/gcc/nios2-elf/4.1.2/../../../../nios2-elf/lib\libc.a(lib_a-findfp.o)
 .bss           0x0001b124        0x0 c:/altera/12.1sp1/nios2eds/bin/gnu/h-i686-mingw32/bin/../lib/gcc/nios2-elf/4.1.2/../../../../nios2-elf/lib\libc.a(lib_a-freer.o)
 .bss           0x0001b124        0x0 c:/altera/12.1sp1/nios2eds/bin/gnu/h-i686-mingw32/bin/../lib/gcc/nios2-elf/4.1.2/../../../../nios2-elf/lib\libc.a(lib_a-fvwrite.o)
 .bss           0x0001b124        0x0 c:/altera/12.1sp1/nios2eds/bin/gnu/h-i686-mingw32/bin/../lib/gcc/nios2-elf/4.1.2/../../../../nios2-elf/lib\libc.a(lib_a-fwalk.o)
 .bss           0x0001b124        0x0 c:/altera/12.1sp1/nios2eds/bin/gnu/h-i686-mingw32/bin/../lib/gcc/nios2-elf/4.1.2/../../../../nios2-elf/lib\libc.a(lib_a-impure.o)
 .bss           0x0001b124        0x0 c:/altera/12.1sp1/nios2eds/bin/gnu/h-i686-mingw32/bin/../lib/gcc/nios2-elf/4.1.2/../../../../nios2-elf/lib\libc.a(lib_a-locale.o)
 .bss           0x0001b124        0x0 c:/altera/12.1sp1/nios2eds/bin/gnu/h-i686-mingw32/bin/../lib/gcc/nios2-elf/4.1.2/../../../../nios2-elf/lib\libc.a(lib_a-makebuf.o)
 .bss           0x0001b124       0x28 c:/altera/12.1sp1/nios2eds/bin/gnu/h-i686-mingw32/bin/../lib/gcc/nios2-elf/4.1.2/../../../../nios2-elf/lib\libc.a(lib_a-mallocr.o)
                0x0001b124                __malloc_current_mallinfo
 .bss           0x0001b14c        0x0 c:/altera/12.1sp1/nios2eds/bin/gnu/h-i686-mingw32/bin/../lib/gcc/nios2-elf/4.1.2/../../../../nios2-elf/lib\libc.a(lib_a-memchr.o)
 .bss           0x0001b14c        0x0 c:/altera/12.1sp1/nios2eds/bin/gnu/h-i686-mingw32/bin/../lib/gcc/nios2-elf/4.1.2/../../../../nios2-elf/lib\libc.a(lib_a-memcpy.o)
 .bss           0x0001b14c        0x0 c:/altera/12.1sp1/nios2eds/bin/gnu/h-i686-mingw32/bin/../lib/gcc/nios2-elf/4.1.2/../../../../nios2-elf/lib\libc.a(lib_a-memmove.o)
 .bss           0x0001b14c        0x0 c:/altera/12.1sp1/nios2eds/bin/gnu/h-i686-mingw32/bin/../lib/gcc/nios2-elf/4.1.2/../../../../nios2-elf/lib\libc.a(lib_a-mprec.o)
 .bss           0x0001b14c        0x0 c:/altera/12.1sp1/nios2eds/bin/gnu/h-i686-mingw32/bin/../lib/gcc/nios2-elf/4.1.2/../../../../nios2-elf/lib\libc.a(lib_a-reallocr.o)
 .bss           0x0001b14c        0x0 c:/altera/12.1sp1/nios2eds/bin/gnu/h-i686-mingw32/bin/../lib/gcc/nios2-elf/4.1.2/../../../../nios2-elf/lib\libc.a(lib_a-s_isinfd.o)
 .bss           0x0001b14c        0x0 c:/altera/12.1sp1/nios2eds/bin/gnu/h-i686-mingw32/bin/../lib/gcc/nios2-elf/4.1.2/../../../../nios2-elf/lib\libc.a(lib_a-s_isnand.o)
 .bss           0x0001b14c        0x0 c:/altera/12.1sp1/nios2eds/bin/gnu/h-i686-mingw32/bin/../lib/gcc/nios2-elf/4.1.2/../../../../nios2-elf/lib\libc.a(lib_a-sbrkr.o)
 .bss           0x0001b14c        0x0 c:/altera/12.1sp1/nios2eds/bin/gnu/h-i686-mingw32/bin/../lib/gcc/nios2-elf/4.1.2/../../../../nios2-elf/lib\libc.a(lib_a-stdio.o)
 .bss           0x0001b14c        0x0 c:/altera/12.1sp1/nios2eds/bin/gnu/h-i686-mingw32/bin/../lib/gcc/nios2-elf/4.1.2/../../../../nios2-elf/lib\libc.a(lib_a-strcmp.o)
 .bss           0x0001b14c        0x0 c:/altera/12.1sp1/nios2eds/bin/gnu/h-i686-mingw32/bin/../lib/gcc/nios2-elf/4.1.2/../../../../nios2-elf/lib\libc.a(lib_a-strlen.o)
 .bss           0x0001b14c        0x0 c:/altera/12.1sp1/nios2eds/bin/gnu/h-i686-mingw32/bin/../lib/gcc/nios2-elf/4.1.2/../../../../nios2-elf/lib\libc.a(lib_a-writer.o)
 .bss           0x0001b14c        0x0 c:/altera/12.1sp1/nios2eds/bin/gnu/h-i686-mingw32/bin/../lib/gcc/nios2-elf/4.1.2/../../../../nios2-elf/lib\libc.a(lib_a-callocr.o)
 .bss           0x0001b14c        0x0 c:/altera/12.1sp1/nios2eds/bin/gnu/h-i686-mingw32/bin/../lib/gcc/nios2-elf/4.1.2/../../../../nios2-elf/lib\libc.a(lib_a-closer.o)
 .bss           0x0001b14c        0x0 c:/altera/12.1sp1/nios2eds/bin/gnu/h-i686-mingw32/bin/../lib/gcc/nios2-elf/4.1.2/../../../../nios2-elf/lib\libc.a(lib_a-fclose.o)
 .bss           0x0001b14c        0x0 c:/altera/12.1sp1/nios2eds/bin/gnu/h-i686-mingw32/bin/../lib/gcc/nios2-elf/4.1.2/../../../../nios2-elf/lib\libc.a(lib_a-fstatr.o)
 .bss           0x0001b14c        0x0 c:/altera/12.1sp1/nios2eds/bin/gnu/h-i686-mingw32/bin/../lib/gcc/nios2-elf/4.1.2/../../../../nios2-elf/lib\libc.a(lib_a-int_errno.o)
 .bss           0x0001b14c        0x0 c:/altera/12.1sp1/nios2eds/bin/gnu/h-i686-mingw32/bin/../lib/gcc/nios2-elf/4.1.2/../../../../nios2-elf/lib\libc.a(lib_a-isattyr.o)
 .bss           0x0001b14c        0x0 c:/altera/12.1sp1/nios2eds/bin/gnu/h-i686-mingw32/bin/../lib/gcc/nios2-elf/4.1.2/../../../../nios2-elf/lib\libc.a(lib_a-lseekr.o)
 .bss           0x0001b14c        0x0 c:/altera/12.1sp1/nios2eds/bin/gnu/h-i686-mingw32/bin/../lib/gcc/nios2-elf/4.1.2/../../../../nios2-elf/lib\libc.a(lib_a-readr.o)
 .bss           0x0001b14c        0x0 c:/altera/12.1sp1/nios2eds/bin/gnu/h-i686-mingw32/bin/../lib/gcc/nios2-elf/4.1.2\libgcc.a(_udivdi3.o)
 .bss           0x0001b14c        0x0 c:/altera/12.1sp1/nios2eds/bin/gnu/h-i686-mingw32/bin/../lib/gcc/nios2-elf/4.1.2\libgcc.a(_umoddi3.o)
 .bss           0x0001b14c        0x0 c:/altera/12.1sp1/nios2eds/bin/gnu/h-i686-mingw32/bin/../lib/gcc/nios2-elf/4.1.2\libgcc.a(_mul_df.o)
 .bss           0x0001b14c        0x0 c:/altera/12.1sp1/nios2eds/bin/gnu/h-i686-mingw32/bin/../lib/gcc/nios2-elf/4.1.2\libgcc.a(_div_df.o)
 .bss           0x0001b14c        0x0 c:/altera/12.1sp1/nios2eds/bin/gnu/h-i686-mingw32/bin/../lib/gcc/nios2-elf/4.1.2\libgcc.a(_eq_df.o)
 .bss           0x0001b14c        0x0 c:/altera/12.1sp1/nios2eds/bin/gnu/h-i686-mingw32/bin/../lib/gcc/nios2-elf/4.1.2\libgcc.a(_ne_df.o)
 .bss           0x0001b14c        0x0 c:/altera/12.1sp1/nios2eds/bin/gnu/h-i686-mingw32/bin/../lib/gcc/nios2-elf/4.1.2\libgcc.a(_gt_df.o)
 .bss           0x0001b14c        0x0 c:/altera/12.1sp1/nios2eds/bin/gnu/h-i686-mingw32/bin/../lib/gcc/nios2-elf/4.1.2\libgcc.a(_ge_df.o)
 .bss           0x0001b14c        0x0 c:/altera/12.1sp1/nios2eds/bin/gnu/h-i686-mingw32/bin/../lib/gcc/nios2-elf/4.1.2\libgcc.a(_lt_df.o)
 .bss           0x0001b14c        0x0 c:/altera/12.1sp1/nios2eds/bin/gnu/h-i686-mingw32/bin/../lib/gcc/nios2-elf/4.1.2\libgcc.a(_df_to_si.o)
 .bss           0x0001b14c        0x0 c:/altera/12.1sp1/nios2eds/bin/gnu/h-i686-mingw32/bin/../lib/gcc/nios2-elf/4.1.2\libgcc.a(_usi_to_df.o)
 .bss           0x0001b14c        0x0 c:/altera/12.1sp1/nios2eds/bin/gnu/h-i686-mingw32/bin/../lib/gcc/nios2-elf/4.1.2\libgcc.a(_fpcmp_parts_df.o)
 .bss           0x0001b14c        0x0 ../Framework_bsp/\libucosii_bsp.a(alt_close.o)
 .bss           0x0001b14c        0x0 ../Framework_bsp/\libucosii_bsp.a(alt_dev.o)
 .bss           0x0001b14c        0x0 ../Framework_bsp/\libucosii_bsp.a(alt_errno.o)
 .bss           0x0001b14c        0x0 ../Framework_bsp/\libucosii_bsp.a(alt_fstat.o)
 .bss           0x0001b14c        0x0 ../Framework_bsp/\libucosii_bsp.a(alt_isatty.o)
 .bss           0x0001b14c        0x0 ../Framework_bsp/\libucosii_bsp.a(alt_load.o)
 .bss           0x0001b14c        0x0 ../Framework_bsp/\libucosii_bsp.a(alt_lseek.o)
 .bss           0x0001b14c        0x0 ../Framework_bsp/\libucosii_bsp.a(alt_main.o)
 .bss           0x0001b14c        0x0 ../Framework_bsp/\libucosii_bsp.a(alt_read.o)
 .bss           0x0001b14c        0x0 ../Framework_bsp/\libucosii_bsp.a(alt_release_fd.o)
 .bss           0x0001b14c        0x0 ../Framework_bsp/\libucosii_bsp.a(alt_sbrk.o)
 .bss           0x0001b14c        0x0 ../Framework_bsp/\libucosii_bsp.a(alt_write.o)
 .bss           0x0001b14c        0x0 ../Framework_bsp/\libucosii_bsp.a(alt_env_lock.o)
 .bss           0x0001b14c        0x0 ../Framework_bsp/\libucosii_bsp.a(alt_malloc_lock.o)
 .bss           0x0001b14c        0x0 ../Framework_bsp/\libucosii_bsp.a(os_core.o)
 .bss           0x0001b14c        0x0 ../Framework_bsp/\libucosii_bsp.a(os_dbg.o)
 .bss           0x0001b14c        0x0 ../Framework_bsp/\libucosii_bsp.a(os_flag.o)
 .bss           0x0001b14c        0x0 ../Framework_bsp/\libucosii_bsp.a(os_mem.o)
 .bss           0x0001b14c        0x0 ../Framework_bsp/\libucosii_bsp.a(os_q.o)
 .bss           0x0001b14c        0x0 ../Framework_bsp/\libucosii_bsp.a(os_sem.o)
 .bss           0x0001b14c        0x0 ../Framework_bsp/\libucosii_bsp.a(os_task.o)
 .bss           0x0001b14c        0x0 ../Framework_bsp/\libucosii_bsp.a(os_time.o)
 .bss           0x0001b14c        0x0 ../Framework_bsp/\libucosii_bsp.a(alt_sys_init.o)
 .bss           0x0001b14c        0x0 ../Framework_bsp/\libucosii_bsp.a(altera_avalon_epcs_flash_controller.o)
 .bss           0x0001b14c        0x0 ../Framework_bsp/\libucosii_bsp.a(altera_avalon_jtag_uart_fd.o)
 .bss           0x0001b14c        0x0 ../Framework_bsp/\libucosii_bsp.a(altera_avalon_jtag_uart_init.o)
 .bss           0x0001b14c        0x0 ../Framework_bsp/\libucosii_bsp.a(altera_avalon_jtag_uart_ioctl.o)
 .bss           0x0001b14c        0x0 ../Framework_bsp/\libucosii_bsp.a(altera_avalon_jtag_uart_read.o)
 .bss           0x0001b14c        0x0 ../Framework_bsp/\libucosii_bsp.a(altera_avalon_jtag_uart_write.o)
 .bss           0x0001b14c        0x0 ../Framework_bsp/\libucosii_bsp.a(altera_avalon_timer_sc.o)
 .bss           0x0001b14c        0x0 ../Framework_bsp/\libucosii_bsp.a(epcs_commands.o)
 .bss           0x0001b14c        0x0 ../Framework_bsp/\libucosii_bsp.a(alt_alarm_start.o)
 .bss           0x0001b14c        0x0 ../Framework_bsp/\libucosii_bsp.a(alt_dcache_flush_all.o)
 .bss           0x0001b14c        0x0 ../Framework_bsp/\libucosii_bsp.a(alt_dev_llist_insert.o)
 .bss           0x0001b14c        0x0 ../Framework_bsp/\libucosii_bsp.a(alt_do_ctors.o)
 .bss           0x0001b14c        0x0 ../Framework_bsp/\libucosii_bsp.a(alt_do_dtors.o)
 .bss           0x0001b14c        0x0 ../Framework_bsp/\libucosii_bsp.a(alt_flash_dev.o)
 .bss           0x0001b14c        0x0 ../Framework_bsp/\libucosii_bsp.a(alt_icache_flush_all.o)
 .bss           0x0001b14c        0x0 ../Framework_bsp/\libucosii_bsp.a(alt_iic.o)
 .bss           0x0001b14c        0x0 ../Framework_bsp/\libucosii_bsp.a(alt_iic_isr_register.o)
 .bss           0x0001b14c        0x0 ../Framework_bsp/\libucosii_bsp.a(alt_io_redirect.o)
 .bss           0x0001b14c        0x0 ../Framework_bsp/\libucosii_bsp.a(alt_irq_entry.o)
 .bss           0x0001b14c        0x0 ../Framework_bsp/\libucosii_bsp.a(alt_irq_handler.o)
 .bss           0x0001b14c        0x0 ../Framework_bsp/\libucosii_bsp.a(alt_irq_vars.o)
 .bss           0x0001b14c        0x0 ../Framework_bsp/\libucosii_bsp.a(alt_open.o)
 .bss           0x0001b14c        0x0 ../Framework_bsp/\libucosii_bsp.a(alt_tick.o)
 .bss           0x0001b14c        0x0 ../Framework_bsp/\libucosii_bsp.a(altera_nios2_irq.o)
 .bss           0x0001b14c        0x0 ../Framework_bsp/\libucosii_bsp.a(os_cpu_a.o)
 .bss           0x0001b14c        0x0 ../Framework_bsp/\libucosii_bsp.a(os_cpu_c.o)
 .bss           0x0001b14c        0x0 ../Framework_bsp/\libucosii_bsp.a(altera_avalon_spi.o)
 .bss           0x0001b14c        0x0 ../Framework_bsp/\libucosii_bsp.a(alt_exception_entry.o)
 .bss           0x0001b14c        0x0 ../Framework_bsp/\libucosii_bsp.a(alt_find_dev.o)
 .bss           0x0001b14c        0x0 ../Framework_bsp/\libucosii_bsp.a(alt_find_file.o)
 .bss           0x0001b14c        0x0 ../Framework_bsp/\libucosii_bsp.a(alt_get_fd.o)
 .bss           0x0001b14c        0x0 ../Framework_bsp/\libucosii_bsp.a(alt_icache_flush.o)
 .bss           0x0001b14c        0x0 c:/altera/12.1sp1/nios2eds/bin/gnu/h-i686-mingw32/bin/../lib/gcc/nios2-elf/4.1.2/../../../../nios2-elf/lib\libc.a(lib_a-atexit.o)
 .bss           0x0001b14c        0x0 c:/altera/12.1sp1/nios2eds/bin/gnu/h-i686-mingw32/bin/../lib/gcc/nios2-elf/4.1.2/../../../../nios2-elf/lib\libc.a(lib_a-exit.o)
 .bss           0x0001b14c        0x0 c:/altera/12.1sp1/nios2eds/bin/gnu/h-i686-mingw32/bin/../lib/gcc/nios2-elf/4.1.2/../../../../nios2-elf/lib\libc.a(lib_a-memcmp.o)
 .bss           0x0001b14c        0x0 c:/altera/12.1sp1/nios2eds/bin/gnu/h-i686-mingw32/bin/../lib/gcc/nios2-elf/4.1.2/../../../../nios2-elf/lib\libc.a(lib_a-__atexit.o)
 .bss           0x0001b14c        0x0 c:/altera/12.1sp1/nios2eds/bin/gnu/h-i686-mingw32/bin/../lib/gcc/nios2-elf/4.1.2/../../../../nios2-elf/lib\libc.a(lib_a-__call_atexit.o)
 .bss           0x0001b14c        0x0 ../Framework_bsp/\libucosii_bsp.a(alt_exit.o)
 *(COMMON)
 COMMON         0x0001b14c     0x3224 ../Framework_bsp/\libucosii_bsp.a(os_core.o)
                0x0001b14c                OSFlagTbl
                0x0001b4bc                OSMemTbl
                0x0001c0ec                OSTaskStatStk
                0x0001c8ec                OSQTbl
                0x0001cacc                OSTaskIdleStk
                0x0001d2cc                OSEventTbl
                0x0001de0c                OSTCBTbl
                0x0001e31c                OSTCBPrioTbl
 COMMON         0x0001e370      0x100 ../Framework_bsp/\libucosii_bsp.a(alt_irq_handler.o)
                0x0001e370                alt_irq
 COMMON         0x0001e470      0x190 c:/altera/12.1sp1/nios2eds/bin/gnu/h-i686-mingw32/bin/../lib/gcc/nios2-elf/4.1.2/../../../../nios2-elf/lib\libc.a(lib_a-atexit.o)
                0x0001e470                _atexit0
                0x0001e600                . = ALIGN (0x4)
                0x0001e600                __bss_end = ABSOLUTE (.)

.sdram          0x0001e600        0x0
                0x0001e600                PROVIDE (_alt_partition_sdram_start, ABSOLUTE (.))
 *(.sdram. sdram.*)
                0x0001e600                . = ALIGN (0x4)
                0x0001e600                PROVIDE (_alt_partition_sdram_end, ABSOLUTE (.))
                0x0001e600                _end = ABSOLUTE (.)
                0x0001e600                end = ABSOLUTE (.)
                0x0001e600                __alt_stack_base = ABSOLUTE (.)
                0x0001e600                PROVIDE (_alt_partition_sdram_load_addr, LOADADDR (.sdram))

.epcs           0x02000000        0x0 load address 0x0001e600
                0x02000000                PROVIDE (_alt_partition_epcs_start, ABSOLUTE (.))
 *(.epcs. epcs.*)
                0x02000000                . = ALIGN (0x4)
                0x02000000                PROVIDE (_alt_partition_epcs_end, ABSOLUTE (.))
                0x0001e600                PROVIDE (_alt_partition_epcs_load_addr, LOADADDR (.epcs))

.manuer_queue   0x02004000        0x0 load address 0x0001e600
                0x02004000                PROVIDE (_alt_partition_manuer_queue_start, ABSOLUTE (.))
 *(.manuer_queue. manuer_queue.*)
                0x02004000                . = ALIGN (0x4)
                0x02004000                PROVIDE (_alt_partition_manuer_queue_end, ABSOLUTE (.))
                0x0001e600                PROVIDE (_alt_partition_manuer_queue_load_addr, LOADADDR (.manuer_queue))

.state_cmd_memory
                0x02005000        0x0 load address 0x0001e600
                0x02005000                PROVIDE (_alt_partition_state_cmd_memory_start, ABSOLUTE (.))
 *(.state_cmd_memory. state_cmd_memory.*)
                0x02005000                . = ALIGN (0x4)
                0x02005000                PROVIDE (_alt_partition_state_cmd_memory_end, ABSOLUTE (.))
                0x0001e600                PROVIDE (_alt_partition_state_cmd_memory_load_addr, LOADADDR (.state_cmd_memory))

.stab
 *(.stab)

.stabstr
 *(.stabstr)

.stab.excl
 *(.stab.excl)

.stab.exclstr
 *(.stab.exclstr)

.stab.index
 *(.stab.index)

.stab.indexstr
 *(.stab.indexstr)

.comment        0x00000000       0x26
 *(.comment)
 .comment       0x00000000       0x26 obj/default/framework_main.o
                                 0x27 (size before relaxing)
 .comment       0x00000000       0x27 c:/altera/12.1sp1/nios2eds/bin/gnu/h-i686-mingw32/bin/../lib/gcc/nios2-elf/4.1.2\libgcc.a(_mul_sf.o)
 .comment       0x00000000       0x27 c:/altera/12.1sp1/nios2eds/bin/gnu/h-i686-mingw32/bin/../lib/gcc/nios2-elf/4.1.2\libgcc.a(_div_sf.o)
 .comment       0x00000000       0x27 c:/altera/12.1sp1/nios2eds/bin/gnu/h-i686-mingw32/bin/../lib/gcc/nios2-elf/4.1.2\libgcc.a(_si_to_sf.o)
 .comment       0x00000000       0x27 c:/altera/12.1sp1/nios2eds/bin/gnu/h-i686-mingw32/bin/../lib/gcc/nios2-elf/4.1.2\libgcc.a(_sf_to_df.o)
 .comment       0x00000000       0x27 c:/altera/12.1sp1/nios2eds/bin/gnu/h-i686-mingw32/bin/../lib/gcc/nios2-elf/4.1.2\libgcc.a(_thenan_sf.o)
 .comment       0x00000000       0x27 c:/altera/12.1sp1/nios2eds/bin/gnu/h-i686-mingw32/bin/../lib/gcc/nios2-elf/4.1.2\libgcc.a(_usi_to_sf.o)
 .comment       0x00000000       0x27 c:/altera/12.1sp1/nios2eds/bin/gnu/h-i686-mingw32/bin/../lib/gcc/nios2-elf/4.1.2\libgcc.a(_addsub_df.o)
 .comment       0x00000000       0x27 c:/altera/12.1sp1/nios2eds/bin/gnu/h-i686-mingw32/bin/../lib/gcc/nios2-elf/4.1.2\libgcc.a(_si_to_df.o)
 .comment       0x00000000       0x27 c:/altera/12.1sp1/nios2eds/bin/gnu/h-i686-mingw32/bin/../lib/gcc/nios2-elf/4.1.2\libgcc.a(_make_df.o)
 .comment       0x00000000       0x27 c:/altera/12.1sp1/nios2eds/bin/gnu/h-i686-mingw32/bin/../lib/gcc/nios2-elf/4.1.2\libgcc.a(_df_to_sf.o)
 .comment       0x00000000       0x27 c:/altera/12.1sp1/nios2eds/bin/gnu/h-i686-mingw32/bin/../lib/gcc/nios2-elf/4.1.2\libgcc.a(_thenan_df.o)
 .comment       0x00000000       0x27 c:/altera/12.1sp1/nios2eds/bin/gnu/h-i686-mingw32/bin/../lib/gcc/nios2-elf/4.1.2\libgcc.a(lib2-divmod.o)
 .comment       0x00000000       0x27 c:/altera/12.1sp1/nios2eds/bin/gnu/h-i686-mingw32/bin/../lib/gcc/nios2-elf/4.1.2\libgcc.a(_muldi3.o)
 .comment       0x00000000       0x27 c:/altera/12.1sp1/nios2eds/bin/gnu/h-i686-mingw32/bin/../lib/gcc/nios2-elf/4.1.2\libgcc.a(_clzsi2.o)
 .comment       0x00000000       0x27 c:/altera/12.1sp1/nios2eds/bin/gnu/h-i686-mingw32/bin/../lib/gcc/nios2-elf/4.1.2\libgcc.a(_pack_sf.o)
 .comment       0x00000000       0x27 c:/altera/12.1sp1/nios2eds/bin/gnu/h-i686-mingw32/bin/../lib/gcc/nios2-elf/4.1.2\libgcc.a(_unpack_sf.o)
 .comment       0x00000000       0x27 c:/altera/12.1sp1/nios2eds/bin/gnu/h-i686-mingw32/bin/../lib/gcc/nios2-elf/4.1.2\libgcc.a(_make_sf.o)
 .comment       0x00000000       0x27 c:/altera/12.1sp1/nios2eds/bin/gnu/h-i686-mingw32/bin/../lib/gcc/nios2-elf/4.1.2\libgcc.a(_pack_df.o)
 .comment       0x00000000       0x27 c:/altera/12.1sp1/nios2eds/bin/gnu/h-i686-mingw32/bin/../lib/gcc/nios2-elf/4.1.2\libgcc.a(_unpack_df.o)
 .comment       0x00000000       0x27 c:/altera/12.1sp1/nios2eds/bin/gnu/h-i686-mingw32/bin/../lib/gcc/nios2-elf/4.1.2\libgcc.a(_clz.o)
 .comment       0x00000000       0x27 c:/altera/12.1sp1/nios2eds/bin/gnu/h-i686-mingw32/bin/../lib/gcc/nios2-elf/4.1.2/../../../../nios2-elf/lib\libc.a(lib_a-memset.o)
 .comment       0x00000000       0x27 c:/altera/12.1sp1/nios2eds/bin/gnu/h-i686-mingw32/bin/../lib/gcc/nios2-elf/4.1.2/../../../../nios2-elf/lib\libc.a(lib_a-printf.o)
 .comment       0x00000000       0x27 c:/altera/12.1sp1/nios2eds/bin/gnu/h-i686-mingw32/bin/../lib/gcc/nios2-elf/4.1.2/../../../../nios2-elf/lib\libc.a(lib_a-vfprintf.o)
 .comment       0x00000000       0x27 c:/altera/12.1sp1/nios2eds/bin/gnu/h-i686-mingw32/bin/../lib/gcc/nios2-elf/4.1.2/../../../../nios2-elf/lib\libc.a(lib_a-wsetup.o)
 .comment       0x00000000       0x27 c:/altera/12.1sp1/nios2eds/bin/gnu/h-i686-mingw32/bin/../lib/gcc/nios2-elf/4.1.2/../../../../nios2-elf/lib\libc.a(lib_a-dtoa.o)
 .comment       0x00000000       0x27 c:/altera/12.1sp1/nios2eds/bin/gnu/h-i686-mingw32/bin/../lib/gcc/nios2-elf/4.1.2/../../../../nios2-elf/lib\libc.a(lib_a-fflush.o)
 .comment       0x00000000       0x27 c:/altera/12.1sp1/nios2eds/bin/gnu/h-i686-mingw32/bin/../lib/gcc/nios2-elf/4.1.2/../../../../nios2-elf/lib\libc.a(lib_a-findfp.o)
 .comment       0x00000000       0x27 c:/altera/12.1sp1/nios2eds/bin/gnu/h-i686-mingw32/bin/../lib/gcc/nios2-elf/4.1.2/../../../../nios2-elf/lib\libc.a(lib_a-freer.o)
 .comment       0x00000000       0x27 c:/altera/12.1sp1/nios2eds/bin/gnu/h-i686-mingw32/bin/../lib/gcc/nios2-elf/4.1.2/../../../../nios2-elf/lib\libc.a(lib_a-fvwrite.o)
 .comment       0x00000000       0x27 c:/altera/12.1sp1/nios2eds/bin/gnu/h-i686-mingw32/bin/../lib/gcc/nios2-elf/4.1.2/../../../../nios2-elf/lib\libc.a(lib_a-fwalk.o)
 .comment       0x00000000       0x27 c:/altera/12.1sp1/nios2eds/bin/gnu/h-i686-mingw32/bin/../lib/gcc/nios2-elf/4.1.2/../../../../nios2-elf/lib\libc.a(lib_a-impure.o)
 .comment       0x00000000       0x27 c:/altera/12.1sp1/nios2eds/bin/gnu/h-i686-mingw32/bin/../lib/gcc/nios2-elf/4.1.2/../../../../nios2-elf/lib\libc.a(lib_a-locale.o)
 .comment       0x00000000       0x27 c:/altera/12.1sp1/nios2eds/bin/gnu/h-i686-mingw32/bin/../lib/gcc/nios2-elf/4.1.2/../../../../nios2-elf/lib\libc.a(lib_a-makebuf.o)
 .comment       0x00000000       0x27 c:/altera/12.1sp1/nios2eds/bin/gnu/h-i686-mingw32/bin/../lib/gcc/nios2-elf/4.1.2/../../../../nios2-elf/lib\libc.a(lib_a-mallocr.o)
 .comment       0x00000000       0x27 c:/altera/12.1sp1/nios2eds/bin/gnu/h-i686-mingw32/bin/../lib/gcc/nios2-elf/4.1.2/../../../../nios2-elf/lib\libc.a(lib_a-memchr.o)
 .comment       0x00000000       0x27 c:/altera/12.1sp1/nios2eds/bin/gnu/h-i686-mingw32/bin/../lib/gcc/nios2-elf/4.1.2/../../../../nios2-elf/lib\libc.a(lib_a-memcpy.o)
 .comment       0x00000000       0x27 c:/altera/12.1sp1/nios2eds/bin/gnu/h-i686-mingw32/bin/../lib/gcc/nios2-elf/4.1.2/../../../../nios2-elf/lib\libc.a(lib_a-memmove.o)