Archive member included because of file (symbol)

c:/altera/12.1sp1/nios2eds/bin/gnu/h-i686-mingw32/bin/../lib/gcc/nios2-elf/4.1.2\libgcc.a(_mul_sf.o)
                              obj/default/framework_main.o (__mulsf3)
c:/altera/12.1sp1/nios2eds/bin/gnu/h-i686-mingw32/bin/../lib/gcc/nios2-elf/4.1.2\libgcc.a(_div_sf.o)
                              obj/default/framework_main.o (__divsf3)
c:/altera/12.1sp1/nios2eds/bin/gnu/h-i686-mingw32/bin/../lib/gcc/nios2-elf/4.1.2\libgcc.a(_si_to_sf.o)
                              obj/default/framework_main.o (__floatsisf)
c:/altera/12.1sp1/nios2eds/bin/gnu/h-i686-mingw32/bin/../lib/gcc/nios2-elf/4.1.2\libgcc.a(_sf_to_df.o)
                              obj/default/framework_main.o (__extendsfdf2)
c:/altera/12.1sp1/nios2eds/bin/gnu/h-i686-mingw32/bin/../lib/gcc/nios2-elf/4.1.2\libgcc.a(_thenan_sf.o)
                              c:/altera/12.1sp1/nios2eds/bin/gnu/h-i686-mingw32/bin/../lib/gcc/nios2-elf/4.1.2\libgcc.a(_mul_sf.o) (__thenan_sf)
c:/altera/12.1sp1/nios2eds/bin/gnu/h-i686-mingw32/bin/../lib/gcc/nios2-elf/4.1.2\libgcc.a(_usi_to_sf.o)
                              obj/default/framework_main.o (__floatunsisf)
c:/altera/12.1sp1/nios2eds/bin/gnu/h-i686-mingw32/bin/../lib/gcc/nios2-elf/4.1.2\libgcc.a(_addsub_df.o)
                              obj/default/framework_main.o (__adddf3)
c:/altera/12.1sp1/nios2eds/bin/gnu/h-i686-mingw32/bin/../lib/gcc/nios2-elf/4.1.2\libgcc.a(_make_df.o)
                              c:/altera/12.1sp1/nios2eds/bin/gnu/h-i686-mingw32/bin/../lib/gcc/nios2-elf/4.1.2\libgcc.a(_sf_to_df.o) (__make_dp)
c:/altera/12.1sp1/nios2eds/bin/gnu/h-i686-mingw32/bin/../lib/gcc/nios2-elf/4.1.2\libgcc.a(_thenan_df.o)
                              c:/altera/12.1sp1/nios2eds/bin/gnu/h-i686-mingw32/bin/../lib/gcc/nios2-elf/4.1.2\libgcc.a(_addsub_df.o) (__thenan_df)
c:/altera/12.1sp1/nios2eds/bin/gnu/h-i686-mingw32/bin/../lib/gcc/nios2-elf/4.1.2\libgcc.a(_muldi3.o)
                              c:/altera/12.1sp1/nios2eds/bin/gnu/h-i686-mingw32/bin/../lib/gcc/nios2-elf/4.1.2\libgcc.a(_mul_sf.o) (__muldi3)
c:/altera/12.1sp1/nios2eds/bin/gnu/h-i686-mingw32/bin/../lib/gcc/nios2-elf/4.1.2\libgcc.a(_clzsi2.o)
                              c:/altera/12.1sp1/nios2eds/bin/gnu/h-i686-mingw32/bin/../lib/gcc/nios2-elf/4.1.2\libgcc.a(_si_to_sf.o) (__clzsi2)
c:/altera/12.1sp1/nios2eds/bin/gnu/h-i686-mingw32/bin/../lib/gcc/nios2-elf/4.1.2\libgcc.a(_pack_sf.o)
                              c:/altera/12.1sp1/nios2eds/bin/gnu/h-i686-mingw32/bin/../lib/gcc/nios2-elf/4.1.2\libgcc.a(_mul_sf.o) (__pack_f)
c:/altera/12.1sp1/nios2eds/bin/gnu/h-i686-mingw32/bin/../lib/gcc/nios2-elf/4.1.2\libgcc.a(_unpack_sf.o)
                              c:/altera/12.1sp1/nios2eds/bin/gnu/h-i686-mingw32/bin/../lib/gcc/nios2-elf/4.1.2\libgcc.a(_mul_sf.o) (__unpack_f)
c:/altera/12.1sp1/nios2eds/bin/gnu/h-i686-mingw32/bin/../lib/gcc/nios2-elf/4.1.2\libgcc.a(_pack_df.o)
                              c:/altera/12.1sp1/nios2eds/bin/gnu/h-i686-mingw32/bin/../lib/gcc/nios2-elf/4.1.2\libgcc.a(_addsub_df.o) (__pack_d)
c:/altera/12.1sp1/nios2eds/bin/gnu/h-i686-mingw32/bin/../lib/gcc/nios2-elf/4.1.2\libgcc.a(_unpack_df.o)
                              c:/altera/12.1sp1/nios2eds/bin/gnu/h-i686-mingw32/bin/../lib/gcc/nios2-elf/4.1.2\libgcc.a(_addsub_df.o) (__unpack_d)
c:/altera/12.1sp1/nios2eds/bin/gnu/h-i686-mingw32/bin/../lib/gcc/nios2-elf/4.1.2\libgcc.a(_clz.o)
                              c:/altera/12.1sp1/nios2eds/bin/gnu/h-i686-mingw32/bin/../lib/gcc/nios2-elf/4.1.2\libgcc.a(_clzsi2.o) (__clz_tab)
c:/altera/12.1sp1/nios2eds/bin/gnu/h-i686-mingw32/bin/../lib/gcc/nios2-elf/4.1.2/../../../../nios2-elf/lib\libc.a(lib_a-printf.o)
                              obj/default/framework_main.o (printf)
c:/altera/12.1sp1/nios2eds/bin/gnu/h-i686-mingw32/bin/../lib/gcc/nios2-elf/4.1.2/../../../../nios2-elf/lib\libc.a(lib_a-vfprintf.o)
                              c:/altera/12.1sp1/nios2eds/bin/gnu/h-i686-mingw32/bin/../lib/gcc/nios2-elf/4.1.2/../../../../nios2-elf/lib\libc.a(lib_a-printf.o) (___vfprintf_internal_r)
c:/altera/12.1sp1/nios2eds/bin/gnu/h-i686-mingw32/bin/../lib/gcc/nios2-elf/4.1.2/../../../../nios2-elf/lib\libc.a(lib_a-wsetup.o)
                              c:/altera/12.1sp1/nios2eds/bin/gnu/h-i686-mingw32/bin/../lib/gcc/nios2-elf/4.1.2/../../../../nios2-elf/lib\libc.a(lib_a-vfprintf.o) (__swsetup_r)
c:/altera/12.1sp1/nios2eds/bin/gnu/h-i686-mingw32/bin/../lib/gcc/nios2-elf/4.1.2/../../../../nios2-elf/lib\libc.a(lib_a-dtoa.o)
                              c:/altera/12.1sp1/nios2eds/bin/gnu/h-i686-mingw32/bin/../lib/gcc/nios2-elf/4.1.2/../../../../nios2-elf/lib\libc.a(lib_a-vfprintf.o) (_dtoa_r)
c:/altera/12.1sp1/nios2eds/bin/gnu/h-i686-mingw32/bin/../lib/gcc/nios2-elf/4.1.2/../../../../nios2-elf/lib\libc.a(lib_a-fflush.o)
                              c:/altera/12.1sp1/nios2eds/bin/gnu/h-i686-mingw32/bin/../lib/gcc/nios2-elf/4.1.2/../../../../nios2-elf/lib\libc.a(lib_a-vfprintf.o) (_fflush_r)
[...]
Memory Configuration

Name             Origin             Length             Attributes
reset            0x00000000         0x00000020
sdram            0x00000020         0x010fffe0
epcs             0x02000000         0x00000800
manuer_queue     0x02004000         0x00000400
state_cmd_memory 0x02005000         0x00000400
*default*        0x00000000         0xffffffff

Linker script and memory map

LOAD ../Framework_bsp//obj/HAL/src/crt0.o
LOAD obj/default/framework_main.o
LOAD c:/altera/12.1sp1/nios2eds/bin/gnu/h-i686-mingw32/bin/../lib/gcc/nios2-elf/4.1.2/../../../../nios2-elf/lib\libstdc++.a
LOAD c:/altera/12.1sp1/nios2eds/bin/gnu/h-i686-mingw32/bin/../lib/gcc/nios2-elf/4.1.2/../../../../nios2-elf/lib\libm.a
LOAD c:/altera/12.1sp1/nios2eds/bin/gnu/h-i686-mingw32/bin/../lib/gcc/nios2-elf/4.1.2\libgcc.a
START GROUP
LOAD c:/altera/12.1sp1/nios2eds/bin/gnu/h-i686-mingw32/bin/../lib/gcc/nios2-elf/4.1.2/../../../../nios2-elf/lib\libc.a
LOAD c:/altera/12.1sp1/nios2eds/bin/gnu/h-i686-mingw32/bin/../lib/gcc/nios2-elf/4.1.2\libgcc.a
LOAD ../Framework_bsp/\libucosii_bsp.a
END GROUP
LOAD c:/altera/12.1sp1/nios2eds/bin/gnu/h-i686-mingw32/bin/../lib/gcc/nios2-elf/4.1.2\libgcc.a
                0x00000000                __alt_mem_sdram = 0x0
                0x02000000                __alt_mem_epcs = 0x2000000
                0x02004000                __alt_mem_manuer_queue = 0x2004000
                0x02005000                __alt_mem_state_cmd_memory = 0x2005000

.entry          0x00000000       0x20
 *(.entry)
 .entry         0x00000000       0x20 ../Framework_bsp//obj/HAL/src/crt0.o
                0x00000000                __reset

.exceptions     0x00000020      0x19c
                0x00000020                PROVIDE (__ram_exceptions_start, ABSOLUTE (.))
                0x00000020                . = ALIGN (0x20)
 *(.irq)
 *(.exceptions.entry.label)
 .exceptions.entry.label
                0x00000020        0x0 ../Framework_bsp/\libucosii_bsp.a(alt_irq_entry.o)
                0x00000020                alt_irq_entry
 .exceptions.entry.label
                0x00000020        0x0 ../Framework_bsp/\libucosii_bsp.a(alt_exception_entry.o)
                0x00000020                alt_exception
 *(.exceptions.entry.user)
 *(.exceptions.entry)
 .exceptions.entry
                0x00000020       0x54 ../Framework_bsp/\libucosii_bsp.a(alt_exception_entry.o)
 *(.exceptions.irqtest.user)
 *(.exceptions.irqtest)
 .exceptions.irqtest
                0x00000074       0x10 ../Framework_bsp/\libucosii_bsp.a(alt_irq_entry.o)
 *(.exceptions.irqhandler.user)
 *(.exceptions.irqhandler)
 .exceptions.irqhandler
                0x00000084        0x4 ../Framework_bsp/\libucosii_bsp.a(alt_irq_entry.o)
 *(.exceptions.irqreturn.user)
 *(.exceptions.irqreturn)
 .exceptions.irqreturn
                0x00000088        0x4 ../Framework_bsp/\libucosii_bsp.a(alt_irq_entry.o)
 *(.exceptions.notirq.label)
 .exceptions.notirq.label
                0x0000008c        0x0 ../Framework_bsp/\libucosii_bsp.a(alt_irq_entry.o)
 *(.exceptions.notirq.user)
 *(.exceptions.notirq)
 .exceptions.notirq
                0x0000008c        0x8 ../Framework_bsp/\libucosii_bsp.a(alt_exception_entry.o)
 *(.exceptions.soft.user)
 *(.exceptions.soft)
 *(.exceptions.unknown.user)
 *(.exceptions.unknown)
 .exceptions.unknown
                0x00000094        0x4 ../Framework_bsp/\libucosii_bsp.a(alt_exception_entry.o)
 *(.exceptions.exit.label)
 .exceptions.exit.label
                0x00000098        0x0 ../Framework_bsp/\libucosii_bsp.a(alt_irq_entry.o)
 .exceptions.exit.label
                0x00000098        0x0 ../Framework_bsp/\libucosii_bsp.a(alt_exception_entry.o)
 *(.exceptions.exit.user)
 *(.exceptions.exit)
 .exceptions.exit
                0x00000098       0x54 ../Framework_bsp/\libucosii_bsp.a(alt_exception_entry.o)
 *(.exceptions)
 .exceptions    0x000000ec       0xd0 ../Framework_bsp/\libucosii_bsp.a(alt_irq_handler.o)
                0x000000ec                alt_irq_handler
                0x000001bc                PROVIDE (__ram_exceptions_end, ABSOLUTE (.))
                0x00000020                PROVIDE (__flash_exceptions_start, LOADADDR (.exceptions))

.text           0x000001bc    0x17024
                0x000001bc                PROVIDE (stext, ABSOLUTE (.))
 *(.interp)
 *(.hash)
 *(.dynsym)
 *(.dynstr)
 *(.gnu.version)
 *(.gnu.version_d)
 *(.gnu.version_r)
 *(.rel.init)
 *(.rela.init)
 *(.rel.text .rel.text.* .rel.gnu.linkonce.t.*)
 *(.rela.text .rela.text.* .rela.gnu.linkonce.t.*)
 *(.rel.fini)
 *(.rela.fini)
 *(.rel.rodata .rel.rodata.* .rel.gnu.linkonce.r.*)
 *(.rela.rodata .rela.rodata.* .rela.gnu.linkonce.r.*)
 *(.rel.data .rel.data.* .rel.gnu.linkonce.d.*)
 *(.rela.data .rela.data.* .rela.gnu.linkonce.d.*)
 *(.rel.tdata .rel.tdata.* .rel.gnu.linkonce.td.*)
 *(.rela.tdata .rela.tdata.* .rela.gnu.linkonce.td.*)
 *(.rel.tbss .rel.tbss.* .rel.gnu.linkonce.tb.*)
 *(.rela.tbss .rela.tbss.* .rela.gnu.linkonce.tb.*)
 *(.rel.ctors)
 *(.rela.ctors)
 *(.rel.dtors)
 *(.rela.dtors)
 *(.rel.got)
 *(.rela.got)
 *(.rel.sdata .rel.sdata.* .rel.gnu.linkonce.s.*)
 *(.rela.sdata .rela.sdata.* .rela.gnu.linkonce.s.*)
 *(.rel.sbss .rel.sbss.* .rel.gnu.linkonce.sb.*)
 *(.rela.sbss .rela.sbss.* .rela.gnu.linkonce.sb.*)
 *(.rel.sdata2 .rel.sdata2.* .rel.gnu.linkonce.s2.*)
 *(.rela.sdata2 .rela.sdata2.* .rela.gnu.linkonce.s2.*)
 *(.rel.sbss2 .rel.sbss2.* .rel.gnu.linkonce.sb2.*)
 *(.rela.sbss2 .rela.sbss2.* .rela.gnu.linkonce.sb2.*)
 *(.rel.bss .rel.bss.* .rel.gnu.linkonce.b.*)
 *(.rela.bss .rela.bss.* .rela.gnu.linkonce.b.*)
 *(.rel.plt)
 *(.rela.plt)
 *(.rel.dyn)
 *(.init)
 *(.plt)
 *(.text .stub .text.* .gnu.linkonce.t.*)
 .text          0x000001bc       0x4c ../Framework_bsp//obj/HAL/src/crt0.o
                0x000001bc                _start
 .text          0x00000208      0x5e4 obj/default/framework_main.o
                0x00000208                init
                0x0000027c                I2CWrite
                0x000002e0                I2CRead
                0x0000038c                MeasureDistance
                0x00000404                getData
                0x00000714                main
 .text          0x000007ec      0x1e0 c:/altera/12.1sp1/nios2eds/bin/gnu/h-i686-mingw32/bin/../lib/gcc/nios2-elf/4.1.2\libgcc.a(_mul_sf.o)
                0x000007ec                __mulsf3
 .text          0x000009cc      0x174 c:/altera/12.1sp1/nios2eds/bin/gnu/h-i686-mingw32/bin/../lib/gcc/nios2-elf/4.1.2\libgcc.a(_div_sf.o)
                0x000009cc                __divsf3
 .text          0x00000b40       0x98 c:/altera/12.1sp1/nios2eds/bin/gnu/h-i686-mingw32/bin/../lib/gcc/nios2-elf/4.1.2\libgcc.a(_si_to_sf.o)
                0x00000b40                __floatsisf
 .text          0x00000bd8       0x54 c:/altera/12.1sp1/nios2eds/bin/gnu/h-i686-mingw32/bin/../lib/gcc/nios2-elf/4.1.2\libgcc.a(_sf_to_df.o)
                0x00000bd8                __extendsfdf2
 .text          0x00000c2c        0x0 c:/altera/12.1sp1/nios2eds/bin/gnu/h-i686-mingw32/bin/../lib/gcc/nios2-elf/4.1.2\libgcc.a(_thenan_sf.o)
 .text          0x00000c2c       0xc0 c:/altera/12.1sp1/nios2eds/bin/gnu/h-i686-mingw32/bin/../lib/gcc/nios2-elf/4.1.2\libgcc.a(_usi_to_sf.o)
                0x00000c2c                __floatunsisf
 .text          0x00000cec      0x504 c:/altera/12.1sp1/nios2eds/bin/gnu/h-i686-mingw32/bin/../lib/gcc/nios2-elf/4.1.2\libgcc.a(_addsub_df.o)
                0x000010fc                __subdf3
                0x0000117c                __adddf3
 .text          0x000011f0       0x38 c:/altera/12.1sp1/nios2eds/bin/gnu/h-i686-mingw32/bin/../lib/gcc/nios2-elf/4.1.2\libgcc.a(_make_df.o)
                0x000011f0                __make_dp
 .text          0x00001228        0x0 c:/altera/12.1sp1/nios2eds/bin/gnu/h-i686-mingw32/bin/../lib/gcc/nios2-elf/4.1.2\libgcc.a(_thenan_df.o)
 .text          0x00001228       0x98 c:/altera/12.1sp1/nios2eds/bin/gnu/h-i686-mingw32/bin/../lib/gcc/nios2-elf/4.1.2\libgcc.a(_muldi3.o)
                0x00001228                __muldi3
 .text          0x000012c0       0x80 c:/altera/12.1sp1/nios2eds/bin/gnu/h-i686-mingw32/bin/../lib/gcc/nios2-elf/4.1.2\libgcc.a(_clzsi2.o)
                0x000012c0                __clzsi2
 .text          0x00001340      0x160 c:/altera/12.1sp1/nios2eds/bin/gnu/h-i686-mingw32/bin/../lib/gcc/nios2-elf/4.1.2\libgcc.a(_pack_sf.o)
                0x00001340                __pack_f
 .text          0x000014a0       0xc8 c:/altera/12.1sp1/nios2eds/bin/gnu/h-i686-mingw32/bin/../lib/gcc/nios2-elf/4.1.2\libgcc.a(_unpack_sf.o)
                0x000014a0                __unpack_f
 .text          0x00001568      0x314 c:/altera/12.1sp1/nios2eds/bin/gnu/h-i686-mingw32/bin/../lib/gcc/nios2-elf/4.1.2\libgcc.a(_pack_df.o)
                0x00001568                __pack_d
 .text          0x0000187c      0x138 c:/altera/12.1sp1/nios2eds/bin/gnu/h-i686-mingw32/bin/../lib/gcc/nios2-elf/4.1.2\libgcc.a(_unpack_df.o)
                0x0000187c                __unpack_d
 .text          0x000019b4        0x0 c:/altera/12.1sp1/nios2eds/bin/gnu/h-i686-mingw32/bin/../lib/gcc/nios2-elf/4.1.2\libgcc.a(_clz.o)
 .text          0x000019b4       0x78 c:/altera/12.1sp1/nios2eds/bin/gnu/h-i686-mingw32/bin/../lib/gcc/nios2-elf/4.1.2/../../../../nios2-elf/lib\libc.a(lib_a-printf.o)
                0x000019b4                printf
                0x000019f8                _printf_r
 .text          0x00001a2c     0x1f28 c:/altera/12.1sp1/nios2eds/bin/gnu/h-i686-mingw32/bin/../lib/gcc/nios2-elf/4.1.2/../../../../nios2-elf/lib\libc.a(lib_a-vfprintf.o)
                0x00001a84                ___vfprintf_internal_r
                0x00003930                __vfprintf_internal
 .text          0x00003954      0x13c c:/altera/12.1sp1/nios2eds/bin/gnu/h-i686-mingw32/bin/../lib/gcc/nios2-elf/4.1.2/../../../../nios2-elf/lib\libc.a(lib_a-wsetup.o)
                0x00003954                __swsetup_r
 .text          0x00003a90     0x17cc c:/altera/12.1sp1/nios2eds/bin/gnu/h-i686-mingw32/bin/../lib/gcc/nios2-elf/4.1.2/../../../../nios2-elf/lib\libc.a(lib_a-dtoa.o)
                0x00003ca8                _dtoa_r
 .text          0x0000525c      0x230 c:/altera/12.1sp1/nios2eds/bin/gnu/h-i686-mingw32/bin/../lib/gcc/nios2-elf/4.1.2/../../../../nios2-elf/lib\libc.a(lib_a-fflush.o)
                0x0000525c                _fflush_r
                0x00005458                fflush
 .text          0x0000548c      0x2c0 c:/altera/12.1sp1/nios2eds/bin/gnu/h-i686-mingw32/bin/../lib/gcc/nios2-elf/4.1.2/../../../../nios2-elf/lib\libc.a(lib_a-findfp.o)
                0x000054e4                __sfp_lock_acquire
                0x000054e8                __sfp_lock_release
                0x000054ec                __sinit_lock_acquire
                0x000054f0                __sinit_lock_release
                0x000054f4                __sinit
                0x000055a8                __fp_unlock_all
                0x000055c0                __fp_lock_all
                0x000055d8                _cleanup_r
                0x000055e4                _cleanup
                0x000055f4                __sfmoreglue
                0x0000565c                __sfp
 .text          0x0000574c      0x440 c:/altera/12.1sp1/nios2eds/bin/gnu/h-i686-mingw32/bin/../lib/gcc/nios2-elf/4.1.2/../../../../nios2-elf/lib\libc.a(lib_a-freer.o)
                0x0000574c                _malloc_trim_r
                0x00005878                _free_r
 .text          0x00005b8c      0x49c c:/altera/12.1sp1/nios2eds/bin/gnu/h-i686-mingw32/bin/../lib/gcc/nios2-elf/4.1.2/../../../../nios2-elf/lib\libc.a(lib_a-fvwrite.o)
                0x00005b8c                __sfvwrite_r
 .text          0x00006028      0x180 c:/altera/12.1sp1/nios2eds/bin/gnu/h-i686-mingw32/bin/../lib/gcc/nios2-elf/4.1.2/../../../../nios2-elf/lib\libc.a(lib_a-fwalk.o)
                0x00006028                _fwalk_reent
                0x000060f0                _fwalk
 .text          0x000061a8        0x0 c:/altera/12.1sp1/nios2eds/bin/gnu/h-i686-mingw32/bin/../lib/gcc/nios2-elf/4.1.2/../../../../nios2-elf/lib\libc.a(lib_a-impure.o)
 .text          0x000061a8       0xc4 c:/altera/12.1sp1/nios2eds/bin/gnu/h-i686-mingw32/bin/../lib/gcc/nios2-elf/4.1.2/../../../../nios2-elf/lib\libc.a(lib_a-locale.o)
                0x000061a8                __locale_charset
                0x000061b0                _localeconv_r
                0x000061bc                localeconv
                0x000061cc                _setlocale_r
                0x00006250                setlocale
 .text          0x0000626c      0x194 c:/altera/12.1sp1/nios2eds/bin/gnu/h-i686-mingw32/bin/../lib/gcc/nios2-elf/4.1.2/../../../../nios2-elf/lib\libc.a(lib_a-makebuf.o)
                0x0000626c                __smakebuf_r
 .text          0x00006400      0x740 c:/altera/12.1sp1/nios2eds/bin/gnu/h-i686-mingw32/bin/../lib/gcc/nios2-elf/4.1.2/../../../../nios2-elf/lib\libc.a(lib_a-mallocr.o)
                0x00006400                _malloc_r
 .text          0x00006b40       0xe4 c:/altera/12.1sp1/nios2eds/bin/gnu/h-i686-mingw32/bin/../lib/gcc/nios2-elf/4.1.2/../../../../nios2-elf/lib\libc.a(lib_a-memchr.o)
                0x00006b40                memchr
 .text          0x00006c24       0xa0 c:/altera/12.1sp1/nios2eds/bin/gnu/h-i686-mingw32/bin/../lib/gcc/nios2-elf/4.1.2/../../../../nios2-elf/lib\libc.a(lib_a-memcpy.o)
                0x00006c24                memcpy
 .text          0x00006cc4       0xe0 c:/altera/12.1sp1/nios2eds/bin/gnu/h-i686-mingw32/bin/../lib/gcc/nios2-elf/4.1.2/../../../../nios2-elf/lib\libc.a(lib_a-memmove.o)
                0x00006cc4                memmove
 .text          0x00006da4       0x98 c:/altera/12.1sp1/nios2eds/bin/gnu/h-i686-mingw32/bin/../lib/gcc/nios2-elf/4.1.2/../../../../nios2-elf/lib\libc.a(lib_a-memset.o)
                0x00006da4                memset
 .text          0x00006e3c      0xff4 c:/altera/12.1sp1/nios2eds/bin/gnu/h-i686-mingw32/bin/../lib/gcc/nios2-elf/4.1.2/../../../../nios2-elf/lib\libc.a(lib_a-mprec.o)
                0x00006e3c                _Bfree
                0x00006e64                __hi0bits
                0x00006ed4                __lo0bits
                0x00006f98                __mcmp
                0x00006ff8                __ulp
                0x00007078                __b2d
                0x00007198                __ratio
                0x00007248                _mprec_log10
                0x000072dc                __copybits
                0x00007334                __any_on
                0x000073bc                _Balloc
                0x00007478                __d2b
                0x000075f4                __mdiff
                0x00007780                __lshift
                0x000078cc                __multiply
                0x00007ab4                __i2b
                0x00007af0                __multadd
                0x00007bf0                __pow5mult
                0x00007d10                __s2b
 .text          0x00007e30      0x5f4 c:/altera/12.1sp1/nios2eds/bin/gnu/h-i686-mingw32/bin/../lib/gcc/nios2-elf/4.1.2/../../../../nios2-elf/lib\libc.a(lib_a-reallocr.o)
                0x00007e30                _realloc_r
 .text          0x00008424       0x40 c:/altera/12.1sp1/nios2eds/bin/gnu/h-i686-mingw32/bin/../lib/gcc/nios2-elf/4.1.2/../../../../nios2-elf/lib\libc.a(lib_a-s_isinfd.o)
                0x00008424                __isinfd
 .text          0x00008464       0x30 c:/altera/12.1sp1/nios2eds/bin/gnu/h-i686-mingw32/bin/../lib/gcc/nios2-elf/4.1.2/../../../../nios2-elf/lib\libc.a(lib_a-s_isnand.o)
                0x00008464                __isnand
 .text          0x00008494       0x70 c:/altera/12.1sp1/nios2eds/bin/gnu/h-i686-mingw32/bin/../lib/gcc/nios2-elf/4.1.2/../../../../nios2-elf/lib\libc.a(lib_a-sbrkr.o)
                0x00008494                _sbrk_r
 .text          0x00008504      0x14c c:/altera/12.1sp1/nios2eds/bin/gnu/h-i686-mingw32/bin/../lib/gcc/nios2-elf/4.1.2/../../../../nios2-elf/lib\libc.a(lib_a-stdio.o)
                0x00008504                __sclose
                0x0000850c                __sseek
                0x00008574                __swrite
                0x000085f0                __sread
 .text          0x00008650       0xbc c:/altera/12.1sp1/nios2eds/bin/gnu/h-i686-mingw32/bin/../lib/gcc/nios2-elf/4.1.2/../../../../nios2-elf/lib\libc.a(lib_a-strcmp.o)
                0x00008650                strcmp
 .text          0x0000870c       0x74 c:/altera/12.1sp1/nios2eds/bin/gnu/h-i686-mingw32/bin/../lib/gcc/nios2-elf/4.1.2/../../../../nios2-elf/lib\libc.a(lib_a-strlen.o)
                0x0000870c                strlen
 .text          0x00008780       0x78 c:/altera/12.1sp1/nios2eds/bin/gnu/h-i686-mingw32/bin/../lib/gcc/nios2-elf/4.1.2/../../../../nios2-elf/lib\libc.a(lib_a-writer.o)
                0x00008780                _write_r
 .text          0x000087f8       0xb4 c:/altera/12.1sp1/nios2eds/bin/gnu/h-i686-mingw32/bin/../lib/gcc/nios2-elf/4.1.2/../../../../nios2-elf/lib\libc.a(lib_a-callocr.o)
                0x000087f8                _calloc_r
 .text          0x000088ac       0x70 c:/altera/12.1sp1/nios2eds/bin/gnu/h-i686-mingw32/bin/../lib/gcc/nios2-elf/4.1.2/../../../../nios2-elf/lib\libc.a(lib_a-closer.o)
                0x000088ac                _close_r
 .text          0x0000891c      0x124 c:/altera/12.1sp1/nios2eds/bin/gnu/h-i686-mingw32/bin/../lib/gcc/nios2-elf/4.1.2/../../../../nios2-elf/lib\libc.a(lib_a-fclose.o)
                0x0000891c                _fclose_r
                0x00008a2c                fclose
 .text          0x00008a40       0x74 c:/altera/12.1sp1/nios2eds/bin/gnu/h-i686-mingw32/bin/../lib/gcc/nios2-elf/4.1.2/../../../../nios2-elf/lib\libc.a(lib_a-fstatr.o)
                0x00008a40                _fstat_r
 .text          0x00008ab4        0x0 c:/altera/12.1sp1/nios2eds/bin/gnu/h-i686-mingw32/bin/../lib/gcc/nios2-elf/4.1.2/../../../../nios2-elf/lib\libc.a(lib_a-int_errno.o)
 .text          0x00008ab4       0x70 c:/altera/12.1sp1/nios2eds/bin/gnu/h-i686-mingw32/bin/../lib/gcc/nios2-elf/4.1.2/../../../../nios2-elf/lib\libc.a(lib_a-isattyr.o)
                0x00008ab4                _isatty_r
 .text          0x00008b24       0x78 c:/altera/12.1sp1/nios2eds/bin/gnu/h-i686-mingw32/bin/../lib/gcc/nios2-elf/4.1.2/../../../../nios2-elf/lib\libc.a(lib_a-lseekr.o)
                0x00008b24                _lseek_r
 .text          0x00008b9c       0x78 c:/altera/12.1sp1/nios2eds/bin/gnu/h-i686-mingw32/bin/../lib/gcc/nios2-elf/4.1.2/../../../../nios2-elf/lib\libc.a(lib_a-readr.o)
                0x00008b9c                _read_r
 .text          0x00008c14      0x5dc c:/altera/12.1sp1/nios2eds/bin/gnu/h-i686-mingw32/bin/../lib/gcc/nios2-elf/4.1.2\libgcc.a(_udivdi3.o)
                0x00008c14                __udivdi3
 .text          0x000091f0      0x5b0 c:/altera/12.1sp1/nios2eds/bin/gnu/h-i686-mingw32/bin/../lib/gcc/nios2-elf/4.1.2\libgcc.a(_umoddi3.o)
                0x000091f0                __umoddi3
 .text          0x000097a0      0x3c4 c:/altera/12.1sp1/nios2eds/bin/gnu/h-i686-mingw32/bin/../lib/gcc/nios2-elf/4.1.2\libgcc.a(_mul_df.o)
                0x000097a0                __muldf3
 .text          0x00009b64      0x258 c:/altera/12.1sp1/nios2eds/bin/gnu/h-i686-mingw32/bin/../lib/gcc/nios2-elf/4.1.2\libgcc.a(_div_df.o)
                0x00009b64                __divdf3
 .text          0x00009dbc       0x88 c:/altera/12.1sp1/nios2eds/bin/gnu/h-i686-mingw32/bin/../lib/gcc/nios2-elf/4.1.2\libgcc.a(_eq_df.o)
                0x00009dbc                __eqdf2
 .text          0x00009e44       0x88 c:/altera/12.1sp1/nios2eds/bin/gnu/h-i686-mingw32/bin/../lib/gcc/nios2-elf/4.1.2\libgcc.a(_ne_df.o)
                0x00009e44                __nedf2
 .text          0x00009ecc       0x88 c:/altera/12.1sp1/nios2eds/bin/gnu/h-i686-mingw32/bin/../lib/gcc/nios2-elf/4.1.2\libgcc.a(_gt_df.o)
                0x00009ecc                __gtdf2
 .text          0x00009f54       0x88 c:/altera/12.1sp1/nios2eds/bin/gnu/h-i686-mingw32/bin/../lib/gcc/nios2-elf/4.1.2\libgcc.a(_ge_df.o)
                0x00009f54                __gedf2
 .text          0x00009fdc       0x88 c:/altera/12.1sp1/nios2eds/bin/gnu/h-i686-mingw32/bin/../lib/gcc/nios2-elf/4.1.2\libgcc.a(_lt_df.o)
                0x00009fdc                __ltdf2
 .text          0x0000a064       0xf8 c:/altera/12.1sp1/nios2eds/bin/gnu/h-i686-mingw32/bin/../lib/gcc/nios2-elf/4.1.2\libgcc.a(_si_to_df.o)
                0x0000a064                __floatsidf
 .text          0x0000a15c       0xd8 c:/altera/12.1sp1/nios2eds/bin/gnu/h-i686-mingw32/bin/../lib/gcc/nios2-elf/4.1.2\libgcc.a(_df_to_si.o)
                0x0000a15c                __fixdfsi
 .text          0x0000a234      0x194 c:/altera/12.1sp1/nios2eds/bin/gnu/h-i686-mingw32/bin/../lib/gcc/nios2-elf/4.1.2\libgcc.a(_usi_to_df.o)
                0x0000a234                __floatunsidf
 .text          0x0000a3c8      0x14c c:/altera/12.1sp1/nios2eds/bin/gnu/h-i686-mingw32/bin/../lib/gcc/nios2-elf/4.1.2\libgcc.a(lib2-divmod.o)
                0x0000a444                __divsi3
                0x0000a4a4                __modsi3
                0x0000a504                __udivsi3
                0x0000a50c                __umodsi3
 .text          0x0000a514       0xc8 c:/altera/12.1sp1/nios2eds/bin/gnu/h-i686-mingw32/bin/../lib/gcc/nios2-elf/4.1.2\libgcc.a(_fpcmp_parts_df.o)
                0x0000a514                __fpcmp_parts_d
 .text          0x0000a5dc      0x15c ../Framework_bsp/\libucosii_bsp.a(alt_close.o)
                0x0000a5dc                close
 .text          0x0000a738       0x2c ../Framework_bsp/\libucosii_bsp.a(alt_dev.o)
 .text          0x0000a764        0x0 ../Framework_bsp/\libucosii_bsp.a(alt_errno.o)
 .text          0x0000a764      0x134 ../Framework_bsp/\libucosii_bsp.a(alt_fstat.o)
                0x0000a764                fstat
 .text          0x0000a898      0x120 ../Framework_bsp/\libucosii_bsp.a(alt_isatty.o)
                0x0000a898                isatty
 .text          0x0000a9b8       0xec ../Framework_bsp/\libucosii_bsp.a(alt_load.o)
                0x0000a9b8                alt_load
 .text          0x0000aaa4      0x150 ../Framework_bsp/\libucosii_bsp.a(alt_lseek.o)
                0x0000aaa4                lseek
 .text          0x0000abf4       0xc8 ../Framework_bsp/\libucosii_bsp.a(alt_main.o)
                0x0000abf4                alt_main
 .text          0x0000acbc      0x180 ../Framework_bsp/\libucosii_bsp.a(alt_read.o)
                0x0000acbc                read
 .text          0x0000ae3c       0x60 ../Framework_bsp/\libucosii_bsp.a(alt_release_fd.o)
                0x0000ae3c                alt_release_fd
 .text          0x0000ae9c       0xbc ../Framework_bsp/\libucosii_bsp.a(alt_sbrk.o)
                0x0000ae9c                sbrk
 .text          0x0000af58      0x180 ../Framework_bsp/\libucosii_bsp.a(alt_write.o)
                0x0000af58                write
 .text          0x0000b0d8      0x108 ../Framework_bsp/\libucosii_bsp.a(alt_env_lock.o)
                0x0000b0d8                __env_lock
                0x0000b184                __env_unlock
 .text          0x0000b1e0      0x1d8 ../Framework_bsp/\libucosii_bsp.a(alt_malloc_lock.o)
                0x0000b1e0                __malloc_lock
                0x0000b2e8                __malloc_unlock
 .text          0x0000b3b8     0x2128 ../Framework_bsp/\libucosii_bsp.a(os_core.o)
                0x0000b3b8                OSEventNameGet
                0x0000b4e8                OSEventNameSet
                0x0000b62c                OSEventPendMulti
                0x0000bce0                OSInit
                0x0000bd34                OSIntEnter
                0x0000bdb0                OSIntExit
                0x0000beb0                OSSchedLock
                0x0000bf3c                OSSchedUnlock
                0x0000c020                OSStart
                0x0000c090                OSStatInit
                0x0000c13c                OSTimeTick
                0x0000c37c                OSVersion
                0x0000c39c                OS_Dummy
                0x0000c3b8                OS_EventTaskRdy
                0x0000c54c                OS_EventTaskWait
                0x0000c65c                OS_EventTaskWaitMulti
                0x0000c7b0                OS_EventTaskRemove
                0x0000c868                OS_EventTaskRemoveMulti
                0x0000c96c                OS_EventWaitListInit
                0x0000cd38                OS_MemClr
                0x0000cd8c                OS_MemCopy
                0x0000cdf8                OS_Sched
                0x0000cf3c                OS_StrCopy
                0x0000cfbc                OS_StrLen
                0x0000d014                OS_TaskIdle
                0x0000d070                OS_TaskStat
                0x0000d138                OS_TaskStatStkChk
                0x0000d200                OS_TCBInit
 .text          0x0000d4e0      0x18c ../Framework_bsp/\libucosii_bsp.a(os_dbg.o)
                0x0000d4e0                OSDebugInit
 .text          0x0000d66c     0x193c ../Framework_bsp/\libucosii_bsp.a(os_flag.o)
                0x0000d66c                OSFlagAccept
                0x0000d9a0                OSFlagCreate
                0x0000dadc                OSFlagDel
                0x0000dd84                OSFlagNameGet
                0x0000dec8                OSFlagNameSet
                0x0000e01c                OSFlagPend
                0x0000e660                OSFlagPendGetFlagsRdy
                0x0000e6c8                OSFlagPost
                0x0000ea70                OSFlagQuery
                0x0000ed08                OS_FlagInit
                0x0000eefc                OS_FlagUnlink
 .text          0x0000efa8      0x808 ../Framework_bsp/\libucosii_bsp.a(os_mem.o)
                0x0000efa8                OSMemCreate
                0x0000f1c4                OSMemGet
                0x0000f2c8                OSMemNameGet
                0x0000f3d4                OSMemNameSet
                0x0000f4f4                OSMemPut
                0x0000f5e4                OSMemQuery
                0x0000f6e0                OS_MemInit
 .text          0x0000f7b0     0x1334 ../Framework_bsp/\libucosii_bsp.a(os_q.o)
                0x0000f7b0                OSQAccept
                0x0000f904                OSQCreate
                0x0000fb18                OSQDel
                0x0000fe18                OSQFlush
                0x0000fee0                OSQPend
                0x00010200                OSQPendAbort
                0x0001037c                OSQPost
                0x000104fc                OSQPostFront
                0x00010684                OSQPostOpt
                0x000108b8                OSQQuery
                0x00010a38                OS_QInit
 .text          0x00010ae4      0xbc8 ../Framework_bsp/\libucosii_bsp.a(os_sem.o)
                0x00010ae4                OSSemAccept
                0x00010ba4                OSSemCreate
                0x00010cb8                OSSemDel
                0x00010f58                OSSemPend
                0x000111d4                OSSemPendAbort
                0x00011350                OSSemPost
                0x00011478                OSSemQuery
                0x000115a8                OSSemSet
 .text          0x000116ac     0x1a40 ../Framework_bsp/\libucosii_bsp.a(os_task.o)
                0x000116ac                OSTaskChangePrio
                0x00011c20                OSTaskCreate
                0x00011df4                OSTaskCreateExt
                0x00011ff4                OSTaskDel
                0x00012400                OSTaskDelReq
                0x00012570                OSTaskNameGet
                0x00012728                OSTaskNameSet
                0x000128ec                OSTaskResume
                0x00012b04                OSTaskStkChk
                0x00012d00                OSTaskSuspend
                0x00012f2c                OSTaskQuery
                0x00013070                OS_TaskStkClr
 .text          0x000130ec      0x598 ../Framework_bsp/\libucosii_bsp.a(os_time.o)
                0x000130ec                OSTimeDly
                0x00013238                OSTimeDlyHMSM
                0x000133ac                OSTimeDlyResume
                0x000135bc                OSTimeGet
                0x00013620                OSTimeSet
 .text          0x00013684       0xd0 ../Framework_bsp/\libucosii_bsp.a(alt_sys_init.o)
                0x00013684                alt_irq_init
                0x000136b8                alt_sys_init
 .text          0x00013754      0x9e4 ../Framework_bsp/\libucosii_bsp.a(altera_avalon_epcs_flash_controller.o)
                0x00013754                alt_epcs_flash_init
                0x00013b70                alt_epcs_flash_write
                0x00013df0                alt_epcs_flash_get_info
                0x00013e80                alt_epcs_flash_erase_block
                0x00013f84                alt_epcs_flash_write_block
                0x000140a0                alt_epcs_flash_read
 .text          0x00014138      0x148 ../Framework_bsp/\libucosii_bsp.a(altera_avalon_jtag_uart_fd.o)
                0x00014138                altera_avalon_jtag_uart_read_fd
                0x00014190                altera_avalon_jtag_uart_write_fd
                0x000141e8                altera_avalon_jtag_uart_close_fd
                0x00014230                altera_avalon_jtag_uart_ioctl_fd
 .text          0x00014280      0x584 ../Framework_bsp/\libucosii_bsp.a(altera_avalon_jtag_uart_init.o)
                0x00014280                altera_avalon_jtag_uart_init
                0x00014790                altera_avalon_jtag_uart_close
 .text          0x00014804       0xf4 ../Framework_bsp/\libucosii_bsp.a(altera_avalon_jtag_uart_ioctl.o)
                0x00014804                altera_avalon_jtag_uart_ioctl
 .text          0x000148f8      0x2c0 ../Framework_bsp/\libucosii_bsp.a(altera_avalon_jtag_uart_read.o)
                0x000148f8                altera_avalon_jtag_uart_read
 .text          0x00014bb8      0x2dc ../Framework_bsp/\libucosii_bsp.a(altera_avalon_jtag_uart_write.o)
                0x00014bb8                altera_avalon_jtag_uart_write
 .text          0x00014e94      0x100 ../Framework_bsp/\libucosii_bsp.a(altera_avalon_timer_sc.o)
                0x00014f04                alt_avalon_timer_sc_init
 .text          0x00014f94      0x6d4 ../Framework_bsp/\libucosii_bsp.a(epcs_commands.o)
                0x00014f94                epcs_read_status_register
                0x00014ff4                epcs_sector_erase
                0x0001515c                epcs_read_buffer
                0x000152a8                epcs_write_enable
                0x000152f8                epcs_write_status_register
                0x0001535c                epcs_write_buffer
                0x000154cc                epcs_read_electronic_signature
                0x00015538                epcs_read_device_id
                0x000155b8                epcs_enter_4_bytes_mode
                0x00015610                epcs_exit_4_bytes_mode
 .text          0x00015668      0x154 ../Framework_bsp/\libucosii_bsp.a(alt_alarm_start.o)
                0x00015668                alt_alarm_start
 .text          0x000157bc       0x44 ../Framework_bsp/\libucosii_bsp.a(alt_dcache_flush_all.o)
                0x000157bc                alt_dcache_flush_all
 .text          0x00015800      0x114 ../Framework_bsp/\libucosii_bsp.a(alt_dev_llist_insert.o)
                0x00015800                alt_dev_llist_insert
 .text          0x00015914       0x64 ../Framework_bsp/\libucosii_bsp.a(alt_do_ctors.o)
                0x00015914                _do_ctors
 .text          0x00015978       0x64 ../Framework_bsp/\libucosii_bsp.a(alt_do_dtors.o)
                0x00015978                _do_dtors
 .text          0x000159dc       0xd0 ../Framework_bsp/\libucosii_bsp.a(alt_flash_dev.o)
                0x000159dc                alt_flash_open_dev
                0x00015a58                alt_flash_close_dev
 .text          0x00015aac       0x30 ../Framework_bsp/\libucosii_bsp.a(alt_icache_flush_all.o)
                0x00015aac                alt_icache_flush_all
 .text          0x00015adc      0x1d4 ../Framework_bsp/\libucosii_bsp.a(alt_iic.o)
                0x00015adc                alt_ic_isr_register
                0x00015b2c                alt_ic_irq_enable
                0x00015bc8                alt_ic_irq_disable
                0x00015c68                alt_ic_irq_enabled
 .text          0x00015cb0       0xf8 ../Framework_bsp/\libucosii_bsp.a(alt_iic_isr_register.o)
                0x00015cb0                alt_iic_isr_register
 .text          0x00015da8      0x13c ../Framework_bsp/\libucosii_bsp.a(alt_io_redirect.o)
                0x00015e6c                alt_io_redirect
 .text          0x00015ee4        0x0 ../Framework_bsp/\libucosii_bsp.a(alt_irq_entry.o)
 .text          0x00015ee4        0x0 ../Framework_bsp/\libucosii_bsp.a(alt_irq_handler.o)
 .text          0x00015ee4        0x0 ../Framework_bsp/\libucosii_bsp.a(alt_irq_vars.o)
 .text          0x00015ee4      0x2c4 ../Framework_bsp/\libucosii_bsp.a(alt_open.o)
                0x00015fc0                open
 .text          0x000161a8      0x1a8 ../Framework_bsp/\libucosii_bsp.a(alt_tick.o)
                0x000161a8                alt_alarm_stop
                0x00016240                alt_tick
 .text          0x00016350       0x20 ../Framework_bsp/\libucosii_bsp.a(altera_nios2_irq.o)
                0x00016350                altera_nios2_irq_init
 .text          0x00016370       0xd0 ../Framework_bsp/\libucosii_bsp.a(os_cpu_a.o)
                0x00016370                OSCtxSw
                0x00016370                OSIntCtxSw
                0x000163fc                OSStartHighRdy
                0x0001641c                OSStartTsk
 .text          0x00016440      0x418 ../Framework_bsp/\libucosii_bsp.a(os_cpu_c.o)
                0x00016440                OSTaskStkInit
                0x00016750                OSTaskCreateHook
                0x00016770                OSTaskDelHook
                0x00016790                OSTaskSwHook
                0x000167ac                OSTaskStatHook
                0x000167c8                OSTimeTickHook
                0x000167e4                OSInitHookBegin
                0x00016800                OSInitHookEnd
                0x0001681c                OSTaskIdleHook
                0x00016838                OSTCBInitHook
 .text          0x00016858      0x238 ../Framework_bsp/\libucosii_bsp.a(altera_avalon_spi.o)
                0x00016858                alt_avalon_spi_command
 .text          0x00016a90        0x0 ../Framework_bsp/\libucosii_bsp.a(alt_exception_entry.o)
 .text          0x00016a90       0x94 ../Framework_bsp/\libucosii_bsp.a(alt_find_dev.o)
                0x00016a90                alt_find_dev
 .text          0x00016b24      0x120 ../Framework_bsp/\libucosii_bsp.a(alt_find_file.o)
                0x00016b24                alt_find_file
 .text          0x00016c44       0xf4 ../Framework_bsp/\libucosii_bsp.a(alt_get_fd.o)
                0x00016c44                alt_get_fd
 .text          0x00016d38       0x90 ../Framework_bsp/\libucosii_bsp.a(alt_icache_flush.o)
                0x00016d38                alt_icache_flush
 .text          0x00016dc8       0x14 c:/altera/12.1sp1/nios2eds/bin/gnu/h-i686-mingw32/bin/../lib/gcc/nios2-elf/4.1.2/../../../../nios2-elf/lib\libc.a(lib_a-atexit.o)
                0x00016dc8                atexit
 .text          0x00016ddc       0x38 c:/altera/12.1sp1/nios2eds/bin/gnu/h-i686-mingw32/bin/../lib/gcc/nios2-elf/4.1.2/../../../../nios2-elf/lib\libc.a(lib_a-exit.o)
                0x00016ddc                exit
 .text          0x00016e14       0x74 c:/altera/12.1sp1/nios2eds/bin/gnu/h-i686-mingw32/bin/../lib/gcc/nios2-elf/4.1.2/../../../../nios2-elf/lib\libc.a(lib_a-memcmp.o)
                0x00016e14                memcmp
 .text          0x00016e88      0x134 c:/altera/12.1sp1/nios2eds/bin/gnu/h-i686-mingw32/bin/../lib/gcc/nios2-elf/4.1.2/../../../../nios2-elf/lib\libc.a(lib_a-__atexit.o)
                0x00016e88                __register_exitproc
 .text          0x00016fbc      0x1b4 c:/altera/12.1sp1/nios2eds/bin/gnu/h-i686-mingw32/bin/../lib/gcc/nios2-elf/4.1.2/../../../../nios2-elf/lib\libc.a(lib_a-__call_atexit.o)
                0x00016fc0                __call_exitprocs
 .text          0x00017170       0x6c ../Framework_bsp/\libucosii_bsp.a(alt_exit.o)
                0x000171b0                _exit
 *(.gnu.warning.*)
 *(.fini)
                0x000171dc                PROVIDE (__etext, ABSOLUTE (.))
                0x000171dc                PROVIDE (_etext, ABSOLUTE (.))
                0x000171dc                PROVIDE (etext, ABSOLUTE (.))
 *(.eh_frame_hdr)
                0x000171dc                . = ALIGN (0x4)
                0x000171dc                PROVIDE (__preinit_array_start, ABSOLUTE (.))
 *(.preinit_array)
                0x000171dc                PROVIDE (__preinit_array_end, ABSOLUTE (.))
                0x000171dc                PROVIDE (__init_array_start, ABSOLUTE (.))
 *(.init_array)
                0x000171dc                PROVIDE (__init_array_end, ABSOLUTE (.))
                0x000171dc                PROVIDE (__fini_array_start, ABSOLUTE (.))
 *(.fini_array)
                0x000171dc                PROVIDE (__fini_array_end, ABSOLUTE (.))
 *(.eh_frame)
 *(.gcc_except_table)
 *(.dynamic)
                0x000171dc                PROVIDE (__CTOR_LIST__, ABSOLUTE (.))
 *(.ctors)
 *(SORT(.ctors.*))
 .ctors.65535   0x000171dc        0x4 c:/altera/12.1sp1/nios2eds/bin/gnu/h-i686-mingw32/bin/../lib/gcc/nios2-elf/4.1.2/../../../../nios2-elf/lib\libc.a(lib_a-__call_atexit.o)
                0x000171e0                PROVIDE (__CTOR_END__, ABSOLUTE (.))
                0x000171e0                PROVIDE (__DTOR_LIST__, ABSOLUTE (.))
 *(.dtors)
 *(SORT(.dtors.*))
                0x000171e0                PROVIDE (__DTOR_END__, ABSOLUTE (.))
 *(.jcr)
                0x000171e0                . = ALIGN (0x4)

.rodata         0x000171e0      0x4ec
                0x000171e0                PROVIDE (__ram_rodata_start, ABSOLUTE (.))
                0x000171e0                . = ALIGN (0x4)
 *(.rodata .rodata.* .gnu.linkonce.r.*)
 .rodata        0x000171e0       0x74 obj/default/framework_main.o
 .rodata        0x00017254       0x10 c:/altera/12.1sp1/nios2eds/bin/gnu/h-i686-mingw32/bin/../lib/gcc/nios2-elf/4.1.2\libgcc.a(_thenan_sf.o)
                0x00017254                __thenan_sf
 .rodata        0x00017264       0x14 c:/altera/12.1sp1/nios2eds/bin/gnu/h-i686-mingw32/bin/../lib/gcc/nios2-elf/4.1.2\libgcc.a(_thenan_df.o)
                0x00017264                __thenan_df
 .rodata        0x00017278      0x100 c:/altera/12.1sp1/nios2eds/bin/gnu/h-i686-mingw32/bin/../lib/gcc/nios2-elf/4.1.2\libgcc.a(_clz.o)
                0x00017278                __clz_tab
 .rodata.str1.4
                0x00017378       0x5e c:/altera/12.1sp1/nios2eds/bin/gnu/h-i686-mingw32/bin/../lib/gcc/nios2-elf/4.1.2/../../../../nios2-elf/lib\libc.a(lib_a-vfprintf.o)
                                 0x60 (size before relaxing)
 .rodata        0x000173d6       0x20 c:/altera/12.1sp1/nios2eds/bin/gnu/h-i686-mingw32/bin/../lib/gcc/nios2-elf/4.1.2/../../../../nios2-elf/lib\libc.a(lib_a-vfprintf.o)
 *fill*         0x000173f6        0x2 00
 .rodata.str1.4
                0x000173f8       0x10 c:/altera/12.1sp1/nios2eds/bin/gnu/h-i686-mingw32/bin/../lib/gcc/nios2-elf/4.1.2/../../../../nios2-elf/lib\libc.a(lib_a-dtoa.o)
                                 0x14 (size before relaxing)
 .rodata.str1.4
                0x00017408        0x2 c:/altera/12.1sp1/nios2eds/bin/gnu/h-i686-mingw32/bin/../lib/gcc/nios2-elf/4.1.2/../../../../nios2-elf/lib\libc.a(lib_a-impure.o)
                                  0x4 (size before relaxing)
 *fill*         0x0001740a        0x2 00
 .rodata.str1.4
                0x0001740c       0x10 c:/altera/12.1sp1/nios2eds/bin/gnu/h-i686-mingw32/bin/../lib/gcc/nios2-elf/4.1.2/../../../../nios2-elf/lib\libc.a(lib_a-locale.o)
                                 0x18 (size before relaxing)
 .rodata        0x0001741c       0x30 c:/altera/12.1sp1/nios2eds/bin/gnu/h-i686-mingw32/bin/../lib/gcc/nios2-elf/4.1.2/../../../../nios2-elf/lib\libc.a(lib_a-locale.o)
 .rodata        0x0001744c      0x124 c:/altera/12.1sp1/nios2eds/bin/gnu/h-i686-mingw32/bin/../lib/gcc/nios2-elf/4.1.2/../../../../nios2-elf/lib\libc.a(lib_a-mprec.o)
                0x0001744c                __mprec_tens
                0x00017514                __mprec_bigtens
                0x0001753c                __mprec_tinytens
 .rodata        0x00017570        0xc ../Framework_bsp/\libucosii_bsp.a(alt_dev.o)
 .rodata        0x0001757c       0x10 ../Framework_bsp/\libucosii_bsp.a(alt_main.o)
 .rodata        0x0001758c      0x120 ../Framework_bsp/\libucosii_bsp.a(os_core.o)
                0x0001758c                OSUnMapTbl
 .rodata        0x000176ac       0x1c ../Framework_bsp/\libucosii_bsp.a(alt_sys_init.o)
 .rodata        0x000176c8        0x4 ../Framework_bsp/\libucosii_bsp.a(os_cpu_c.o)
 *(.rodata1)
                0x000176cc                . = ALIGN (0x4)
                0x000176cc                PROVIDE (__ram_rodata_end, ABSOLUTE (.))
                0x000171e0                PROVIDE (__flash_rodata_start, LOADADDR (.rodata))

.rwdata         0x000176cc     0x1bb4 load address 0x00019280
                0x000176cc                PROVIDE (__ram_rwdata_start, ABSOLUTE (.))
                0x000176cc                . = ALIGN (0x4)
 *(.got.plt)
 *(.got)
 *(.data1)
 *(.data .data.* .gnu.linkonce.d.*)
 .data          0x000176cc        0x0 ../Framework_bsp//obj/HAL/src/crt0.o
 .data          0x000176cc        0x0 obj/default/framework_main.o
 .data          0x000176cc        0x0 c:/altera/12.1sp1/nios2eds/bin/gnu/h-i686-mingw32/bin/../lib/gcc/nios2-elf/4.1.2\libgcc.a(_mul_sf.o)
 .data          0x000176cc        0x0 c:/altera/12.1sp1/nios2eds/bin/gnu/h-i686-mingw32/bin/../lib/gcc/nios2-elf/4.1.2\libgcc.a(_div_sf.o)
 .data          0x000176cc        0x0 c:/altera/12.1sp1/nios2eds/bin/gnu/h-i686-mingw32/bin/../lib/gcc/nios2-elf/4.1.2\libgcc.a(_si_to_sf.o)
 .data          0x000176cc        0x0 c:/altera/12.1sp1/nios2eds/bin/gnu/h-i686-mingw32/bin/../lib/gcc/nios2-elf/4.1.2\libgcc.a(_sf_to_df.o)
 .data          0x000176cc        0x0 c:/altera/12.1sp1/nios2eds/bin/gnu/h-i686-mingw32/bin/../lib/gcc/nios2-elf/4.1.2\libgcc.a(_thenan_sf.o)
 .data          0x000176cc        0x0 c:/altera/12.1sp1/nios2eds/bin/gnu/h-i686-mingw32/bin/../lib/gcc/nios2-elf/4.1.2\libgcc.a(_usi_to_sf.o)
 .data          0x000176cc        0x0 c:/altera/12.1sp1/nios2eds/bin/gnu/h-i686-mingw32/bin/../lib/gcc/nios2-elf/4.1.2\libgcc.a(_addsub_df.o)
 .data          0x000176cc        0x0 c:/altera/12.1sp1/nios2eds/bin/gnu/h-i686-mingw32/bin/../lib/gcc/nios2-elf/4.1.2\libgcc.a(_make_df.o)
 .data          0x000176cc        0x0 c:/altera/12.1sp1/nios2eds/bin/gnu/h-i686-mingw32/bin/../lib/gcc/nios2-elf/4.1.2\libgcc.a(_thenan_df.o)
 .data          0x000176cc        0x0 c:/altera/12.1sp1/nios2eds/bin/gnu/h-i686-mingw32/bin/../lib/gcc/nios2-elf/4.1.2\libgcc.a(_muldi3.o)
 .data          0x000176cc        0x0 c:/altera/12.1sp1/nios2eds/bin/gnu/h-i686-mingw32/bin/../lib/gcc/nios2-elf/4.1.2\libgcc.a(_clzsi2.o)
 .data          0x000176cc        0x0 c:/altera/12.1sp1/nios2eds/bin/gnu/h-i686-mingw32/bin/../lib/gcc/nios2-elf/4.1.2\libgcc.a(_pack_sf.o)
 .data          0x000176cc        0x0 c:/altera/12.1sp1/nios2eds/bin/gnu/h-i686-mingw32/bin/../lib/gcc/nios2-elf/4.1.2\libgcc.a(_unpack_sf.o)
 .data          0x000176cc        0x0 c:/altera/12.1sp1/nios2eds/bin/gnu/h-i686-mingw32/bin/../lib/gcc/nios2-elf/4.1.2\libgcc.a(_pack_df.o)
 .data          0x000176cc        0x0 c:/altera/12.1sp1/nios2eds/bin/gnu/h-i686-mingw32/bin/../lib/gcc/nios2-elf/4.1.2\libgcc.a(_unpack_df.o)
 .data          0x000176cc        0x0 c:/altera/12.1sp1/nios2eds/bin/gnu/h-i686-mingw32/bin/../lib/gcc/nios2-elf/4.1.2\libgcc.a(_clz.o)
 .data          0x000176cc        0x0 c:/altera/12.1sp1/nios2eds/bin/gnu/h-i686-mingw32/bin/../lib/gcc/nios2-elf/4.1.2/../../../../nios2-elf/lib\libc.a(lib_a-printf.o)
 .data          0x000176cc        0x0 c:/altera/12.1sp1/nios2eds/bin/gnu/h-i686-mingw32/bin/../lib/gcc/nios2-elf/4.1.2/../../../../nios2-elf/lib\libc.a(lib_a-vfprintf.o)
 .data          0x000176cc        0x0 c:/altera/12.1sp1/nios2eds/bin/gnu/h-i686-mingw32/bin/../lib/gcc/nios2-elf/4.1.2/../../../../nios2-elf/lib\libc.a(lib_a-wsetup.o)
 .data          0x000176cc        0x0 c:/altera/12.1sp1/nios2eds/bin/gnu/h-i686-mingw32/bin/../lib/gcc/nios2-elf/4.1.2/../../../../nios2-elf/lib\libc.a(lib_a-dtoa.o)
 .data          0x000176cc        0x0 c:/altera/12.1sp1/nios2eds/bin/gnu/h-i686-mingw32/bin/../lib/gcc/nios2-elf/4.1.2/../../../../nios2-elf/lib\libc.a(lib_a-fflush.o)
 .data          0x000176cc        0x0 c:/altera/12.1sp1/nios2eds/bin/gnu/h-i686-mingw32/bin/../lib/gcc/nios2-elf/4.1.2/../../../../nios2-elf/lib\libc.a(lib_a-findfp.o)
 .data          0x000176cc        0x0 c:/altera/12.1sp1/nios2eds/bin/gnu/h-i686-mingw32/bin/../lib/gcc/nios2-elf/4.1.2/../../../../nios2-elf/lib\libc.a(lib_a-freer.o)
 .data          0x000176cc        0x0 c:/altera/12.1sp1/nios2eds/bin/gnu/h-i686-mingw32/bin/../lib/gcc/nios2-elf/4.1.2/../../../../nios2-elf/lib\libc.a(lib_a-fvwrite.o)
 .data          0x000176cc        0x0 c:/altera/12.1sp1/nios2eds/bin/gnu/h-i686-mingw32/bin/../lib/gcc/nios2-elf/4.1.2/../../../../nios2-elf/lib\libc.a(lib_a-fwalk.o)
 .data          0x000176cc      0x400 c:/altera/12.1sp1/nios2eds/bin/gnu/h-i686-mingw32/bin/../lib/gcc/nios2-elf/4.1.2/../../../../nios2-elf/lib\libc.a(lib_a-impure.o)
 .data          0x00017acc        0xc c:/altera/12.1sp1/nios2eds/bin/gnu/h-i686-mingw32/bin/../lib/gcc/nios2-elf/4.1.2/../../../../nios2-elf/lib\libc.a(lib_a-locale.o)
                0x00017acc                __lc_ctype
 .data          0x00017ad8        0x0 c:/altera/12.1sp1/nios2eds/bin/gnu/h-i686-mingw32/bin/../lib/gcc/nios2-elf/4.1.2/../../../../nios2-elf/lib\libc.a(lib_a-makebuf.o)
 .data          0x00017ad8      0x408 c:/altera/12.1sp1/nios2eds/bin/gnu/h-i686-mingw32/bin/../lib/gcc/nios2-elf/4.1.2/../../../../nios2-elf/lib\libc.a(lib_a-mallocr.o)
                0x00017ad8                __malloc_av_
 .data          0x00017ee0        0x0 c:/altera/12.1sp1/nios2eds/bin/gnu/h-i686-mingw32/bin/../lib/gcc/nios2-elf/4.1.2/../../../../nios2-elf/lib\libc.a(lib_a-memchr.o)
 .data          0x00017ee0        0x0 c:/altera/12.1sp1/nios2eds/bin/gnu/h-i686-mingw32/bin/../lib/gcc/nios2-elf/4.1.2/../../../../nios2-elf/lib\libc.a(lib_a-memcpy.o)
 .data          0x00017ee0        0x0 c:/altera/12.1sp1/nios2eds/bin/gnu/h-i686-mingw32/bin/../lib/gcc/nios2-elf/4.1.2/../../../../nios2-elf/lib\libc.a(lib_a-memmove.o)
 .data          0x00017ee0        0x0 c:/altera/12.1sp1/nios2eds/bin/gnu/h-i686-mingw32/bin/../lib/gcc/nios2-elf/4.1.2/../../../../nios2-elf/lib\libc.a(lib_a-memset.o)
 .data          0x00017ee0        0x0 c:/altera/12.1sp1/nios2eds/bin/gnu/h-i686-mingw32/bin/../lib/gcc/nios2-elf/4.1.2/../../../../nios2-elf/lib\libc.a(lib_a-mprec.o)
 .data          0x00017ee0        0x0 c:/altera/12.1sp1/nios2eds/bin/gnu/h-i686-mingw32/bin/../lib/gcc/nios2-elf/4.1.2/../../../../nios2-elf/lib\libc.a(lib_a-reallocr.o)
 .data          0x00017ee0        0x0 c:/altera/12.1sp1/nios2eds/bin/gnu/h-i686-mingw32/bin/../lib/gcc/nios2-elf/4.1.2/../../../../nios2-elf/lib\libc.a(lib_a-s_isinfd.o)
 .data          0x00017ee0        0x0 c:/altera/12.1sp1/nios2eds/bin/gnu/h-i686-mingw32/bin/../lib/gcc/nios2-elf/4.1.2/../../../../nios2-elf/lib\libc.a(lib_a-s_isnand.o)
 .data          0x00017ee0        0x0 c:/altera/12.1sp1/nios2eds/bin/gnu/h-i686-mingw32/bin/../lib/gcc/nios2-elf/4.1.2/../../../../nios2-elf/lib\libc.a(lib_a-sbrkr.o)
 .data          0x00017ee0        0x0 c:/altera/12.1sp1/nios2eds/bin/gnu/h-i686-mingw32/bin/../lib/gcc/nios2-elf/4.1.2/../../../../nios2-elf/lib\libc.a(lib_a-stdio.o)
 .data          0x00017ee0        0x0 c:/altera/12.1sp1/nios2eds/bin/gnu/h-i686-mingw32/bin/../lib/gcc/nios2-elf/4.1.2/../../../../nios2-elf/lib\libc.a(lib_a-strcmp.o)
 .data          0x00017ee0        0x0 c:/altera/12.1sp1/nios2eds/bin/gnu/h-i686-mingw32/bin/../lib/gcc/nios2-elf/4.1.2/../../../../nios2-elf/lib\libc.a(lib_a-strlen.o)
 .data          0x00017ee0        0x0 c:/altera/12.1sp1/nios2eds/bin/gnu/h-i686-mingw32/bin/../lib/gcc/nios2-elf/4.1.2/../../../../nios2-elf/lib\libc.a(lib_a-writer.o)
 .data          0x00017ee0        0x0 c:/altera/12.1sp1/nios2eds/bin/gnu/h-i686-mingw32/bin/../lib/gcc/nios2-elf/4.1.2/../../../../nios2-elf/lib\libc.a(lib_a-callocr.o)
 .data          0x00017ee0        0x0 c:/altera/12.1sp1/nios2eds/bin/gnu/h-i686-mingw32/bin/../lib/gcc/nios2-elf/4.1.2/../../../../nios2-elf/lib\libc.a(lib_a-closer.o)
 .data          0x00017ee0        0x0 c:/altera/12.1sp1/nios2eds/bin/gnu/h-i686-mingw32/bin/../lib/gcc/nios2-elf/4.1.2/../../../../nios2-elf/lib\libc.a(lib_a-fclose.o)
 .data          0x00017ee0        0x0 c:/altera/12.1sp1/nios2eds/bin/gnu/h-i686-mingw32/bin/../lib/gcc/nios2-elf/4.1.2/../../../../nios2-elf/lib\libc.a(lib_a-fstatr.o)
 .data          0x00017ee0        0x0 c:/altera/12.1sp1/nios2eds/bin/gnu/h-i686-mingw32/bin/../lib/gcc/nios2-elf/4.1.2/../../../../nios2-elf/lib\libc.a(lib_a-int_errno.o)
 .data          0x00017ee0        0x0 c:/altera/12.1sp1/nios2eds/bin/gnu/h-i686-mingw32/bin/../lib/gcc/nios2-elf/4.1.2/../../../../nios2-elf/lib\libc.a(lib_a-isattyr.o)
 .data          0x00017ee0        0x0 c:/altera/12.1sp1/nios2eds/bin/gnu/h-i686-mingw32/bin/../lib/gcc/nios2-elf/4.1.2/../../../../nios2-elf/lib\libc.a(lib_a-lseekr.o)
 .data          0x00017ee0        0x0 c:/altera/12.1sp1/nios2eds/bin/gnu/h-i686-mingw32/bin/../lib/gcc/nios2-elf/4.1.2/../../../../nios2-elf/lib\libc.a(lib_a-readr.o)
 .data          0x00017ee0        0x0 c:/altera/12.1sp1/nios2eds/bin/gnu/h-i686-mingw32/bin/../lib/gcc/nios2-elf/4.1.2\libgcc.a(_udivdi3.o)
 .data          0x00017ee0        0x0 c:/altera/12.1sp1/nios2eds/bin/gnu/h-i686-mingw32/bin/../lib/gcc/nios2-elf/4.1.2\libgcc.a(_umoddi3.o)
 .data          0x00017ee0        0x0 c:/altera/12.1sp1/nios2eds/bin/gnu/h-i686-mingw32/bin/../lib/gcc/nios2-elf/4.1.2\libgcc.a(_mul_df.o)
 .data          0x00017ee0        0x0 c:/altera/12.1sp1/nios2eds/bin/gnu/h-i686-mingw32/bin/../lib/gcc/nios2-elf/4.1.2\libgcc.a(_div_df.o)
 .data          0x00017ee0        0x0 c:/altera/12.1sp1/nios2eds/bin/gnu/h-i686-mingw32/bin/../lib/gcc/nios2-elf/4.1.2\libgcc.a(_eq_df.o)
 .data          0x00017ee0        0x0 c:/altera/12.1sp1/nios2eds/bin/gnu/h-i686-mingw32/bin/../lib/gcc/nios2-elf/4.1.2\libgcc.a(_ne_df.o)
 .data          0x00017ee0        0x0 c:/altera/12.1sp1/nios2eds/bin/gnu/h-i686-mingw32/bin/../lib/gcc/nios2-elf/4.1.2\libgcc.a(_gt_df.o)
 .data          0x00017ee0        0x0 c:/altera/12.1sp1/nios2eds/bin/gnu/h-i686-mingw32/bin/../lib/gcc/nios2-elf/4.1.2\libgcc.a(_ge_df.o)
 .data          0x00017ee0        0x0 c:/altera/12.1sp1/nios2eds/bin/gnu/h-i686-mingw32/bin/../lib/gcc/nios2-elf/4.1.2\libgcc.a(_lt_df.o)
 .data          0x00017ee0        0x0 c:/altera/12.1sp1/nios2eds/bin/gnu/h-i686-mingw32/bin/../lib/gcc/nios2-elf/4.1.2\libgcc.a(_si_to_df.o)
 .data          0x00017ee0        0x0 c:/altera/12.1sp1/nios2eds/bin/gnu/h-i686-mingw32/bin/../lib/gcc/nios2-elf/4.1.2\libgcc.a(_df_to_si.o)
 .data          0x00017ee0        0x0 c:/altera/12.1sp1/nios2eds/bin/gnu/h-i686-mingw32/bin/../lib/gcc/nios2-elf/4.1.2\libgcc.a(_usi_to_df.o)
 .data          0x00017ee0        0x0 c:/altera/12.1sp1/nios2eds/bin/gnu/h-i686-mingw32/bin/../lib/gcc/nios2-elf/4.1.2\libgcc.a(lib2-divmod.o)
 .data          0x00017ee0        0x0 c:/altera/12.1sp1/nios2eds/bin/gnu/h-i686-mingw32/bin/../lib/gcc/nios2-elf/4.1.2\libgcc.a(_fpcmp_parts_df.o)
 .data          0x00017ee0        0x0 ../Framework_bsp/\libucosii_bsp.a(alt_close.o)
 .data          0x00017ee0      0x1a8 ../Framework_bsp/\libucosii_bsp.a(alt_dev.o)
                0x00017ee0                alt_dev_null
                0x00017f08                alt_fd_list
 .data          0x00018088        0x0 ../Framework_bsp/\libucosii_bsp.a(alt_errno.o)
 .data          0x00018088        0x0 ../Framework_bsp/\libucosii_bsp.a(alt_fstat.o)
 .data          0x00018088        0x0 ../Framework_bsp/\libucosii_bsp.a(alt_isatty.o)
 .data          0x00018088        0x0 ../Framework_bsp/\libucosii_bsp.a(alt_load.o)
 .data          0x00018088        0x0 ../Framework_bsp/\libucosii_bsp.a(alt_lseek.o)
 .data          0x00018088        0x0 ../Framework_bsp/\libucosii_bsp.a(alt_main.o)
 .data          0x00018088        0x0 ../Framework_bsp/\libucosii_bsp.a(alt_read.o)
 .data          0x00018088        0x0 ../Framework_bsp/\libucosii_bsp.a(alt_release_fd.o)
 .data          0x00018088        0x0 ../Framework_bsp/\libucosii_bsp.a(alt_sbrk.o)
 .data          0x00018088        0x0 ../Framework_bsp/\libucosii_bsp.a(alt_write.o)
 .data          0x00018088        0x0 ../Framework_bsp/\libucosii_bsp.a(alt_env_lock.o)
 .data          0x00018088        0x0 ../Framework_bsp/\libucosii_bsp.a(alt_malloc_lock.o)
 .data          0x00018088        0x0 ../Framework_bsp/\libucosii_bsp.a(os_core.o)
 .data          0x00018088        0x0 ../Framework_bsp/\libucosii_bsp.a(os_dbg.o)
 .data          0x00018088        0x0 ../Framework_bsp/\libucosii_bsp.a(os_flag.o)
 .data          0x00018088        0x0 ../Framework_bsp/\libucosii_bsp.a(os_mem.o)
 .data          0x00018088        0x0 ../Framework_bsp/\libucosii_bsp.a(os_q.o)
 .data          0x00018088        0x0 ../Framework_bsp/\libucosii_bsp.a(os_sem.o)
 .data          0x00018088        0x0 ../Framework_bsp/\libucosii_bsp.a(os_task.o)
 .data          0x00018088        0x0 ../Framework_bsp/\libucosii_bsp.a(os_time.o)
 .data          0x00018088     0x1134 ../Framework_bsp/\libucosii_bsp.a(alt_sys_init.o)
 .data          0x000191bc        0x0 ../Framework_bsp/\libucosii_bsp.a(altera_avalon_epcs_flash_controller.o)
 .data          0x000191bc        0x0 ../Framework_bsp/\libucosii_bsp.a(altera_avalon_jtag_uart_fd.o)
 .data          0x000191bc        0x0 ../Framework_bsp/\libucosii_bsp.a(altera_avalon_jtag_uart_init.o)
 .data          0x000191bc        0x0 ../Framework_bsp/\libucosii_bsp.a(altera_avalon_jtag_uart_ioctl.o)
 .data          0x000191bc        0x0 ../Framework_bsp/\libucosii_bsp.a(altera_avalon_jtag_uart_read.o)
 .data          0x000191bc        0x0 ../Framework_bsp/\libucosii_bsp.a(altera_avalon_jtag_uart_write.o)
 .data          0x000191bc        0x0 ../Framework_bsp/\libucosii_bsp.a(altera_avalon_timer_sc.o)
 .data          0x000191bc        0x0 ../Framework_bsp/\libucosii_bsp.a(epcs_commands.o)
 .data          0x000191bc        0x0 ../Framework_bsp/\libucosii_bsp.a(alt_alarm_start.o)
 .data          0x000191bc        0x0 ../Framework_bsp/\libucosii_bsp.a(alt_dcache_flush_all.o)
 .data          0x000191bc        0x0 ../Framework_bsp/\libucosii_bsp.a(alt_dev_llist_insert.o)
 .data          0x000191bc        0x0 ../Framework_bsp/\libucosii_bsp.a(alt_do_ctors.o)
 .data          0x000191bc        0x0 ../Framework_bsp/\libucosii_bsp.a(alt_do_dtors.o)
 .data          0x000191bc        0x0 ../Framework_bsp/\libucosii_bsp.a(alt_flash_dev.o)
 .data          0x000191bc        0x0 ../Framework_bsp/\libucosii_bsp.a(alt_icache_flush_all.o)
 .data          0x000191bc        0x0 ../Framework_bsp/\libucosii_bsp.a(alt_iic.o)
 .data          0x000191bc        0x0 ../Framework_bsp/\libucosii_bsp.a(alt_iic_isr_register.o)
 .data          0x000191bc        0x0 ../Framework_bsp/\libucosii_bsp.a(alt_io_redirect.o)
 .data          0x000191bc        0x0 ../Framework_bsp/\libucosii_bsp.a(alt_irq_entry.o)
 .data          0x000191bc        0x0 ../Framework_bsp/\libucosii_bsp.a(alt_irq_handler.o)
 .data          0x000191bc        0x0 ../Framework_bsp/\libucosii_bsp.a(alt_irq_vars.o)
 .data          0x000191bc        0x0 ../Framework_bsp/\libucosii_bsp.a(alt_open.o)
 .data          0x000191bc        0x0 ../Framework_bsp/\libucosii_bsp.a(alt_tick.o)
 .data          0x000191bc        0x0 ../Framework_bsp/\libucosii_bsp.a(altera_nios2_irq.o)
 .data          0x000191bc        0x0 ../Framework_bsp/\libucosii_bsp.a(os_cpu_a.o)
 .data          0x000191bc        0x0 ../Framework_bsp/\libucosii_bsp.a(os_cpu_c.o)
 .data          0x000191bc        0x0 ../Framework_bsp/\libucosii_bsp.a(altera_avalon_spi.o)
 .data          0x000191bc        0x0 ../Framework_bsp/\libucosii_bsp.a(alt_exception_entry.o)
 .data          0x000191bc        0x0 ../Framework_bsp/\libucosii_bsp.a(alt_find_dev.o)
 .data          0x000191bc        0x0 ../Framework_bsp/\libucosii_bsp.a(alt_find_file.o)
 .data          0x000191bc        0x0 ../Framework_bsp/\libucosii_bsp.a(alt_get_fd.o)
 .data          0x000191bc        0x0 ../Framework_bsp/\libucosii_bsp.a(alt_icache_flush.o)
 .data          0x000191bc        0x0 c:/altera/12.1sp1/nios2eds/bin/gnu/h-i686-mingw32/bin/../lib/gcc/nios2-elf/4.1.2/../../../../nios2-elf/lib\libc.a(lib_a-atexit.o)
 .data          0x000191bc        0x0 c:/altera/12.1sp1/nios2eds/bin/gnu/h-i686-mingw32/bin/../lib/gcc/nios2-elf/4.1.2/../../../../nios2-elf/lib\libc.a(lib_a-exit.o)
 .data          0x000191bc        0x0 c:/altera/12.1sp1/nios2eds/bin/gnu/h-i686-mingw32/bin/../lib/gcc/nios2-elf/4.1.2/../../../../nios2-elf/lib\libc.a(lib_a-memcmp.o)
 .data          0x000191bc        0x0 c:/altera/12.1sp1/nios2eds/bin/gnu/h-i686-mingw32/bin/../lib/gcc/nios2-elf/4.1.2/../../../../nios2-elf/lib\libc.a(lib_a-__atexit.o)
 .data          0x000191bc        0x0 c:/altera/12.1sp1/nios2eds/bin/gnu/h-i686-mingw32/bin/../lib/gcc/nios2-elf/4.1.2/../../../../nios2-elf/lib\libc.a(lib_a-__call_atexit.o)
 .data          0x000191bc        0x0 ../Framework_bsp/\libucosii_bsp.a(alt_exit.o)
                0x000211bc                _gp = ABSOLUTE ((. + 0x8000))
                0x000211bc                PROVIDE (gp, _gp)
 *(.rwdata .rwdata.*)
 *(.sdata .sdata.* .gnu.linkonce.s.*)
 .sdata         0x000191bc        0x8 c:/altera/12.1sp1/nios2eds/bin/gnu/h-i686-mingw32/bin/../lib/gcc/nios2-elf/4.1.2/../../../../nios2-elf/lib\libc.a(lib_a-impure.o)
                0x000191bc                _impure_ptr
                0x000191c0                _global_impure_ptr
 .sdata         0x000191c4        0x8 c:/altera/12.1sp1/nios2eds/bin/gnu/h-i686-mingw32/bin/../lib/gcc/nios2-elf/4.1.2/../../../../nios2-elf/lib\libc.a(lib_a-locale.o)
                0x000191c4                __mb_cur_max
 .sdata         0x000191cc        0x8 c:/altera/12.1sp1/nios2eds/bin/gnu/h-i686-mingw32/bin/../lib/gcc/nios2-elf/4.1.2/../../../../nios2-elf/lib\libc.a(lib_a-mallocr.o)
                0x000191cc                __malloc_trim_threshold
                0x000191d0                __malloc_sbrk_base
 .sdata         0x000191d4       0x14 ../Framework_bsp/\libucosii_bsp.a(alt_dev.o)
                0x000191d4                alt_fs_list
                0x000191dc                alt_dev_list
                0x000191e4                alt_max_fd
 .sdata         0x000191e8        0x4 ../Framework_bsp/\libucosii_bsp.a(alt_errno.o)
                0x000191e8                alt_errno
 .sdata         0x000191ec        0x4 ../Framework_bsp/\libucosii_bsp.a(alt_sbrk.o)
 .sdata         0x000191f0        0x4 ../Framework_bsp/\libucosii_bsp.a(alt_env_lock.o)
 .sdata         0x000191f4        0x4 ../Framework_bsp/\libucosii_bsp.a(alt_malloc_lock.o)
 .sdata         0x000191f8       0x74 ../Framework_bsp/\libucosii_bsp.a(os_dbg.o)
                0x000191f8                OSDebugEn
                0x000191fc                OSEndiannessTest
                0x00019200                OSEventEn
                0x00019202                OSEventMax
                0x00019204                OSEventNameSize
                0x00019206                OSEventSize
                0x00019208                OSEventTblSize
                0x0001920a                OSEventMultiEn
                0x0001920c                OSFlagEn
                0x0001920e                OSFlagGrpSize
                0x00019210                OSFlagNodeSize
                0x00019212                OSFlagWidth
                0x00019214                OSFlagMax
                0x00019216                OSFlagNameSize
                0x00019218                OSLowestPrio
                0x0001921a                OSMboxEn
                0x0001921c                OSMemEn
                0x0001921e                OSMemMax
                0x00019220                OSMemNameSize
                0x00019222                OSMemSize
                0x00019224                OSMemTblSize
                0x00019226                OSMutexEn
                0x00019228                OSPtrSize
                0x0001922a                OSQEn
                0x0001922c                OSQMax
                0x0001922e                OSQSize
                0x00019230                OSRdyTblSize
                0x00019232                OSSemEn
                0x00019234                OSStkWidth
                0x00019236                OSTaskCreateEn
                0x00019238                OSTaskCreateExtEn
                0x0001923a                OSTaskDelEn
                0x0001923c                OSTaskIdleStkSize
                0x0001923e                OSTaskProfileEn
                0x00019240                OSTaskMax
                0x00019242                OSTaskNameSize
                0x00019244                OSTaskStatEn
                0x00019246                OSTaskStatStkSize
                0x00019248                OSTaskStatStkChkEn
                0x0001924a                OSTaskSwHookEn
                0x0001924c                OSTCBPrioTblMax
                0x0001924e                OSTCBSize
                0x00019250                OSTicksPerSec
                0x00019252                OSTimeTickHookEn
                0x00019254                OSVersionNbr
                0x00019256                OSTmrEn
                0x00019258                OSTmrCfgMax
                0x0001925a                OSTmrCfgNameSize
                0x0001925c                OSTmrCfgWheelSize
                0x0001925e                OSTmrCfgTicksPerSec
                0x00019260                OSTmrSize
                0x00019262                OSTmrTblSize
                0x00019264                OSTmrWheelSize
                0x00019266                OSTmrWheelTblSize
                0x00019268                OSDataSize
 .sdata         0x0001926c        0x8 ../Framework_bsp/\libucosii_bsp.a(alt_flash_dev.o)
                0x0001926c                alt_flash_dev_list
 .sdata         0x00019274        0x4 ../Framework_bsp/\libucosii_bsp.a(alt_irq_vars.o)
                0x00019274                alt_priority_mask
 .sdata         0x00019278        0x8 ../Framework_bsp/\libucosii_bsp.a(alt_tick.o)
                0x00019278                alt_alarm_list
 *(.sdata2 .sdata2.* .gnu.linkonce.s2.*)
                0x00019280                . = ALIGN (0x4)
                0x00019280                _edata = ABSOLUTE (.)
                0x00019280                PROVIDE (edata, ABSOLUTE (.))
                0x00019280                PROVIDE (__ram_rwdata_end, ABSOLUTE (.))
                0x00019280                PROVIDE (__flash_rwdata_start, LOADADDR (.rwdata))

.bss            0x0001ae34     0x35cc
                0x0001ae34                __bss_start = ABSOLUTE (.)
                0x0001ae34                PROVIDE (__sbss_start, ABSOLUTE (.))
                0x0001ae34                PROVIDE (___sbss_start, ABSOLUTE (.))
 *(.dynsbss)
 *(.sbss .sbss.* .gnu.linkonce.sb.*)
 .sbss          0x0001ae34       0x58 obj/default/framework_main.o
                0x0001ae34                pI2CDataAvailable
                0x0001ae38                pRearRightEncRead
                0x0001ae3c                pFrontLeftEncRead
                0x0001ae40                pHc_sr04
                0x0001ae44                pFrontRightDutySet
                0x0001ae48                pRearRightEncSet
                0x0001ae4c                pI2CRegWriteData
                0x0001ae50                pUltraSoundArray
                0x0001ae54                pFrontLeftEncSet
                0x0001ae58                pFrontRightEncRead
                0x0001ae5c                pI2CDataLen
                0x0001ae60                uPwmPeriod
                0x0001ae64                pFrontLeftDutySet
                0x0001ae68                pI2C
                0x0001ae6c                pRearLeftEncSet
                0x0001ae70                pFrontRightEncSet
                0x0001ae74                pRearLeftEncRead
                0x0001ae78                pRearLeftDutySet
                0x0001ae7c                pRearRightDutySet
                0x0001ae80                pwm_enable
                0x0001ae84                pI2CCmd
                0x0001ae88                pI2CReg
 .sbss          0x0001ae8c        0xc c:/altera/12.1sp1/nios2eds/bin/gnu/h-i686-mingw32/bin/../lib/gcc/nios2-elf/4.1.2/../../../../nios2-elf/lib\libc.a(lib_a-locale.o)
                0x0001ae8c                __nlocale_changed
                0x0001ae90                __mlocale_changed
                0x0001ae94                _PathLocale
 .sbss          0x0001ae98        0xc c:/altera/12.1sp1/nios2eds/bin/gnu/h-i686-mingw32/bin/../lib/gcc/nios2-elf/4.1.2/../../../../nios2-elf/lib\libc.a(lib_a-mallocr.o)
                0x0001ae98                __malloc_top_pad
                0x0001ae9c                __malloc_max_sbrked_mem
                0x0001aea0                __malloc_max_total_mem
 .sbss          0x0001aea4        0x4 c:/altera/12.1sp1/nios2eds/bin/gnu/h-i686-mingw32/bin/../lib/gcc/nios2-elf/4.1.2/../../../../nios2-elf/lib\libc.a(lib_a-int_errno.o)
                0x0001aea4                errno
 .sbss          0x0001aea8        0x4 ../Framework_bsp/\libucosii_bsp.a(alt_dev.o)
                0x0001aea8                alt_fd_list_lock
 .sbss          0x0001aeac        0xc ../Framework_bsp/\libucosii_bsp.a(alt_main.o)
                0x0001aeac                alt_argc
                0x0001aeb0                alt_argv
                0x0001aeb4                alt_envp
 .sbss          0x0001aeb8        0x8 ../Framework_bsp/\libucosii_bsp.a(alt_env_lock.o)
                0x0001aebc                alt_envsem
 .sbss          0x0001aec0        0x8 ../Framework_bsp/\libucosii_bsp.a(alt_malloc_lock.o)
                0x0001aec4                alt_heapsem
 .sbss          0x0001aec8       0x50 ../Framework_bsp/\libucosii_bsp.a(os_core.o)
                0x0001aec8                OSLockNesting
                0x0001aec9                OSRunning
                0x0001aecc                OSIdleCtr
                0x0001aed0                OSPrioHighRdy
                0x0001aed1                OSPrioCur
                0x0001aed4                OSTCBList
                0x0001aed8                OSTickStepState
                0x0001aedc                OSCtxSwCtr
                0x0001aee0                OSIdleCtrMax
                0x0001aee4                OSTCBFreeList
                0x0001aee8                OSCPUUsage
                0x0001aee9                OSTaskCtr
                0x0001aeec                OSMemFreeList
                0x0001aef0                OSTCBHighRdy
                0x0001aef4                OSQFreeList
                0x0001aef8                OSRdyGrp
                0x0001aef9                OSRdyTbl
                0x0001aefc                OSEventFreeList
                0x0001af00                OSIntNesting
                0x0001af04                OSTCBCur
                0x0001af08                OSTime
                0x0001af0c                OSFlagFreeList
                0x0001af10                OSStatRdy
                0x0001af14                OSIdleCtrRun
 .sbss          0x0001af18        0x4 ../Framework_bsp/\libucosii_bsp.a(alt_irq_vars.o)
                0x0001af18                alt_irq_active
 .sbss          0x0001af1c        0x8 ../Framework_bsp/\libucosii_bsp.a(alt_tick.o)
                0x0001af1c                _alt_tick_rate
                0x0001af20                _alt_nticks
 *(.sbss2 .sbss2.* .gnu.linkonce.sb2.*)
 *(.scommon)
                0x0001af24                PROVIDE (__sbss_end, ABSOLUTE (.))
                0x0001af24                PROVIDE (___sbss_end, ABSOLUTE (.))
 *(.dynbss)
 *(.bss .bss.* .gnu.linkonce.b.*)
 .bss           0x0001af24        0x0 ../Framework_bsp//obj/HAL/src/crt0.o
 .bss           0x0001af24        0x0 obj/default/framework_main.o
 .bss           0x0001af24        0x0 c:/altera/12.1sp1/nios2eds/bin/gnu/h-i686-mingw32/bin/../lib/gcc/nios2-elf/4.1.2\libgcc.a(_mul_sf.o)
 .bss           0x0001af24        0x0 c:/altera/12.1sp1/nios2eds/bin/gnu/h-i686-mingw32/bin/../lib/gcc/nios2-elf/4.1.2\libgcc.a(_div_sf.o)
 .bss           0x0001af24        0x0 c:/altera/12.1sp1/nios2eds/bin/gnu/h-i686-mingw32/bin/../lib/gcc/nios2-elf/4.1.2\libgcc.a(_si_to_sf.o)
 .bss           0x0001af24        0x0 c:/altera/12.1sp1/nios2eds/bin/gnu/h-i686-mingw32/bin/../lib/gcc/nios2-elf/4.1.2\libgcc.a(_sf_to_df.o)
 .bss           0x0001af24        0x0 c:/altera/12.1sp1/nios2eds/bin/gnu/h-i686-mingw32/bin/../lib/gcc/nios2-elf/4.1.2\libgcc.a(_thenan_sf.o)
 .bss           0x0001af24        0x0 c:/altera/12.1sp1/nios2eds/bin/gnu/h-i686-mingw32/bin/../lib/gcc/nios2-elf/4.1.2\libgcc.a(_usi_to_sf.o)
 .bss           0x0001af24        0x0 c:/altera/12.1sp1/nios2eds/bin/gnu/h-i686-mingw32/bin/../lib/gcc/nios2-elf/4.1.2\libgcc.a(_addsub_df.o)
 .bss           0x0001af24        0x0 c:/altera/12.1sp1/nios2eds/bin/gnu/h-i686-mingw32/bin/../lib/gcc/nios2-elf/4.1.2\libgcc.a(_make_df.o)
 .bss           0x0001af24        0x0 c:/altera/12.1sp1/nios2eds/bin/gnu/h-i686-mingw32/bin/../lib/gcc/nios2-elf/4.1.2\libgcc.a(_thenan_df.o)
 .bss           0x0001af24        0x0 c:/altera/12.1sp1/nios2eds/bin/gnu/h-i686-mingw32/bin/../lib/gcc/nios2-elf/4.1.2\libgcc.a(_muldi3.o)
 .bss           0x0001af24        0x0 c:/altera/12.1sp1/nios2eds/bin/gnu/h-i686-mingw32/bin/../lib/gcc/nios2-elf/4.1.2\libgcc.a(_clzsi2.o)
 .bss           0x0001af24        0x0 c:/altera/12.1sp1/nios2eds/bin/gnu/h-i686-mingw32/bin/../lib/gcc/nios2-elf/4.1.2\libgcc.a(_pack_sf.o)
 .bss           0x0001af24        0x0 c:/altera/12.1sp1/nios2eds/bin/gnu/h-i686-mingw32/bin/../lib/gcc/nios2-elf/4.1.2\libgcc.a(_unpack_sf.o)
 .bss           0x0001af24        0x0 c:/altera/12.1sp1/nios2eds/bin/gnu/h-i686-mingw32/bin/../lib/gcc/nios2-elf/4.1.2\libgcc.a(_pack_df.o)
 .bss           0x0001af24        0x0 c:/altera/12.1sp1/nios2eds/bin/gnu/h-i686-mingw32/bin/../lib/gcc/nios2-elf/4.1.2\libgcc.a(_unpack_df.o)
 .bss           0x0001af24        0x0 c:/altera/12.1sp1/nios2eds/bin/gnu/h-i686-mingw32/bin/../lib/gcc/nios2-elf/4.1.2\libgcc.a(_clz.o)
 .bss           0x0001af24        0x0 c:/altera/12.1sp1/nios2eds/bin/gnu/h-i686-mingw32/bin/../lib/gcc/nios2-elf/4.1.2/../../../../nios2-elf/lib\libc.a(lib_a-printf.o)
 .bss           0x0001af24        0x0 c:/altera/12.1sp1/nios2eds/bin/gnu/h-i686-mingw32/bin/../lib/gcc/nios2-elf/4.1.2/../../../../nios2-elf/lib\libc.a(lib_a-vfprintf.o)
 .bss           0x0001af24        0x0 c:/altera/12.1sp1/nios2eds/bin/gnu/h-i686-mingw32/bin/../lib/gcc/nios2-elf/4.1.2/../../../../nios2-elf/lib\libc.a(lib_a-wsetup.o)
 .bss           0x0001af24        0x0 c:/altera/12.1sp1/nios2eds/bin/gnu/h-i686-mingw32/bin/../lib/gcc/nios2-elf/4.1.2/../../../../nios2-elf/lib\libc.a(lib_a-dtoa.o)
 .bss           0x0001af24        0x0 c:/altera/12.1sp1/nios2eds/bin/gnu/h-i686-mingw32/bin/../lib/gcc/nios2-elf/4.1.2/../../../../nios2-elf/lib\libc.a(lib_a-fflush.o)
 .bss           0x0001af24        0x0 c:/altera/12.1sp1/nios2eds/bin/gnu/h-i686-mingw32/bin/../lib/gcc/nios2-elf/4.1.2/../../../../nios2-elf/lib\libc.a(lib_a-findfp.o)
 .bss           0x0001af24        0x0 c:/altera/12.1sp1/nios2eds/bin/gnu/h-i686-mingw32/bin/../lib/gcc/nios2-elf/4.1.2/../../../../nios2-elf/lib\libc.a(lib_a-freer.o)
 .bss           0x0001af24        0x0 c:/altera/12.1sp1/nios2eds/bin/gnu/h-i686-mingw32/bin/../lib/gcc/nios2-elf/4.1.2/../../../../nios2-elf/lib\libc.a(lib_a-fvwrite.o)
 .bss           0x0001af24        0x0 c:/altera/12.1sp1/nios2eds/bin/gnu/h-i686-mingw32/bin/../lib/gcc/nios2-elf/4.1.2/../../../../nios2-elf/lib\libc.a(lib_a-fwalk.o)
 .bss           0x0001af24        0x0 c:/altera/12.1sp1/nios2eds/bin/gnu/h-i686-mingw32/bin/../lib/gcc/nios2-elf/4.1.2/../../../../nios2-elf/lib\libc.a(lib_a-impure.o)
 .bss           0x0001af24        0x0 c:/altera/12.1sp1/nios2eds/bin/gnu/h-i686-mingw32/bin/../lib/gcc/nios2-elf/4.1.2/../../../../nios2-elf/lib\libc.a(lib_a-locale.o)
 .bss           0x0001af24        0x0 c:/altera/12.1sp1/nios2eds/bin/gnu/h-i686-mingw32/bin/../lib/gcc/nios2-elf/4.1.2/../../../../nios2-elf/lib\libc.a(lib_a-makebuf.o)
 .bss           0x0001af24       0x28 c:/altera/12.1sp1/nios2eds/bin/gnu/h-i686-mingw32/bin/../lib/gcc/nios2-elf/4.1.2/../../../../nios2-elf/lib\libc.a(lib_a-mallocr.o)
                0x0001af24                __malloc_current_mallinfo
 .bss           0x0001af4c        0x0 c:/altera/12.1sp1/nios2eds/bin/gnu/h-i686-mingw32/bin/../lib/gcc/nios2-elf/4.1.2/../../../../nios2-elf/lib\libc.a(lib_a-memchr.o)
 .bss           0x0001af4c        0x0 c:/altera/12.1sp1/nios2eds/bin/gnu/h-i686-mingw32/bin/../lib/gcc/nios2-elf/4.1.2/../../../../nios2-elf/lib\libc.a(lib_a-memcpy.o)
 .bss           0x0001af4c        0x0 c:/altera/12.1sp1/nios2eds/bin/gnu/h-i686-mingw32/bin/../lib/gcc/nios2-elf/4.1.2/../../../../nios2-elf/lib\libc.a(lib_a-memmove.o)
 .bss           0x0001af4c        0x0 c:/altera/12.1sp1/nios2eds/bin/gnu/h-i686-mingw32/bin/../lib/gcc/nios2-elf/4.1.2/../../../../nios2-elf/lib\libc.a(lib_a-memset.o)
 .bss           0x0001af4c        0x0 c:/altera/12.1sp1/nios2eds/bin/gnu/h-i686-mingw32/bin/../lib/gcc/nios2-elf/4.1.2/../../../../nios2-elf/lib\libc.a(lib_a-mprec.o)
 .bss           0x0001af4c        0x0 c:/altera/12.1sp1/nios2eds/bin/gnu/h-i686-mingw32/bin/../lib/gcc/nios2-elf/4.1.2/../../../../nios2-elf/lib\libc.a(lib_a-reallocr.o)
 .bss           0x0001af4c        0x0 c:/altera/12.1sp1/nios2eds/bin/gnu/h-i686-mingw32/bin/../lib/gcc/nios2-elf/4.1.2/../../../../nios2-elf/lib\libc.a(lib_a-s_isinfd.o)
 .bss           0x0001af4c        0x0 c:/altera/12.1sp1/nios2eds/bin/gnu/h-i686-mingw32/bin/../lib/gcc/nios2-elf/4.1.2/../../../../nios2-elf/lib\libc.a(lib_a-s_isnand.o)
 .bss           0x0001af4c        0x0 c:/altera/12.1sp1/nios2eds/bin/gnu/h-i686-mingw32/bin/../lib/gcc/nios2-elf/4.1.2/../../../../nios2-elf/lib\libc.a(lib_a-sbrkr.o)
 .bss           0x0001af4c        0x0 c:/altera/12.1sp1/nios2eds/bin/gnu/h-i686-mingw32/bin/../lib/gcc/nios2-elf/4.1.2/../../../../nios2-elf/lib\libc.a(lib_a-stdio.o)
 .bss           0x0001af4c        0x0 c:/altera/12.1sp1/nios2eds/bin/gnu/h-i686-mingw32/bin/../lib/gcc/nios2-elf/4.1.2/../../../../nios2-elf/lib\libc.a(lib_a-strcmp.o)
 .bss           0x0001af4c        0x0 c:/altera/12.1sp1/nios2eds/bin/gnu/h-i686-mingw32/bin/../lib/gcc/nios2-elf/4.1.2/../../../../nios2-elf/lib\libc.a(lib_a-strlen.o)
 .bss           0x0001af4c        0x0 c:/altera/12.1sp1/nios2eds/bin/gnu/h-i686-mingw32/bin/../lib/gcc/nios2-elf/4.1.2/../../../../nios2-elf/lib\libc.a(lib_a-writer.o)
 .bss           0x0001af4c        0x0 c:/altera/12.1sp1/nios2eds/bin/gnu/h-i686-mingw32/bin/../lib/gcc/nios2-elf/4.1.2/../../../../nios2-elf/lib\libc.a(lib_a-callocr.o)
 .bss           0x0001af4c        0x0 c:/altera/12.1sp1/nios2eds/bin/gnu/h-i686-mingw32/bin/../lib/gcc/nios2-elf/4.1.2/../../../../nios2-elf/lib\libc.a(lib_a-closer.o)
 .bss           0x0001af4c        0x0 c:/altera/12.1sp1/nios2eds/bin/gnu/h-i686-mingw32/bin/../lib/gcc/nios2-elf/4.1.2/../../../../nios2-elf/lib\libc.a(lib_a-fclose.o)
 .bss           0x0001af4c        0x0 c:/altera/12.1sp1/nios2eds/bin/gnu/h-i686-mingw32/bin/../lib/gcc/nios2-elf/4.1.2/../../../../nios2-elf/lib\libc.a(lib_a-fstatr.o)
 .bss           0x0001af4c        0x0 c:/altera/12.1sp1/nios2eds/bin/gnu/h-i686-mingw32/bin/../lib/gcc/nios2-elf/4.1.2/../../../../nios2-elf/lib\libc.a(lib_a-int_errno.o)
 .bss           0x0001af4c        0x0 c:/altera/12.1sp1/nios2eds/bin/gnu/h-i686-mingw32/bin/../lib/gcc/nios2-elf/4.1.2/../../../../nios2-elf/lib\libc.a(lib_a-isattyr.o)
 .bss           0x0001af4c        0x0 c:/altera/12.1sp1/nios2eds/bin/gnu/h-i686-mingw32/bin/../lib/gcc/nios2-elf/4.1.2/../../../../nios2-elf/lib\libc.a(lib_a-lseekr.o)
 .bss           0x0001af4c        0x0 c:/altera/12.1sp1/nios2eds/bin/gnu/h-i686-mingw32/bin/../lib/gcc/nios2-elf/4.1.2/../../../../nios2-elf/lib\libc.a(lib_a-readr.o)
 .bss           0x0001af4c        0x0 c:/altera/12.1sp1/nios2eds/bin/gnu/h-i686-mingw32/bin/../lib/gcc/nios2-elf/4.1.2\libgcc.a(_udivdi3.o)
 .bss           0x0001af4c        0x0 c:/altera/12.1sp1/nios2eds/bin/gnu/h-i686-mingw32/bin/../lib/gcc/nios2-elf/4.1.2\libgcc.a(_umoddi3.o)
 .bss           0x0001af4c        0x0 c:/altera/12.1sp1/nios2eds/bin/gnu/h-i686-mingw32/bin/../lib/gcc/nios2-elf/4.1.2\libgcc.a(_mul_df.o)
 .bss           0x0001af4c        0x0 c:/altera/12.1sp1/nios2eds/bin/gnu/h-i686-mingw32/bin/../lib/gcc/nios2-elf/4.1.2\libgcc.a(_div_df.o)
 .bss           0x0001af4c        0x0 c:/altera/12.1sp1/nios2eds/bin/gnu/h-i686-mingw32/bin/../lib/gcc/nios2-elf/4.1.2\libgcc.a(_eq_df.o)
 .bss           0x0001af4c        0x0 c:/altera/12.1sp1/nios2eds/bin/gnu/h-i686-mingw32/bin/../lib/gcc/nios2-elf/4.1.2\libgcc.a(_ne_df.o)
 .bss           0x0001af4c        0x0 c:/altera/12.1sp1/nios2eds/bin/gnu/h-i686-mingw32/bin/../lib/gcc/nios2-elf/4.1.2\libgcc.a(_gt_df.o)
 .bss           0x0001af4c        0x0 c:/altera/12.1sp1/nios2eds/bin/gnu/h-i686-mingw32/bin/../lib/gcc/nios2-elf/4.1.2\libgcc.a(_ge_df.o)
 .bss           0x0001af4c        0x0 c:/altera/12.1sp1/nios2eds/bin/gnu/h-i686-mingw32/bin/../lib/gcc/nios2-elf/4.1.2\libgcc.a(_lt_df.o)
 .bss           0x0001af4c        0x0 c:/altera/12.1sp1/nios2eds/bin/gnu/h-i686-mingw32/bin/../lib/gcc/nios2-elf/4.1.2\libgcc.a(_si_to_df.o)
 .bss           0x0001af4c        0x0 c:/altera/12.1sp1/nios2eds/bin/gnu/h-i686-mingw32/bin/../lib/gcc/nios2-elf/4.1.2\libgcc.a(_df_to_si.o)
 .bss           0x0001af4c        0x0 c:/altera/12.1sp1/nios2eds/bin/gnu/h-i686-mingw32/bin/../lib/gcc/nios2-elf/4.1.2\libgcc.a(_usi_to_df.o)
 .bss           0x0001af4c        0x0 c:/altera/12.1sp1/nios2eds/bin/gnu/h-i686-mingw32/bin/../lib/gcc/nios2-elf/4.1.2\libgcc.a(lib2-divmod.o)
 .bss           0x0001af4c        0x0 c:/altera/12.1sp1/nios2eds/bin/gnu/h-i686-mingw32/bin/../lib/gcc/nios2-elf/4.1.2\libgcc.a(_fpcmp_parts_df.o)
 .bss           0x0001af4c        0x0 ../Framework_bsp/\libucosii_bsp.a(alt_close.o)
 .bss           0x0001af4c        0x0 ../Framework_bsp/\libucosii_bsp.a(alt_dev.o)
 .bss           0x0001af4c        0x0 ../Framework_bsp/\libucosii_bsp.a(alt_errno.o)
 .bss           0x0001af4c        0x0 ../Framework_bsp/\libucosii_bsp.a(alt_fstat.o)
 .bss           0x0001af4c        0x0 ../Framework_bsp/\libucosii_bsp.a(alt_isatty.o)
 .bss           0x0001af4c        0x0 ../Framework_bsp/\libucosii_bsp.a(alt_load.o)
 .bss           0x0001af4c        0x0 ../Framework_bsp/\libucosii_bsp.a(alt_lseek.o)
 .bss           0x0001af4c        0x0 ../Framework_bsp/\libucosii_bsp.a(alt_main.o)
 .bss           0x0001af4c        0x0 ../Framework_bsp/\libucosii_bsp.a(alt_read.o)
 .bss           0x0001af4c        0x0 ../Framework_bsp/\libucosii_bsp.a(alt_release_fd.o)
 .bss           0x0001af4c        0x0 ../Framework_bsp/\libucosii_bsp.a(alt_sbrk.o)
 .bss           0x0001af4c        0x0 ../Framework_bsp/\libucosii_bsp.a(alt_write.o)
 .bss           0x0001af4c        0x0 ../Framework_bsp/\libucosii_bsp.a(alt_env_lock.o)
 .bss           0x0001af4c        0x0 ../Framework_bsp/\libucosii_bsp.a(alt_malloc_lock.o)
 .bss           0x0001af4c        0x0 ../Framework_bsp/\libucosii_bsp.a(os_core.o)
 .bss           0x0001af4c        0x0 ../Framework_bsp/\libucosii_bsp.a(os_dbg.o)
 .bss           0x0001af4c        0x0 ../Framework_bsp/\libucosii_bsp.a(os_flag.o)
 .bss           0x0001af4c        0x0 ../Framework_bsp/\libucosii_bsp.a(os_mem.o)
 .bss           0x0001af4c        0x0 ../Framework_bsp/\libucosii_bsp.a(os_q.o)
 .bss           0x0001af4c        0x0 ../Framework_bsp/\libucosii_bsp.a(os_sem.o)
 .bss           0x0001af4c        0x0 ../Framework_bsp/\libucosii_bsp.a(os_task.o)
 .bss           0x0001af4c        0x0 ../Framework_bsp/\libucosii_bsp.a(os_time.o)
 .bss           0x0001af4c        0x0 ../Framework_bsp/\libucosii_bsp.a(alt_sys_init.o)
 .bss           0x0001af4c        0x0 ../Framework_bsp/\libucosii_bsp.a(altera_avalon_epcs_flash_controller.o)
 .bss           0x0001af4c        0x0 ../Framework_bsp/\libucosii_bsp.a(altera_avalon_jtag_uart_fd.o)
 .bss           0x0001af4c        0x0 ../Framework_bsp/\libucosii_bsp.a(altera_avalon_jtag_uart_init.o)
 .bss           0x0001af4c        0x0 ../Framework_bsp/\libucosii_bsp.a(altera_avalon_jtag_uart_ioctl.o)
 .bss           0x0001af4c        0x0 ../Framework_bsp/\libucosii_bsp.a(altera_avalon_jtag_uart_read.o)
 .bss           0x0001af4c        0x0 ../Framework_bsp/\libucosii_bsp.a(altera_avalon_jtag_uart_write.o)
 .bss           0x0001af4c        0x0 ../Framework_bsp/\libucosii_bsp.a(altera_avalon_timer_sc.o)
 .bss           0x0001af4c        0x0 ../Framework_bsp/\libucosii_bsp.a(epcs_commands.o)
 .bss           0x0001af4c        0x0 ../Framework_bsp/\libucosii_bsp.a(alt_alarm_start.o)
 .bss           0x0001af4c        0x0 ../Framework_bsp/\libucosii_bsp.a(alt_dcache_flush_all.o)
 .bss           0x0001af4c        0x0 ../Framework_bsp/\libucosii_bsp.a(alt_dev_llist_insert.o)
 .bss           0x0001af4c        0x0 ../Framework_bsp/\libucosii_bsp.a(alt_do_ctors.o)
 .bss           0x0001af4c        0x0 ../Framework_bsp/\libucosii_bsp.a(alt_do_dtors.o)
 .bss           0x0001af4c        0x0 ../Framework_bsp/\libucosii_bsp.a(alt_flash_dev.o)
 .bss           0x0001af4c        0x0 ../Framework_bsp/\libucosii_bsp.a(alt_icache_flush_all.o)
 .bss           0x0001af4c        0x0 ../Framework_bsp/\libucosii_bsp.a(alt_iic.o)
 .bss           0x0001af4c        0x0 ../Framework_bsp/\libucosii_bsp.a(alt_iic_isr_register.o)
 .bss           0x0001af4c        0x0 ../Framework_bsp/\libucosii_bsp.a(alt_io_redirect.o)
 .bss           0x0001af4c        0x0 ../Framework_bsp/\libucosii_bsp.a(alt_irq_entry.o)
 .bss           0x0001af4c        0x0 ../Framework_bsp/\libucosii_bsp.a(alt_irq_handler.o)
 .bss           0x0001af4c        0x0 ../Framework_bsp/\libucosii_bsp.a(alt_irq_vars.o)
 .bss           0x0001af4c        0x0 ../Framework_bsp/\libucosii_bsp.a(alt_open.o)
 .bss           0x0001af4c        0x0 ../Framework_bsp/\libucosii_bsp.a(alt_tick.o)
 .bss           0x0001af4c        0x0 ../Framework_bsp/\libucosii_bsp.a(altera_nios2_irq.o)
 .bss           0x0001af4c        0x0 ../Framework_bsp/\libucosii_bsp.a(os_cpu_a.o)
 .bss           0x0001af4c        0x0 ../Framework_bsp/\libucosii_bsp.a(os_cpu_c.o)
 .bss           0x0001af4c        0x0 ../Framework_bsp/\libucosii_bsp.a(altera_avalon_spi.o)
 .bss           0x0001af4c        0x0 ../Framework_bsp/\libucosii_bsp.a(alt_exception_entry.o)
 .bss           0x0001af4c        0x0 ../Framework_bsp/\libucosii_bsp.a(alt_find_dev.o)
 .bss           0x0001af4c        0x0 ../Framework_bsp/\libucosii_bsp.a(alt_find_file.o)
 .bss           0x0001af4c        0x0 ../Framework_bsp/\libucosii_bsp.a(alt_get_fd.o)
 .bss           0x0001af4c        0x0 ../Framework_bsp/\libucosii_bsp.a(alt_icache_flush.o)
 .bss           0x0001af4c        0x0 c:/altera/12.1sp1/nios2eds/bin/gnu/h-i686-mingw32/bin/../lib/gcc/nios2-elf/4.1.2/../../../../nios2-elf/lib\libc.a(lib_a-atexit.o)
 .bss           0x0001af4c        0x0 c:/altera/12.1sp1/nios2eds/bin/gnu/h-i686-mingw32/bin/../lib/gcc/nios2-elf/4.1.2/../../../../nios2-elf/lib\libc.a(lib_a-exit.o)
 .bss           0x0001af4c        0x0 c:/altera/12.1sp1/nios2eds/bin/gnu/h-i686-mingw32/bin/../lib/gcc/nios2-elf/4.1.2/../../../../nios2-elf/lib\libc.a(lib_a-memcmp.o)
 .bss           0x0001af4c        0x0 c:/altera/12.1sp1/nios2eds/bin/gnu/h-i686-mingw32/bin/../lib/gcc/nios2-elf/4.1.2/../../../../nios2-elf/lib\libc.a(lib_a-__atexit.o)
 .bss           0x0001af4c        0x0 c:/altera/12.1sp1/nios2eds/bin/gnu/h-i686-mingw32/bin/../lib/gcc/nios2-elf/4.1.2/../../../../nios2-elf/lib\libc.a(lib_a-__call_atexit.o)
 .bss           0x0001af4c        0x0 ../Framework_bsp/\libucosii_bsp.a(alt_exit.o)
 *(COMMON)
 COMMON         0x0001af4c     0x3224 ../Framework_bsp/\libucosii_bsp.a(os_core.o)
                0x0001af4c                OSFlagTbl
                0x0001b2bc                OSMemTbl
                0x0001beec                OSTaskStatStk
                0x0001c6ec                OSQTbl
                0x0001c8cc                OSTaskIdleStk
                0x0001d0cc                OSEventTbl
                0x0001dc0c                OSTCBTbl
                0x0001e11c                OSTCBPrioTbl
 COMMON         0x0001e170      0x100 ../Framework_bsp/\libucosii_bsp.a(alt_irq_handler.o)
                0x0001e170                alt_irq
 COMMON         0x0001e270      0x190 c:/altera/12.1sp1/nios2eds/bin/gnu/h-i686-mingw32/bin/../lib/gcc/nios2-elf/4.1.2/../../../../nios2-elf/lib\libc.a(lib_a-atexit.o)
                0x0001e270                _atexit0
                0x0001e400                . = ALIGN (0x4)
                0x0001e400                __bss_end = ABSOLUTE (.)

.sdram          0x0001e400        0x0
                0x0001e400                PROVIDE (_alt_partition_sdram_start, ABSOLUTE (.))
 *(.sdram. sdram.*)
                0x0001e400                . = ALIGN (0x4)
                0x0001e400                PROVIDE (_alt_partition_sdram_end, ABSOLUTE (.))
                0x0001e400                _end = ABSOLUTE (.)
                0x0001e400                end = ABSOLUTE (.)
                0x0001e400                __alt_stack_base = ABSOLUTE (.)
                0x0001e400                PROVIDE (_alt_partition_sdram_load_addr, LOADADDR (.sdram))

.epcs           0x02000000        0x0 load address 0x0001e400
                0x02000000                PROVIDE (_alt_partition_epcs_start, ABSOLUTE (.))
 *(.epcs. epcs.*)
                0x02000000                . = ALIGN (0x4)
                0x02000000                PROVIDE (_alt_partition_epcs_end, ABSOLUTE (.))
                0x0001e400                PROVIDE (_alt_partition_epcs_load_addr, LOADADDR (.epcs))

.manuer_queue   0x02004000        0x0 load address 0x0001e400
                0x02004000                PROVIDE (_alt_partition_manuer_queue_start, ABSOLUTE (.))
 *(.manuer_queue. manuer_queue.*)
                0x02004000                . = ALIGN (0x4)
                0x02004000                PROVIDE (_alt_partition_manuer_queue_end, ABSOLUTE (.))
                0x0001e400                PROVIDE (_alt_partition_manuer_queue_load_addr, LOADADDR (.manuer_queue))

.state_cmd_memory
                0x02005000        0x0 load address 0x0001e400
                0x02005000                PROVIDE (_alt_partition_state_cmd_memory_start, ABSOLUTE (.))
 *(.state_cmd_memory. state_cmd_memory.*)
                0x02005000                . = ALIGN (0x4)
                0x02005000                PROVIDE (_alt_partition_state_cmd_memory_end, ABSOLUTE (.))
                0x0001e400                PROVIDE (_alt_partition_state_cmd_memory_load_addr, LOADADDR (.state_cmd_memory))

.stab
 *(.stab)

.stabstr
 *(.stabstr)

.stab.excl
 *(.stab.excl)

.stab.exclstr
 *(.stab.exclstr)

.stab.index
 *(.stab.index)

.stab.indexstr
 *(.stab.indexstr)

.comment        0x00000000       0x26
 *(.comment)
 .comment       0x00000000       0x26 obj/default/framework_main.o
                                 0x27 (size before relaxing)
 .comment       0x00000000       0x27 c:/altera/12.1sp1/nios2eds/bin/gnu/h-i686-mingw32/bin/../lib/gcc/nios2-elf/4.1.2\libgcc.a(_mul_sf.o)
 .comment       0x00000000       0x27 c:/altera/12.1sp1/nios2eds/bin/gnu/h-i686-mingw32/bin/../lib/gcc/nios2-elf/4.1.2\libgcc.a(_div_sf.o)
 .comment       0x00000000       0x27 c:/altera/12.1sp1/nios2eds/bin/gnu/h-i686-mingw32/bin/../lib/gcc/nios2-elf/4.1.2\libgcc.a(_si_to_sf.o)
 .comment       0x00000000       0x27 c:/altera/12.1sp1/nios2eds/bin/gnu/h-i686-mingw32/bin/../lib/gcc/nios2-elf/4.1.2\libgcc.a(_sf_to_df.o)
 .comment       0x00000000       0x27 c:/altera/12.1sp1/nios2eds/bin/gnu/h-i686-mingw32/bin/../lib/gcc/nios2-elf/4.1.2\libgcc.a(_thenan_sf.o)
 .comment       0x00000000       0x27 c:/altera/12.1sp1/nios2eds/bin/gnu/h-i686-mingw32/bin/../lib/gcc/nios2-elf/4.1.2\libgcc.a(_usi_to_sf.o)
 .comment       0x00000000       0x27 c:/altera/12.1sp1/nios2eds/bin/gnu/h-i686-mingw32/bin/../lib/gcc/nios2-elf/4.1.2\libgcc.a(_addsub_df.o)
 .comment       0x00000000       0x27 c:/altera/12.1sp1/nios2eds/bin/gnu/h-i686-mingw32/bin/../lib/gcc/nios2-elf/4.1.2\libgcc.a(_make_df.o)
 .comment       0x00000000       0x27 c:/altera/12.1sp1/nios2eds/bin/gnu/h-i686-mingw32/bin/../lib/gcc/nios2-elf/4.1.2\libgcc.a(_thenan_df.o)
 .comment       0x00000000       0x27 c:/altera/12.1sp1/nios2eds/bin/gnu/h-i686-mingw32/bin/../lib/gcc/nios2-elf/4.1.2\libgcc.a(_muldi3.o)
 .comment       0x00000000       0x27 c:/altera/12.1sp1/nios2eds/bin/gnu/h-i686-mingw32/bin/../lib/gcc/nios2-elf/4.1.2\libgcc.a(_clzsi2.o)
 .comment       0x00000000       0x27 c:/altera/12.1sp1/nios2eds/bin/gnu/h-i686-mingw32/bin/../lib/gcc/nios2-elf/4.1.2\libgcc.a(_pack_sf.o)
 .comment       0x00000000       0x27 c:/altera/12.1sp1/nios2eds/bin/gnu/h-i686-mingw32/bin/../lib/gcc/nios2-elf/4.1.2\libgcc.a(_unpack_sf.o)
 .comment       0x00000000       0x27 c:/altera/12.1sp1/nios2eds/bin/gnu/h-i686-mingw32/bin/../lib/gcc/nios2-elf/4.1.2\libgcc.a(_pack_df.o)
 .comment       0x00000000       0x27 c:/altera/12.1sp1/nios2eds/bin/gnu/h-i686-mingw32/bin/../lib/gcc/nios2-elf/4.1.2\libgcc.a(_unpack_df.o)
 .comment       0x00000000       0x27 c:/altera/12.1sp1/nios2eds/bin/gnu/h-i686-mingw32/bin/../lib/gcc/nios2-elf/4.1.2\libgcc.a(_clz.o)
 .comment       0x00000000       0x27 c:/altera/12.1sp1/nios2eds/bin/gnu/h-i686-mingw32/bin/../lib/gcc/nios2-elf/4.1.2/../../../../nios2-elf/lib\libc.a(lib_a-printf.o)
 .comment       0x00000000       0x27 c:/altera/12.1sp1/nios2eds/bin/gnu/h-i686-mingw32/bin/../lib/gcc/nios2-elf/4.1.2/../../../../nios2-elf/lib\libc.a(lib_a-vfprintf.o)
 .comment       0x00000000       0x27 c:/altera/12.1sp1/nios2eds/bin/gnu/h-i686-mingw32/bin/../lib/gcc/nios2-elf/4.1.2/../../../../nios2-elf/lib\libc.a(lib_a-wsetup.o)
 .comment       0x00000000       0x27 c:/altera/12.1sp1/nios2eds/bin/gnu/h-i686-mingw32/bin/../lib/gcc/nios2-elf/4.1.2/../../../../nios2-elf/lib\libc.a(lib_a-dtoa.o)
 .comment       0x00000000       0x27 c:/altera/12.1sp1/nios2eds/bin/gnu/h-i686-mingw32/bin/../lib/gcc/nios2-elf/4.1.2/../../../../nios2-elf/lib\libc.a(lib_a-fflush.o)
 .comment       0x00000000       0x27 c:/altera/12.1sp1/nios2eds/bin/gnu/h-i686-mingw32/bin/../lib/gcc/nios2-elf/4.1.2/../../../../nios2-elf/lib\libc.a(lib_a-findfp.o)
 .comment       0x00000000       0x27 c:/altera/12.1sp1/nios2eds/bin/gnu/h-i686-mingw32/bin/../lib/gcc/nios2-elf/4.1.2/../../../../nios2-elf/lib\libc.a(lib_a-freer.o)
 .comment       0x00000000       0x27 c:/altera/12.1sp1/nios2eds/bin/gnu/h-i686-mingw32/bin/../lib/gcc/nios2-elf/4.1.2/../../../../nios2-elf/lib\libc.a(lib_a-fvwrite.o)
 .comment       0x00000000       0x27 c:/altera/12.1sp1/nios2eds/bin/gnu/h-i686-mingw32/bin/../lib/gcc/nios2-elf/4.1.2/../../../../nios2-elf/lib\libc.a(lib_a-fwalk.o)
 .comment       0x00000000       0x27 c:/altera/12.1sp1/nios2eds/bin/gnu/h-i686-mingw32/bin/../lib/gcc/nios2-elf/4.1.2/../../../../nios2-elf/lib\libc.a(lib_a-impure.o)
 .comment       0x00000000       0x27 c:/altera/12.1sp1/nios2eds/bin/gnu/h-i686-mingw32/bin/../lib/gcc/nios2-elf/4.1.2/../../../../nios2-elf/lib\libc.a(lib_a-locale.o)
 .comment       0x00000000       0x27 c:/altera/12.1sp1/nios2eds/bin/gnu/h-i686-mingw32/bin/../lib/gcc/nios2-elf/4.1.2/../../../../nios2-elf/lib\libc.a(lib_a-makebuf.o)
 .comment       0x00000000       0x27 c:/altera/12.1sp1/nios2eds/bin/gnu/h-i686-mingw32/bin/../lib/gcc/nios2-elf/4.1.2/../../../../nios2-elf/lib\libc.a(lib_a-mallocr.o)
 .comment       0x00000000       0x27 c:/altera/12.1sp1/nios2eds/bin/gnu/h-i686-mingw32/bin/../lib/gcc/nios2-elf/4.1.2/../../../../nios2-elf/lib\libc.a(lib_a-memchr.o)
 .comment       0x00000000       0x27 c:/altera/12.1sp1/nios2eds/bin/gnu/h-i686-mingw32/bin/../lib/gcc/nios2-elf/4.1.2/../../../../nios2-elf/lib\libc.a(lib_a-memcpy.o)
 .comment       0x00000000       0x27 c:/altera/12.1sp1/nios2eds/bin/gnu/h-i686-mingw32/bin/../lib/gcc/nios2-elf/4.1.2/../../../../nios2-elf/lib\libc.a(lib_a-memmove.o)
 .comment       0x00000000       0x27 c:/altera/12.1sp1/nios2eds/bin/gnu/h-i686-mingw32/bin/../lib/gcc/nios2-elf/4.1.2/../../../../nios2-elf/lib\libc.a(lib_a-memset.o)
 .comment       0x00000000       0x27 c:/altera/12.1sp1/nios2eds/bin/gnu/h-i686-mingw32/bin/../lib/gcc/nios2-elf/4.1.2/../../../../nios2-elf/lib\libc.a(lib_a-mprec.o)
 .comment       0x00000000       0x27 c:/altera/12.1sp1/nios2eds/bin/gnu/h-i686-mingw32/bin/../lib/gcc/nios2-elf/4.1.2/../../../../nios2-elf/lib\libc.a(lib_a-reallocr.o)
 .comment       0x00000000       0x27 c:/altera/12.1sp1/nios2eds/bin/gnu/h-i686-mingw32/bin/../lib/gcc/nios2-elf/4.1.2/../../../../nios2-elf/lib\libc.a(lib_a-s_isinfd.o)
 .comment       0x00000000       0x27 c:/altera/12.1sp1/nios2eds/bin/gnu/h-i686-mingw32/bin/../lib/gcc/nios2-elf/4.1.2/../../../../nios2-elf/lib\libc.a(lib_a-s_isnand.o)
 .comment       0x00000000       0x27 c:/altera/12.1sp1/nios2eds/bin/gnu/h-i686-mingw32/bin/../lib/gcc/nios2-elf/4.1.2/../../../../nios2-elf/lib\libc.a(lib_a-sbrkr.o)
 .comment       0x00000000       0x27 c:/altera/12.1sp1/nios2eds/bin/gnu/h-i686-mingw32/bin/../lib/gcc/nios2-elf/4.1.2/../../../../nios2-elf/lib\libc.a(lib_a-stdio.o)
 .comment       0x00000000       0x27 c:/altera/12.1sp1/nios2eds/bin/gnu/h-i686-mingw32/bin/../lib/gcc/nios2-elf/4.1.2/../../../../nios2-elf/lib\libc.a(lib_a-strcmp.o)
 .comment       0x00000000       0x27 c:/altera/12.1sp1/nios2eds/bin/gnu/h-i686-mingw32/bin/../lib/gcc/nios2-elf/4.1.2/../../../../nios2-elf/lib\libc.a(lib_a-strlen.o)
 .comment       0x00000000       0x27 c:/altera/12.1sp1/nios2eds/bin/gnu/h-i686-mingw32/bin/../lib/gcc/nios2-elf/4.1.2/../../../../nios2-elf/lib\libc.a(lib_a-writer.o)